data/chicken_eggs.csv
AveragePrice,С2,С3,type,year,region,С1,Total Volume,Date
3.96,27350.9,297.9,диетическое,2020,Брянская область,292097,386100,2020-12-27 00:00:00
4.32,20702.5,103.06,диетическое,2020,Брянская область,251774,331378,2020-12-20 00:00:00
3.84,31019.1,275.8,диетическое,2020,Брянская область,324932,417772,2020-12-13 00:00:00
4.28,23740.8,181.92,диетическое,2020,Брянская область,283024,357637,2020-12-06 00:00:00
3.96,28889.6,307.83,диетическое,2020,Брянская область,250289,333281,2020-11-29 00:00:00
4.0,29732.3,501.16,диетическое,2020,Брянская область,269799,356415,2020-11-22 00:00:00
4.52,28442.5,455.97,диетическое,2020,Брянская область,263916,339861,2020-11-15 00:00:00
4.48,34483.3,488.24,диетическое,2020,Брянская область,250441,334042,2020-11-08 00:00:00
3.96,62980.1,252.79,диетическое,2020,Брянская область,290458,419089,2020-11-01 00:00:00
4.36,64608,304.36,диетическое,2020,Брянская область,236814,358478,2020-10-25 00:00:00
4.36,59731.8,291.22,диетическое,2020,Брянская область,228710,349072,2020-10-18 00:00:00
3.8,91047.3,599.71,диетическое,2020,Брянская область,255933,433874,2020-10-11 00:00:00
3.84,92780.3,644.43,диетическое,2020,Брянская область,265797,418682,2020-10-04 00:00:00
4.28,61870.6,680.8,диетическое,2020,Брянская область,262107,370321,2020-09-27 00:00:00
3.72,82762.7,1349.41,диетическое,2020,Брянская область,346119,516433,2020-09-20 00:00:00
4.28,62486,714.93,диетическое,2020,Брянская область,278048,417232,2020-09-13 00:00:00
3.88,73675.9,911.25,диетическое,2020,Брянская область,303113,472137,2020-09-06 00:00:00
4.6,44839.1,1034.09,диетическое,2020,Брянская область,275818,382973,2020-08-30 00:00:00
4.48,46223.7,950.09,диетическое,2020,Брянская область,274462,379054,2020-08-23 00:00:00
4.36,41992.4,1424.96,диетическое,2020,Брянская область,362580,465214,2020-08-16 00:00:00
4.04,47040.1,4251.74,диетическое,2020,Брянская область,385028,503792,2020-08-09 00:00:00
4.6,41906.8,3515.48,диетическое,2020,Брянская область,306588,405898,2020-08-02 00:00:00
4.32,44087.1,708,диетическое,2020,Брянская область,335372,437378,2020-07-26 00:00:00
3.88,47838.4,1982.03,диетическое,2020,Брянская область,446100,557213,2020-07-19 00:00:00
4.56,37953.2,867.46,диетическое,2020,Брянская область,310080,407205,2020-07-12 00:00:00
4.04,54675.4,848.55,диетическое,2020,Брянская область,436378,562462,2020-07-05 00:00:00
4.52,37698.5,816.56,диетическое,2020,Брянская область,331353,435211,2020-06-28 00:00:00
3.96,30231.8,678.4,диетическое,2020,Брянская область,449311,554764,2020-06-21 00:00:00
4.4,17701.1,471.72,диетическое,2020,Брянская область,386370,465805,2020-06-14 00:00:00
3.96,22414.2,738.68,диетическое,2020,Брянская область,455566,551009,2020-06-07 00:00:00
4.4,19543.2,522.81,диетическое,2020,Брянская область,382901,454702,2020-05-31 00:00:00
3.84,27284.4,1260.8,диетическое,2020,Брянская область,538127,623212,2020-05-24 00:00:00
4.44,18618.8,838.68,диетическое,2020,Брянская область,386401,451251,2020-05-17 00:00:00
4.4,18860.6,1089.33,диетическое,2020,Брянская область,413453,480071,2020-05-10 00:00:00
4.0,28568.3,1059.73,диетическое,2020,Брянская область,538403,634213,2020-05-03 00:00:00
4.48,18366.3,1041.78,диетическое,2020,Брянская область,387677,448597,2020-04-26 00:00:00
4.48,18040.8,873.24,диетическое,2020,Брянская область,368710,430966,2020-04-19 00:00:00
3.96,22420,219.14,диетическое,2020,Брянская область,377578,451102,2020-04-12 00:00:00
4.16,19254.4,374.51,диетическое,2020,Брянская область,318473,383139,2020-04-05 00:00:00
4.44,16652,261.01,диетическое,2020,Брянская область,305029,365722,2020-03-29 00:00:00
4.0,23419.6,304.89,диетическое,2020,Брянская область,393591,479591,2020-03-22 00:00:00
4.48,16508.2,310.7,диетическое,2020,Брянская область,336172,399566,2020-03-15 00:00:00
4.4,15788.7,236.97,диетическое,2020,Брянская область,361559,420826,2020-03-08 00:00:00
3.96,21183.7,347.78,диетическое,2020,Брянская область,441544,512532,2020-03-01 00:00:00
4.4,18324.8,237.47,диетическое,2020,Брянская область,369316,431309,2020-02-22 00:00:00
4.24,17420.4,638.18,диетическое,2020,Брянская область,364447,427391,2020-02-15 00:00:00
4.12,17162.5,524.85,диетическое,2020,Брянская область,377256,433884,2020-02-08 00:00:00
3.84,31583.4,294.94,диетическое,2020,Брянская область,553199,636771,2020-02-01 00:00:00
4.4,18718.3,594.25,диетическое,2020,Брянская область,393408,449333,2020-01-25 00:00:00
4.44,18701.9,511.69,диетическое,2020,Брянская область,372237,431491,2020-01-18 00:00:00
4.44,18958.2,1135.18,диетическое,2020,Брянская область,330411,397543,2020-01-11 00:00:00
4.0,23821.2,82.15,диетическое,2020,Брянская область,364302,435021,2020-01-04 00:00:00
3.64,86015.4,184.62,диетическое,2021,Брянская область,205856,502787,2021-12-25 00:00:00
3.76,80565.1,283.15,диетическое,2021,Брянская область,191753,463483,2021-12-18 00:00:00
4.24,56200,171.64,диетическое,2021,Брянская область,186344,422027,2021-12-11 00:00:00
4.12,93414.7,207.15,диетическое,2021,Брянская область,210602,475815,2021-12-04 00:00:00
4.88,55595.3,167.47,диетическое,2021,Брянская область,161632,372144,2021-11-27 00:00:00
4.56,58005.6,167.63,диетическое,2021,Брянская область,189207,448936,2021-11-20 00:00:00
5.0,63348.6,180.57,диетическое,2021,Брянская область,185966,408261,2021-11-13 00:00:00
5.16,65207.6,168.26,диетическое,2021,Брянская область,167083,393826,2021-11-06 00:00:00
5.04,69366.2,160.28,диетическое,2021,Брянская область,162368,408315,2021-10-30 00:00:00
4.92,67824.3,166.14,диетическое,2021,Брянская область,171215,422281,2021-10-23 00:00:00
4.64,82089.2,103.96,диетическое,2021,Брянская область,188793,459565,2021-10-16 00:00:00
4.92,69425.2,156.52,диетическое,2021,Брянская область,187261,452109,2021-10-09 00:00:00
5.04,69411.2,140.88,диетическое,2021,Брянская область,182418,440044,2021-10-02 00:00:00
5.04,77098.8,131.95,диетическое,2021,Брянская область,174532,435757,2021-09-25 00:00:00
4.04,70931.2,132.15,диетическое,2021,Брянская область,233801,527701,2021-09-18 00:00:00
3.6,54347.7,206.41,диетическое,2021,Брянская область,286406,597759,2021-09-11 00:00:00
3.56,55475.7,130.69,диетическое,2021,Брянская область,356593,614657,2021-09-04 00:00:00
3.8,42109.5,123.63,диетическое,2021,Брянская область,294241,539643,2021-08-28 00:00:00
3.76,48349.9,82.91,диетическое,2021,Брянская область,293240,549139,2021-08-21 00:00:00
3.48,60913,86.59,диетическое,2021,Брянская область,362924,666493,2021-08-14 00:00:00
4.16,63197.3,58.44,диетическое,2021,Брянская область,252172,508354,2021-08-07 00:00:00
3.92,76301.7,64.96,диетическое,2021,Брянская область,232641,537633,2021-07-31 00:00:00
4.0,92726.4,110.76,диетическое,2021,Брянская область,215523,495687,2021-07-24 00:00:00
4.04,82942,164.21,диетическое,2021,Брянская область,202639,474064,2021-07-17 00:00:00
3.68,95457.1,256.2,диетическое,2021,Брянская область,240109,560865,2021-07-10 00:00:00
3.08,150340,165.28,диетическое,2021,Брянская область,310551,789398,2021-07-03 00:00:00
3.4,82764.1,173.96,диетическое,2021,Брянская область,272203,606857,2021-06-26 00:00:00
3.12,96388.1,264.12,диетическое,2021,Брянская область,361698,692767,2021-06-19 00:00:00
3.12,61563.7,1174.78,диетическое,2021,Брянская область,313216,608386,2021-06-12 00:00:00
3.0,123406,561.72,диетическое,2021,Брянская область,341028,691201,2021-06-05 00:00:00
3.12,154239,246.79,диетическое,2021,Брянская область,267461,691344,2021-05-29 00:00:00
3.16,110884,174.9,диетическое,2021,Брянская область,206761,585352,2021-05-22 00:00:00
2.72,166131,80.12,диетическое,2021,Брянская область,292233,755307,2021-05-15 00:00:00
3.24,159037,253.52,диетическое,2021,Брянская область,199995,643700,2021-05-08 00:00:00
3.08,211777,54.42,диетическое,2021,Брянская область,241665,735635,2021-05-01 00:00:00
3.16,189043,67.42,диетическое,2021,Брянская область,233878,654019,2021-04-24 00:00:00
3.56,124409,106.39,диетическое,2021,Брянская область,190570,512348,2021-04-17 00:00:00
3.32,141606,432.5,диетическое,2021,Брянская область,258662,590002,2021-04-10 00:00:00
4.12,69327.4,1349.18,диетическое,2021,Брянская область,253541,423486,2021-04-03 00:00:00
3.92,59289.9,1320.02,диетическое,2021,Брянская область,286918,458635,2021-03-27 00:00:00
3.92,61127.5,1727.11,диетическое,2021,Брянская область,323217,496191,2021-03-20 00:00:00
3.6,110106,1906.9,диетическое,2021,Брянская область,336351,588657,2021-03-13 00:00:00
4.12,61770,1499.4,диетическое,2021,Брянская область,299983,458837,2021-03-06 00:00:00
3.6,106312,1136.7,диетическое,2021,Брянская область,325884,555471,2021-02-28 00:00:00
4.16,61591.2,1996.32,диетическое,2021,Брянская область,270173,417206,2021-02-21 00:00:00
3.88,57925.3,1008.13,диетическое,2021,Брянская область,313342,481484,2021-02-14 00:00:00
3.04,134517,418.98,диетическое,2021,Брянская область,415641,722211,2021-02-07 00:00:00
4.16,58974.2,412.16,диетическое,2021,Брянская область,290451,437491,2021-01-31 00:00:00
3.68,86817,401.33,диетическое,2021,Брянская область,318373,528777,2021-01-24 00:00:00
4.16,45915.9,654.09,диетическое,2021,Брянская область,308723,445090,2021-01-17 00:00:00
3.72,67316,464.46,диетическое,2021,Брянская область,377245,558349,2021-01-10 00:00:00
4.2,32958.1,396.68,диетическое,2021,Брянская область,350316,449263,2021-01-03 00:00:00
