data/chicken_eggs.csv
AveragePrice,С2,С3,type,year,region,С1,Total Volume,Date
4.68,394104,17353.8,диетическое,2020,Владимирская область,40450.5,596819,2020-12-27 00:00:00
4.44,434591,19112.1,диетическое,2020,Владимирская область,44741.4,642682,2020-12-20 00:00:00
4.6,399852,24291.2,диетическое,2020,Владимирская область,44400.3,619509,2020-12-13 00:00:00
4.16,453586,25760.5,диетическое,2020,Владимирская область,51129.3,649141,2020-12-06 00:00:00
4.64,379156,20147.5,диетическое,2020,Владимирская область,41028.2,545800,2020-11-29 00:00:00
4.48,386138,23343.5,диетическое,2020,Владимирская область,40867.8,572020,2020-11-22 00:00:00
4.16,503470,37990.3,диетическое,2020,Владимирская область,47109.8,718330,2020-11-15 00:00:00
4.2,576513,51035,диетическое,2020,Владимирская область,58579.3,830967,2020-11-08 00:00:00
4.48,473819,58615.8,диетическое,2020,Владимирская область,51860.1,742221,2020-11-01 00:00:00
4.76,397911,49085.7,диетическое,2020,Владимирская область,53766.2,656892,2020-10-25 00:00:00
3.96,745385,49171.3,диетическое,2020,Владимирская область,59121.6,1.0056e+06,2020-10-18 00:00:00
4.96,392009,58490.1,диетическое,2020,Владимирская область,34707,653560,2020-10-11 00:00:00
5.12,407610,42257.7,диетическое,2020,Владимирская область,35342.3,657444,2020-10-04 00:00:00
4.76,451061,59018.6,диетическое,2020,Владимирская область,34309.1,696282,2020-09-27 00:00:00
4.68,450283,45336.1,диетическое,2020,Владимирская область,39619.9,709269,2020-09-20 00:00:00
4.36,675524,42270.5,диетическое,2020,Владимирская область,55699.2,924994,2020-09-13 00:00:00
4.72,522568,68180.4,диетическое,2020,Владимирская область,63903.7,823623,2020-09-06 00:00:00
4.96,458207,42754.3,диетическое,2020,Владимирская область,48455.2,734721,2020-08-30 00:00:00
4.64,499100,47216.2,диетическое,2020,Владимирская область,59242,783935,2020-08-23 00:00:00
4.56,597185,43102.6,диетическое,2020,Владимирская область,86492,882755,2020-08-16 00:00:00
4.64,557364,42933.9,диетическое,2020,Владимирская область,56362.8,821523,2020-08-09 00:00:00
4.68,535167,44749.6,диетическое,2020,Владимирская область,53957.6,800603,2020-08-02 00:00:00
4.8,496509,45010.8,диетическое,2020,Владимирская область,52746.4,772926,2020-07-26 00:00:00
4.72,496206,50319.8,диетическое,2020,Владимирская область,52954.9,800194,2020-07-19 00:00:00
4.4,547537,50679,диетическое,2020,Владимирская область,58828,850932,2020-07-12 00:00:00
4.64,567641,56044.5,диетическое,2020,Владимирская область,66504.7,896299,2020-07-05 00:00:00
4.6,534535,51109.8,диетическое,2020,Владимирская область,65051.9,862262,2020-06-28 00:00:00
4.64,527866,51952.7,диетическое,2020,Владимирская область,58398.8,862841,2020-06-21 00:00:00
4.36,593500,48344.9,диетическое,2020,Владимирская область,64005.2,955047,2020-06-14 00:00:00
5.04,462951,43720.9,диетическое,2020,Владимирская область,62585.4,794310,2020-06-07 00:00:00
4.76,617814,45832.8,диетическое,2020,Владимирская область,67744.8,949177,2020-05-31 00:00:00
4.72,560740,49808.5,диетическое,2020,Владимирская область,63610.1,908662,2020-05-24 00:00:00
5.08,455167,44841,диетическое,2020,Владимирская область,63515.1,790854,2020-05-17 00:00:00
5.04,507104,44390.5,диетическое,2020,Владимирская область,79192.1,855206,2020-05-10 00:00:00
4.68,536710,77537.4,диетическое,2020,Владимирская область,73038.5,896972,2020-05-03 00:00:00
5.16,431533,39942.6,диетическое,2020,Владимирская область,58013.8,747841,2020-04-26 00:00:00
5.12,427623,42125.3,диетическое,2020,Владимирская область,67486.8,762863,2020-04-19 00:00:00
4.6,523170,42270.8,диетическое,2020,Владимирская область,70796.7,837630,2020-04-12 00:00:00
5.16,401279,41867.1,диетическое,2020,Владимирская область,53579.2,688065,2020-04-05 00:00:00
5.0,398051,43759.7,диетическое,2020,Владимирская область,58098.2,663677,2020-03-29 00:00:00
4.4,524971,42381.4,диетическое,2020,Владимирская область,65159,808897,2020-03-22 00:00:00
4.96,395837,46596.2,диетическое,2020,Владимирская область,53400.1,693698,2020-03-15 00:00:00
5.04,367671,42267.9,диетическое,2020,Владимирская область,55284.8,657746,2020-03-08 00:00:00
4.64,498873,40241.7,диетическое,2020,Владимирская область,59039.8,770115,2020-03-01 00:00:00
4.44,445971,62611.6,диетическое,2020,Владимирская область,50501.1,749846,2020-02-22 00:00:00
5.0,361677,45900.1,диетическое,2020,Владимирская область,49751.7,637319,2020-02-15 00:00:00
4.36,554857,37437.3,диетическое,2020,Владимирская область,71703.5,844931,2020-02-08 00:00:00
4.24,666010,83652.5,диетическое,2020,Владимирская область,93166.5,1.00742e+06,2020-02-01 00:00:00
4.8,386399,39488.9,диетическое,2020,Владимирская область,49696.1,692934,2020-01-25 00:00:00
4.92,393360,40576.1,диетическое,2020,Владимирская область,49947.2,657741,2020-01-18 00:00:00
4.68,420838,42527,диетическое,2020,Владимирская область,51460.6,670232,2020-01-11 00:00:00
4.32,552906,39995,диетическое,2020,Владимирская область,53987.3,788025,2020-01-04 00:00:00
5.88,344700,8529.79,диетическое,2021,Владимирская область,50818.6,550948,2021-12-25 00:00:00
4.84,487110,8751.94,диетическое,2021,Владимирская область,57866.1,691009,2021-12-18 00:00:00
5.4,375438,9977.23,диетическое,2021,Владимирская область,49240.2,599161,2021-12-11 00:00:00
5.64,345132,10049.7,диетическое,2021,Владимирская область,52095.9,566956,2021-12-04 00:00:00
5.96,336732,8237.15,диетическое,2021,Владимирская область,46243.1,539925,2021-11-27 00:00:00
6.4,309529,13095.1,диетическое,2021,Владимирская область,51078.7,566160,2021-11-20 00:00:00
6.92,311688,28558.2,диетическое,2021,Владимирская область,64630.5,559979,2021-11-13 00:00:00
7.2,284547,41286.9,диетическое,2021,Владимирская область,61458.9,537946,2021-11-06 00:00:00
7.44,304617,27903.7,диетическое,2021,Владимирская область,58412.4,522547,2021-10-30 00:00:00
7.4,336434,27036.5,диетическое,2021,Владимирская область,56864.1,584276,2021-10-23 00:00:00
6.76,363925,19878.7,диетическое,2021,Владимирская область,63424,638848,2021-10-16 00:00:00
6.36,395481,20639.8,диетическое,2021,Владимирская область,72775.7,676189,2021-10-09 00:00:00
6.64,381625,19492.5,диетическое,2021,Владимирская область,78716.8,672760,2021-10-02 00:00:00
6.32,347949,19205.8,диетическое,2021,Владимирская область,129774,678672,2021-09-25 00:00:00
6.0,367426,18808.8,диетическое,2021,Владимирская область,151205,732425,2021-09-18 00:00:00
5.36,494756,19881.7,диетическое,2021,Владимирская область,202958,885728,2021-09-11 00:00:00
6.04,442803,20154.9,диетическое,2021,Владимирская область,97714.1,762218,2021-09-04 00:00:00
6.28,443668,15648.6,диетическое,2021,Владимирская область,72406.6,732546,2021-08-28 00:00:00
5.92,413652,21950.4,диетическое,2021,Владимирская область,68443.7,727280,2021-08-21 00:00:00
6.08,421189,24863.7,диетическое,2021,Владимирская область,68335.7,742292,2021-08-14 00:00:00
6.08,432957,28505.2,диетическое,2021,Владимирская область,71155,746494,2021-08-07 00:00:00
6.6,402053,31448,диетическое,2021,Владимирская область,64023,698628,2021-07-31 00:00:00
6.56,422903,30142.2,диетическое,2021,Владимирская область,62896.9,719104,2021-07-24 00:00:00
5.88,400288,32758.2,диетическое,2021,Владимирская область,50832,730875,2021-07-17 00:00:00
5.48,489315,44218.7,диетическое,2021,Владимирская область,64925.6,831188,2021-07-10 00:00:00
5.52,501970,50114.7,диетическое,2021,Владимирская область,63050.6,844338,2021-07-03 00:00:00
5.44,509114,48949.8,диетическое,2021,Владимирская область,62585.2,830072,2021-06-26 00:00:00
5.48,523095,54129.9,диетическое,2021,Владимирская область,61789.2,850692,2021-06-19 00:00:00
5.36,507383,55744,диетическое,2021,Владимирская область,73620.8,850863,2021-06-12 00:00:00
5.32,537896,46714.7,диетическое,2021,Владимирская область,61074.1,860858,2021-06-05 00:00:00
4.76,577334,44265.8,диетическое,2021,Владимирская область,61989.2,890197,2021-05-29 00:00:00
4.76,540988,19544.9,диетическое,2021,Владимирская область,60638.3,837573,2021-05-22 00:00:00
4.48,629734,16372,диетическое,2021,Владимирская область,58943.8,901690,2021-05-15 00:00:00
3.8,804252,16818.7,диетическое,2021,Владимирская область,75492.9,1.10389e+06,2021-05-08 00:00:00
4.28,648817,15073.2,диетическое,2021,Владимирская область,67682.1,929492,2021-05-01 00:00:00
4.52,638834,15861,диетическое,2021,Владимирская область,61118.1,915500,2021-04-24 00:00:00
4.52,576827,15881.2,диетическое,2021,Владимирская область,59232.9,841840,2021-04-17 00:00:00
4.48,522216,13247.9,диетическое,2021,Владимирская область,64549.7,789348,2021-04-10 00:00:00
4.56,523512,12784.5,диетическое,2021,Владимирская область,61532.8,770877,2021-04-03 00:00:00
4.76,523532,15295.4,диетическое,2021,Владимирская область,59850.4,781628,2021-03-27 00:00:00
4.4,614918,16342.9,диетическое,2021,Владимирская область,65397,880239,2021-03-20 00:00:00
4.72,580134,18702.5,диетическое,2021,Владимирская область,59401.4,845575,2021-03-13 00:00:00
4.84,541219,21461,диетическое,2021,Владимирская область,62539.6,819707,2021-03-06 00:00:00
4.48,641585,20335.4,диетическое,2021,Владимирская область,61483.8,888570,2021-02-28 00:00:00
4.8,446499,54665.6,диетическое,2021,Владимирская область,51913.2,739486,2021-02-21 00:00:00
4.44,596869,60290.4,диетическое,2021,Владимирская область,72825,905145,2021-02-14 00:00:00
4.4,621956,48009.4,диетическое,2021,Владимирская область,73754.2,966321,2021-02-07 00:00:00
4.44,506188,24482.3,диетическое,2021,Владимирская область,52641.9,748107,2021-01-31 00:00:00
4.36,689359,24029.9,диетическое,2021,Владимирская область,69829.1,1.02265e+06,2021-01-24 00:00:00
4.68,535245,25662.4,диетическое,2021,Владимирская область,58788,836226,2021-01-17 00:00:00
4.68,511067,26791.3,диетическое,2021,Владимирская область,60261.4,780979,2021-01-10 00:00:00
4.44,583418,27147.3,диетическое,2021,Владимирская область,54491.8,816760,2021-01-03 00:00:00
