data/chicken_eggs.csv
AveragePrice,С2,С3,type,year,region,С1,Total Volume,Date
4.52,346965,13952.6,диетическое,2020,Ивановская область,3886.27,450816,2020-12-27 00:00:00
4.28,390101,5887.72,диетическое,2020,Ивановская область,4912.37,489803,2020-12-20 00:00:00
4.04,455362,219.4,диетическое,2020,Ивановская область,4641.02,549946,2020-12-13 00:00:00
4.08,407520,142.99,диетическое,2020,Ивановская область,5126.32,488679,2020-12-06 00:00:00
4.76,272719,105.86,диетическое,2020,Ивановская область,3609.25,350560,2020-11-29 00:00:00
4.28,383420,233.74,диетическое,2020,Ивановская область,4457.62,466760,2020-11-22 00:00:00
4.2,420937,139.71,диетическое,2020,Ивановская область,5310.32,513739,2020-11-15 00:00:00
4.16,542881,231.74,диетическое,2020,Ивановская область,5304.09,641760,2020-11-08 00:00:00
4.24,449532,170.29,диетическое,2020,Ивановская область,4886.14,553097,2020-11-01 00:00:00
4.08,430726,191.31,диетическое,2020,Ивановская область,4005.39,534249,2020-10-25 00:00:00
3.76,627504,332.87,диетическое,2020,Ивановская область,6409.86,725296,2020-10-18 00:00:00
4.56,378296,355.03,диетическое,2020,Ивановская область,5145.86,485707,2020-10-11 00:00:00
4.28,427359,277.56,диетическое,2020,Ивановская область,5804.31,536479,2020-10-04 00:00:00
4.28,463080,289.49,диетическое,2020,Ивановская область,5210.84,553307,2020-09-27 00:00:00
4.6,398673,418.46,диетическое,2020,Ивановская область,4376.74,498640,2020-09-20 00:00:00
4.12,560792,353.77,диетическое,2020,Ивановская область,5422.29,655683,2020-09-13 00:00:00
4.44,477868,496.62,диетическое,2020,Ивановская область,4237.44,577775,2020-09-06 00:00:00
4.52,438503,554.04,диетическое,2020,Ивановская область,4177.03,526665,2020-08-30 00:00:00
4.28,488292,608.61,диетическое,2020,Ивановская область,4744.11,589471,2020-08-23 00:00:00
4.6,464476,748.65,диетическое,2020,Ивановская область,4460.85,565795,2020-08-16 00:00:00
4.28,590998,827.06,диетическое,2020,Ивановская область,4173.23,690517,2020-08-09 00:00:00
4.68,468592,1451.95,диетическое,2020,Ивановская область,4442.2,571994,2020-08-02 00:00:00
5.12,393282,1957.86,диетическое,2020,Ивановская область,4299.27,500234,2020-07-26 00:00:00
4.72,477630,5071.77,диетическое,2020,Ивановская область,4720.08,597168,2020-07-19 00:00:00
4.56,471640,9361.55,диетическое,2020,Ивановская область,5332.07,634516,2020-07-12 00:00:00
5.08,418251,11053.8,диетическое,2020,Ивановская область,4743.46,582910,2020-07-05 00:00:00
5.0,403231,9120.3,диетическое,2020,Ивановская область,4688.28,560495,2020-06-28 00:00:00
4.96,404909,8899.2,диетическое,2020,Ивановская область,3582.45,543505,2020-06-21 00:00:00
4.32,521255,6545.42,диетическое,2020,Ивановская область,5104.19,684346,2020-06-14 00:00:00
5.0,421007,93.05,диетическое,2020,Ивановская область,4034.11,562543,2020-06-07 00:00:00
5.04,418105,108.6,диетическое,2020,Ивановская область,4128.35,565161,2020-05-31 00:00:00
4.56,490486,276.82,диетическое,2020,Ивановская область,4601.66,633522,2020-05-24 00:00:00
5.04,380514,162.66,диетическое,2020,Ивановская область,4285.68,534489,2020-05-17 00:00:00
4.56,476828,131.47,диетическое,2020,Ивановская область,4601.5,625558,2020-05-10 00:00:00
4.68,429586,239.76,диетическое,2020,Ивановская область,3828.64,552369,2020-05-03 00:00:00
5.12,352464,131.46,диетическое,2020,Ивановская область,3915.3,465911,2020-04-26 00:00:00
4.6,384880,162.91,диетическое,2020,Ивановская область,4013.71,504620,2020-04-19 00:00:00
5.04,294164,106.09,диетическое,2020,Ивановская область,3575.89,408485,2020-04-12 00:00:00
5.08,330425,99.92,диетическое,2020,Ивановская область,3657.54,449818,2020-04-05 00:00:00
4.76,339299,151.36,диетическое,2020,Ивановская область,3619.31,453631,2020-03-29 00:00:00
4.72,344397,155.94,диетическое,2020,Ивановская область,5956.18,453173,2020-03-22 00:00:00
5.0,308997,111.59,диетическое,2020,Ивановская область,6085.75,417750,2020-03-15 00:00:00
4.68,290513,78.96,диетическое,2020,Ивановская область,3425.53,408404,2020-03-08 00:00:00
4.44,383574,192.98,диетическое,2020,Ивановская область,4106.42,485736,2020-03-01 00:00:00
4.92,251341,142.33,диетическое,2020,Ивановская область,3232.68,355432,2020-02-22 00:00:00
4.8,281106,143.41,диетическое,2020,Ивановская область,3794.97,399884,2020-02-15 00:00:00
4.16,495732,383.73,диетическое,2020,Ивановская область,7653.19,609985,2020-02-08 00:00:00
4.88,373452,272.81,диетическое,2020,Ивановская область,6082.88,490022,2020-02-01 00:00:00
4.68,288095,45.98,диетическое,2020,Ивановская область,4730.77,409344,2020-01-25 00:00:00
4.92,287779,132.53,диетическое,2020,Ивановская область,4383.76,401331,2020-01-18 00:00:00
4.4,320577,121.81,диетическое,2020,Ивановская область,5548.11,437772,2020-01-11 00:00:00
4.08,396752,128.82,диетическое,2020,Ивановская область,7193.87,491738,2020-01-04 00:00:00
5.12,346516,4183.69,диетическое,2021,Ивановская область,4349.63,447601,2021-12-25 00:00:00
4.36,488107,7765.43,диетическое,2021,Ивановская область,6123.84,579577,2021-12-18 00:00:00
4.88,409646,5052.84,диетическое,2021,Ивановская область,3711.2,510801,2021-12-11 00:00:00
5.04,393748,3449.16,диетическое,2021,Ивановская область,4371.95,473428,2021-12-04 00:00:00
5.8,317090,3069.37,диетическое,2021,Ивановская область,4243.2,391257,2021-11-27 00:00:00
5.56,356868,4915.71,диетическое,2021,Ивановская область,7917.9,475677,2021-11-20 00:00:00
6.24,314435,3726.92,диетическое,2021,Ивановская область,5233.97,397601,2021-11-13 00:00:00
6.48,284810,3370.17,диетическое,2021,Ивановская область,4016.72,366175,2021-11-06 00:00:00
6.68,304461,3787.66,диетическое,2021,Ивановская область,5542.76,376501,2021-10-30 00:00:00
6.32,335244,6144.55,диетическое,2021,Ивановская область,10444.8,439552,2021-10-23 00:00:00
6.4,345051,4742.43,диетическое,2021,Ивановская область,6472.04,453605,2021-10-16 00:00:00
5.96,366649,3837.72,диетическое,2021,Ивановская область,7435.21,468135,2021-10-09 00:00:00
6.36,340343,5003.77,диетическое,2021,Ивановская область,20871.7,459164,2021-10-02 00:00:00
6.12,338301,6515.89,диетическое,2021,Ивановская область,40864.2,483057,2021-09-25 00:00:00
5.8,346156,7080.02,диетическое,2021,Ивановская область,39970.7,489601,2021-09-18 00:00:00
5.08,470860,9617.73,диетическое,2021,Ивановская область,85204.3,672673,2021-09-11 00:00:00
5.64,381831,10225.2,диетическое,2021,Ивановская область,23481.9,541671,2021-09-04 00:00:00
5.48,388174,7653.7,диетическое,2021,Ивановская область,37757.4,582023,2021-08-28 00:00:00
5.24,353351,7923.98,диетическое,2021,Ивановская область,15419.5,586073,2021-08-21 00:00:00
5.16,353845,8194.83,диетическое,2021,Ивановская область,20310.8,602605,2021-08-14 00:00:00
5.92,335034,8735.44,диетическое,2021,Ивановская область,15830,525387,2021-08-07 00:00:00
6.44,338692,8772.17,диетическое,2021,Ивановская область,12550.4,508950,2021-07-31 00:00:00
6.08,343836,10965.6,диетическое,2021,Ивановская область,13099.8,509095,2021-07-24 00:00:00
6.24,320251,10381.2,диетическое,2021,Ивановская область,11289.7,488508,2021-07-17 00:00:00
5.28,359934,14982.9,диетическое,2021,Ивановская область,17289.1,549815,2021-07-10 00:00:00
5.52,408602,17326.1,диетическое,2021,Ивановская область,11397.6,585485,2021-07-03 00:00:00
5.32,433432,28898.8,диетическое,2021,Ивановская область,10379.8,626973,2021-06-26 00:00:00
5.28,456522,38655.1,диетическое,2021,Ивановская область,10851.3,649660,2021-06-19 00:00:00
5.16,421979,43090.8,диетическое,2021,Ивановская область,12891.2,632856,2021-06-12 00:00:00
5.04,417995,51385.7,диетическое,2021,Ивановская область,8833.67,634990,2021-06-05 00:00:00
4.32,461425,72848.8,диетическое,2021,Ивановская область,7708.04,673496,2021-05-29 00:00:00
4.2,430581,81859.5,диетическое,2021,Ивановская область,4319.45,665086,2021-05-22 00:00:00
4.24,517840,63055.5,диетическое,2021,Ивановская область,5790.13,709563,2021-05-15 00:00:00
3.4,698438,80414.3,диетическое,2021,Ивановская область,6383.12,924194,2021-05-08 00:00:00
4.2,520370,54779.3,диетическое,2021,Ивановская область,4764.79,716003,2021-05-01 00:00:00
4.28,446541,51958.7,диетическое,2021,Ивановская область,4157.76,626895,2021-04-24 00:00:00
4.32,438211,43926.9,диетическое,2021,Ивановская область,3871.79,617180,2021-04-17 00:00:00
3.96,456030,74452.3,диетическое,2021,Ивановская область,4326.56,652547,2021-04-10 00:00:00
4.44,406529,42112.5,диетическое,2021,Ивановская область,4683.35,559718,2021-04-03 00:00:00
4.32,463187,51477.8,диетическое,2021,Ивановская область,4253.9,639420,2021-03-27 00:00:00
4.4,490720,34714.6,диетическое,2021,Ивановская область,5364.32,645235,2021-03-20 00:00:00
4.2,487268,46932.6,диетическое,2021,Ивановская область,5420.01,651211,2021-03-13 00:00:00
4.4,434300,36353,диетическое,2021,Ивановская область,6153.04,600640,2021-03-06 00:00:00
4.32,506049,36934.2,диетическое,2021,Ивановская область,6632.53,652943,2021-02-28 00:00:00
4.56,388957,36873.8,диетическое,2021,Ивановская область,5600.54,553709,2021-02-21 00:00:00
3.92,560259,58165.4,диетическое,2021,Ивановская область,7591.61,751657,2021-02-14 00:00:00
4.2,511549,25200.2,диетическое,2021,Ивановская область,5986.94,678810,2021-02-07 00:00:00
4.12,501280,25252.3,диетическое,2021,Ивановская область,6037.25,651617,2021-01-31 00:00:00
4.2,482031,26052.9,диетическое,2021,Ивановская область,3107.96,670377,2021-01-24 00:00:00
4.08,486768,32505.7,диетическое,2021,Ивановская область,4392.86,665218,2021-01-17 00:00:00
4.6,391873,13321.1,диетическое,2021,Ивановская область,4120.09,536675,2021-01-10 00:00:00
4.04,492478,21182.5,диетическое,2021,Ивановская область,5112.51,610622,2021-01-03 00:00:00
