data/chicken_eggs.csv
AveragePrice,С2,С3,type,year,region,С1,Total Volume,Date
5.4,39542.8,85.76,диетическое,2020,Калужская область,1367.81,96233.1,2020-12-27 00:00:00
5.48,38430.7,106.67,диетическое,2020,Калужская область,1164.92,90867.5,2020-12-20 00:00:00
5.4,40783.2,66.45,диетическое,2020,Калужская область,1421.12,98473.2,2020-12-13 00:00:00
4.92,58197.3,167.12,диетическое,2020,Калужская область,1737.71,108458,2020-12-06 00:00:00
5.56,35682.7,113.49,диетическое,2020,Калужская область,1514.69,79973.1,2020-11-29 00:00:00
5.6,38780.7,107.53,диетическое,2020,Калужская область,1711.77,90242.3,2020-11-22 00:00:00
5.44,41457.1,107.48,диетическое,2020,Калужская область,1803.78,99703.7,2020-11-15 00:00:00
5.2,49507.2,55,диетическое,2020,Калужская область,1288.83,111039,2020-11-08 00:00:00
4.92,61874.9,186.4,диетическое,2020,Калужская область,2181.17,118541,2020-11-01 00:00:00
5.44,36645.9,79.64,диетическое,2020,Калужская область,1545.57,99554.6,2020-10-25 00:00:00
5.16,40701.7,58.28,диетическое,2020,Калужская область,1536.35,106084,2020-10-18 00:00:00
5.2,50862,96.18,диетическое,2020,Калужская область,2170.49,109154,2020-10-11 00:00:00
5.32,38353.3,101.43,диетическое,2020,Калужская область,3020.03,98900.5,2020-10-04 00:00:00
5.24,60292.8,106.47,диетическое,2020,Калужская область,1908.16,90745.7,2020-09-27 00:00:00
6.16,39831.7,88.61,диетическое,2020,Калужская область,1445.25,60624.5,2020-09-20 00:00:00
6.36,48468.7,134.33,диетическое,2020,Калужская область,1572.71,73043.2,2020-09-13 00:00:00
6.24,49388.5,173.32,диетическое,2020,Калужская область,1471.69,76139.6,2020-09-06 00:00:00
5.52,61600.6,241.67,диетическое,2020,Калужская область,1406.11,83731.4,2020-08-30 00:00:00
5.96,43655.3,170.47,диетическое,2020,Калужская область,1287.09,68953.3,2020-08-23 00:00:00
6.0,45937.6,258,диетическое,2020,Калужская область,1230.78,69798.1,2020-08-16 00:00:00
5.88,56289.3,349.19,диетическое,2020,Калужская область,1139.74,81830.1,2020-08-09 00:00:00
5.88,44620.7,471.55,диетическое,2020,Калужская область,1447.81,78162.9,2020-08-02 00:00:00
5.56,45615.5,741.77,диетическое,2020,Калужская область,1679.28,91825.1,2020-07-26 00:00:00
5.44,54492.8,2205.14,диетическое,2020,Калужская область,1165.75,128846,2020-07-19 00:00:00
5.8,47294.7,4714.73,диетическое,2020,Калужская область,1119.38,127351,2020-07-12 00:00:00
5.88,56925.5,6707.85,диетическое,2020,Калужская область,1503.1,140414,2020-07-05 00:00:00
5.44,51801.7,5397.32,диетическое,2020,Калужская область,1235.69,137247,2020-06-28 00:00:00
6.0,47845.6,5424.52,диетическое,2020,Калужская область,1254.83,108655,2020-06-21 00:00:00
5.36,48286.5,4432.54,диетическое,2020,Калужская область,1183.9,149377,2020-06-14 00:00:00
5.52,57999.6,138.81,диетическое,2020,Калужская область,779.02,130908,2020-06-07 00:00:00
5.6,54249.1,79.38,диетическое,2020,Калужская область,1039.49,130841,2020-05-31 00:00:00
5.72,55018.9,103.94,диетическое,2020,Калужская область,1033.76,121943,2020-05-24 00:00:00
5.4,61668.5,56.53,диетическое,2020,Калужская область,932.52,137050,2020-05-17 00:00:00
5.32,73754.3,185.16,диетическое,2020,Калужская область,1321.83,170547,2020-05-10 00:00:00
5.68,50266.2,81.86,диетическое,2020,Калужская область,946.38,136772,2020-05-03 00:00:00
5.64,49556.9,106.4,диетическое,2020,Калужская область,1117.56,136964,2020-04-26 00:00:00
5.68,52954.8,59.18,диетическое,2020,Калужская область,1021.72,139613,2020-04-19 00:00:00
5.68,45443.6,92.75,диетическое,2020,Калужская область,884.02,118173,2020-04-12 00:00:00
5.76,51023.9,95.69,диетическое,2020,Калужская область,969.27,124146,2020-04-05 00:00:00
5.56,48430,80.52,диетическое,2020,Калужская область,1352.63,119891,2020-03-29 00:00:00
5.6,45420.1,48.2,диетическое,2020,Калужская область,3090.55,119903,2020-03-22 00:00:00
5.88,45688.6,66.42,диетическое,2020,Калужская область,3500.48,103413,2020-03-15 00:00:00
5.4,61973.6,102.31,диетическое,2020,Калужская область,1072.46,125725,2020-03-08 00:00:00
5.72,41685,104.16,диетическое,2020,Калужская область,1032.92,112364,2020-03-01 00:00:00
5.64,45394,131.72,диетическое,2020,Калужская область,1709.23,109547,2020-02-22 00:00:00
5.76,43271.6,57.76,диетическое,2020,Калужская область,1520.76,100207,2020-02-15 00:00:00
5.44,66261.9,161.96,диетическое,2020,Калужская область,1822.41,132760,2020-02-08 00:00:00
5.32,64770.6,112.49,диетическое,2020,Калужская область,2117.73,153920,2020-02-01 00:00:00
6.0,54007.5,74.53,диетическое,2020,Калужская область,1321.19,114053,2020-01-25 00:00:00
6.08,61859.8,133.29,диетическое,2020,Калужская область,1625.26,107040,2020-01-18 00:00:00
6.16,50985.2,79.61,диетическое,2020,Калужская область,1642.25,106221,2020-01-11 00:00:00
5.6,55693,109.55,диетическое,2020,Калужская область,3267.97,116253,2020-01-04 00:00:00
5.64,64434.6,42.09,диетическое,2021,Калужская область,1197.33,103035,2021-12-25 00:00:00
5.44,52115.3,60.37,диетическое,2021,Калужская область,1276.16,85340.1,2021-12-18 00:00:00
5.88,62963.2,54.34,диетическое,2021,Калужская область,967.77,89037.9,2021-12-11 00:00:00
6.64,54243.4,22.85,диетическое,2021,Калужская область,960.31,72203.2,2021-12-04 00:00:00
6.28,50581.9,12.21,диетическое,2021,Калужская область,1006.16,73261.1,2021-11-27 00:00:00
6.52,52281.3,27.83,диетическое,2021,Калужская область,1426.31,78675.7,2021-11-20 00:00:00
6.4,56517.5,84.41,диетическое,2021,Калужская область,1891.82,87366.6,2021-11-13 00:00:00
6.56,56677.7,79.68,диетическое,2021,Калужская область,1321.66,81691.6,2021-11-06 00:00:00
6.6,56077.1,81.81,диетическое,2021,Калужская область,1130.02,71163.5,2021-10-30 00:00:00
6.4,50973.9,78.19,диетическое,2021,Калужская область,1171.55,110745,2021-10-23 00:00:00
5.44,61796.2,50.56,диетическое,2021,Калужская область,1282.7,131181,2021-10-16 00:00:00
5.48,68716.6,112.39,диетическое,2021,Калужская область,1117.12,135059,2021-10-09 00:00:00
5.4,62757.1,90.39,диетическое,2021,Калужская область,1119.57,132144,2021-10-02 00:00:00
5.6,62355.9,35.97,диетическое,2021,Калужская область,4198.36,134327,2021-09-25 00:00:00
6.16,70019.4,52.12,диетическое,2021,Калужская область,2692.89,122909,2021-09-18 00:00:00
5.52,81283.9,65.32,диетическое,2021,Калужская область,1657.87,124096,2021-09-11 00:00:00
5.92,67790.9,68.67,диетическое,2021,Калужская область,3089.84,95473.7,2021-09-04 00:00:00
5.6,64245.7,67.48,диетическое,2021,Калужская область,2682.18,114646,2021-08-28 00:00:00
5.32,70785.3,43.73,диетическое,2021,Калужская область,1543.34,119865,2021-08-21 00:00:00
5.64,72837,71.45,диетическое,2021,Калужская область,2645.81,114328,2021-08-14 00:00:00
6.0,74560.5,42.97,диетическое,2021,Калужская область,1781.61,104315,2021-08-07 00:00:00
5.8,64652.4,54.78,диетическое,2021,Калужская область,1792.17,108088,2021-07-31 00:00:00
5.76,63920.8,61.8,диетическое,2021,Калужская область,1156.82,104126,2021-07-24 00:00:00
5.2,71781.9,102.25,диетическое,2021,Калужская область,1389.23,141881,2021-07-17 00:00:00
5.0,88105.9,46.25,диетическое,2021,Калужская область,1425.12,183741,2021-07-10 00:00:00
5.2,85758.7,53.07,диетическое,2021,Калужская область,1424.51,180609,2021-07-03 00:00:00
5.04,74746.9,83.37,диетическое,2021,Калужская область,1326.74,160806,2021-06-26 00:00:00
4.92,80406.9,57.85,диетическое,2021,Калужская область,1776.91,169756,2021-06-19 00:00:00
4.6,79865,107.12,диетическое,2021,Калужская область,4629.34,182472,2021-06-12 00:00:00
4.6,78923,258.4,диетическое,2021,Калужская область,1451.17,173445,2021-06-05 00:00:00
4.76,81631.1,353.83,диетическое,2021,Калужская область,1442.3,147423,2021-05-29 00:00:00
4.48,72247.4,856.81,диетическое,2021,Калужская область,1532.9,168251,2021-05-22 00:00:00
4.36,72074.5,1160.99,диетическое,2021,Калужская область,1410.85,164791,2021-05-15 00:00:00
4.36,97493.5,764.71,диетическое,2021,Калужская область,1613.21,201143,2021-05-08 00:00:00
4.44,69913.8,1640.55,диетическое,2021,Калужская область,1248.25,171441,2021-05-01 00:00:00
4.6,69260.6,1784.73,диетическое,2021,Калужская область,1391.01,171142,2021-04-24 00:00:00
4.56,67584.9,57.68,диетическое,2021,Калужская область,1167.23,169355,2021-04-17 00:00:00
4.4,55802.4,53.93,диетическое,2021,Калужская область,1278.33,152124,2021-04-10 00:00:00
4.16,72025.4,18.55,диетическое,2021,Калужская область,1164.29,154802,2021-04-03 00:00:00
4.52,64644.2,44.46,диетическое,2021,Калужская область,1511.79,149463,2021-03-27 00:00:00
4.56,62343.8,54.56,диетическое,2021,Калужская область,1110.75,140364,2021-03-20 00:00:00
4.44,77324.7,25.28,диетическое,2021,Калужская область,1393.58,163501,2021-03-13 00:00:00
5.44,60516.8,32.49,диетическое,2021,Калужская область,1473.3,141229,2021-03-06 00:00:00
4.88,78720.6,36.18,диетическое,2021,Калужская область,1658.99,154058,2021-02-28 00:00:00
5.24,52665.5,31.37,диетическое,2021,Калужская область,1500.02,126537,2021-02-21 00:00:00
5.16,60453.1,40.49,диетическое,2021,Калужская область,1921.88,137984,2021-02-14 00:00:00
5.2,76309,123.88,диетическое,2021,Калужская область,2262.36,177910,2021-02-07 00:00:00
4.84,81676.4,88.82,диетическое,2021,Калужская область,2015.15,164454,2021-01-31 00:00:00
5.24,54309.1,131.18,диетическое,2021,Калужская область,467.72,147470,2021-01-24 00:00:00
5.52,49448.6,120.55,диетическое,2021,Калужская область,1778.63,132286,2021-01-17 00:00:00
5.4,52034.4,110.07,диетическое,2021,Калужская область,1619,134523,2021-01-10 00:00:00
5.56,57210.7,98.93,диетическое,2021,Калужская область,1486.6,130621,2021-01-03 00:00:00
