data/chicken_eggs.csv
AveragePrice,С2,С3,type,year,region,С1,Total Volume,Date
3.6,1.76096e+06,232756,диетическое,2020,Костромская область,1.83395e+06,5.04037e+06,2020-12-27 00:00:00
3.76,1.54328e+06,266690,диетическое,2020,Костромская область,1.6766e+06,4.69574e+06,2020-12-20 00:00:00
3.48,1.62724e+06,232985,диетическое,2020,Костромская область,1.80669e+06,5.25935e+06,2020-12-13 00:00:00
3.12,2.10025e+06,221957,диетическое,2020,Костромская область,1.94307e+06,5.77554e+06,2020-12-06 00:00:00
3.64,1.8102e+06,222311,диетическое,2020,Костромская область,1.4617e+06,4.57571e+06,2020-11-29 00:00:00
3.68,1.91712e+06,215632,диетическое,2020,Костромская область,1.60222e+06,4.80428e+06,2020-11-22 00:00:00
3.32,2.1641e+06,195159,диетическое,2020,Костромская область,2.24301e+06,5.75519e+06,2020-11-15 00:00:00
3.92,1.75896e+06,216524,диетическое,2020,Костромская область,2.31786e+06,5.14898e+06,2020-11-08 00:00:00
3.8,2.59679e+06,211902,диетическое,2020,Костромская область,2.36982e+06,5.83043e+06,2020-11-01 00:00:00
4.48,2.02502e+06,215623,диетическое,2020,Костромская область,1.73379e+06,4.59246e+06,2020-10-25 00:00:00
4.28,2.28624e+06,217814,диетическое,2020,Костромская область,1.84799e+06,4.99903e+06,2020-10-18 00:00:00
4.32,2.53002e+06,221033,диетическое,2020,Костромская область,1.75721e+06,5.06331e+06,2020-10-11 00:00:00
4.08,2.78832e+06,222261,диетическое,2020,Костромская область,1.46111e+06,4.94378e+06,2020-10-04 00:00:00
4.16,2.63503e+06,206460,диетическое,2020,Костромская область,1.86005e+06,5.21678e+06,2020-09-27 00:00:00
4.56,2.23069e+06,273922,диетическое,2020,Костромская область,1.70297e+06,4.75979e+06,2020-09-20 00:00:00
4.52,2.38802e+06,270794,диетическое,2020,Костромская область,1.86327e+06,5.10651e+06,2020-09-13 00:00:00
4.36,2.07719e+06,240185,диетическое,2020,Костромская область,2.85933e+06,5.80639e+06,2020-09-06 00:00:00
4.32,1.66027e+06,233027,диетическое,2020,Костромская область,3.10461e+06,5.64739e+06,2020-08-30 00:00:00
4.72,1.79891e+06,222083,диетическое,2020,Костромская область,2.62698e+06,5.19322e+06,2020-08-23 00:00:00
4.44,1.73135e+06,208725,диетическое,2020,Костромская область,3.09871e+06,5.61643e+06,2020-08-16 00:00:00
4.4,2.1967e+06,193832,диетическое,2020,Костромская область,3.26078e+06,6.23208e+06,2020-08-09 00:00:00
4.64,1.73785e+06,183471,диетическое,2020,Костромская область,2.94015e+06,5.42824e+06,2020-08-02 00:00:00
4.52,1.63666e+06,209427,диетическое,2020,Костромская область,3.11292e+06,5.55762e+06,2020-07-26 00:00:00
4.72,1.62987e+06,188207,диетическое,2020,Костромская область,2.80589e+06,5.2252e+06,2020-07-19 00:00:00
4.52,1.92389e+06,157478,диетическое,2020,Костромская область,2.7473e+06,5.45164e+06,2020-07-12 00:00:00
4.48,2.1203e+06,254187,диетическое,2020,Костромская область,3.58115e+06,6.71801e+06,2020-07-05 00:00:00
4.4,1.61091e+06,212173,диетическое,2020,Костромская область,3.16384e+06,5.64174e+06,2020-06-28 00:00:00
4.28,1.74351e+06,218424,диетическое,2020,Костромская область,3.32863e+06,5.9526e+06,2020-06-21 00:00:00
3.88,1.77191e+06,210671,диетическое,2020,Костромская область,4.07588e+06,6.74166e+06,2020-06-14 00:00:00
3.92,1.86033e+06,221330,диетическое,2020,Костромская область,3.61431e+06,6.37484e+06,2020-06-07 00:00:00
3.92,1.8265e+06,209443,диетическое,2020,Костромская область,3.62044e+06,6.2369e+06,2020-05-31 00:00:00
4.4,1.87321e+06,195991,диетическое,2020,Костромская область,2.9784e+06,5.62171e+06,2020-05-24 00:00:00
4.32,1.64962e+06,168597,диетическое,2020,Костромская область,2.92367e+06,5.28914e+06,2020-05-17 00:00:00
3.72,1.73513e+06,194576,диетическое,2020,Костромская область,4.08586e+06,6.65036e+06,2020-05-10 00:00:00
3.52,3.40315e+06,192474,диетическое,2020,Костромская область,4.34012e+06,8.56753e+06,2020-05-03 00:00:00
4.6,1.72949e+06,196469,диетическое,2020,Костромская область,2.42101e+06,4.92357e+06,2020-04-26 00:00:00
4.2,2.07097e+06,177355,диетическое,2020,Костромская область,3.02447e+06,5.87108e+06,2020-04-19 00:00:00
4.24,1.98882e+06,185199,диетическое,2020,Костромская область,2.84818e+06,5.63664e+06,2020-04-12 00:00:00
4.48,1.88617e+06,225397,диетическое,2020,Костромская область,2.75446e+06,5.46716e+06,2020-04-05 00:00:00
4.4,1.86927e+06,193578,диетическое,2020,Костромская область,2.60953e+06,5.34182e+06,2020-03-29 00:00:00
4.24,2.31439e+06,195791,диетическое,2020,Костромская область,2.34862e+06,5.57181e+06,2020-03-22 00:00:00
4.24,1.73735e+06,194761,диетическое,2020,Костромская область,2.96252e+06,5.55716e+06,2020-03-15 00:00:00
3.84,1.64994e+06,184721,диетическое,2020,Костромская область,3.48427e+06,5.99024e+06,2020-03-08 00:00:00
3.36,2.46093e+06,170581,диетическое,2020,Костромская область,3.51655e+06,6.70013e+06,2020-03-01 00:00:00
3.84,1.9337e+06,172676,диетическое,2020,Костромская область,3.21018e+06,5.95187e+06,2020-02-22 00:00:00
3.84,1.62046e+06,169908,диетическое,2020,Костромская область,3.31516e+06,5.69994e+06,2020-02-15 00:00:00
3.64,2.20039e+06,149459,диетическое,2020,Костромская область,2.90885e+06,5.87122e+06,2020-02-08 00:00:00
3.4,3.46074e+06,177145,диетическое,2020,Костромская область,4.79414e+06,9.03218e+06,2020-02-01 00:00:00
4.24,1.82778e+06,150536,диетическое,2020,Костромская область,2.38096e+06,4.92988e+06,2020-01-25 00:00:00
4.08,2.10845e+06,121614,диетическое,2020,Костромская область,2.78086e+06,5.57092e+06,2020-01-18 00:00:00
3.68,2.48572e+06,103573,диетическое,2020,Костромская область,2.88959e+06,6.02493e+06,2020-01-11 00:00:00
3.72,2.26776e+06,137480,диетическое,2020,Костромская область,2.84365e+06,5.77733e+06,2020-01-04 00:00:00
3.76,2.19246e+06,99997.8,диетическое,2021,Костромская область,1.57923e+06,5.41494e+06,2021-12-25 00:00:00
3.8,1.7742e+06,90983.7,диетическое,2021,Костромская область,1.57532e+06,4.92262e+06,2021-12-18 00:00:00
3.6,2.13729e+06,96836.3,диетическое,2021,Костромская область,1.63864e+06,5.52665e+06,2021-12-11 00:00:00
3.92,1.44967e+06,86152.8,диетическое,2021,Костромская область,1.91664e+06,5.06295e+06,2021-12-04 00:00:00
4.84,1.313e+06,81897.4,диетическое,2021,Костромская область,1.50845e+06,4.1859e+06,2021-11-27 00:00:00
5.28,1.39493e+06,93901.1,диетическое,2021,Костромская область,1.5138e+06,4.25382e+06,2021-11-20 00:00:00
5.92,1.36768e+06,112542,диетическое,2021,Костромская область,1.32691e+06,3.84813e+06,2021-11-13 00:00:00
6.72,1.33339e+06,120964,диетическое,2021,Костромская область,1.11143e+06,3.39506e+06,2021-11-06 00:00:00
6.72,1.18684e+06,92064.5,диетическое,2021,Костромская область,1.12602e+06,3.13983e+06,2021-10-30 00:00:00
5.56,1.12921e+06,82276.2,диетическое,2021,Костромская область,1.39756e+06,3.89904e+06,2021-10-23 00:00:00
5.6,1.60057e+06,108458,диетическое,2021,Костромская область,1.63563e+06,4.87804e+06,2021-10-16 00:00:00
5.36,1.75007e+06,123430,диетическое,2021,Костромская область,2.02138e+06,5.37598e+06,2021-10-09 00:00:00
4.76,1.66418e+06,121961,диетическое,2021,Костромская область,2.3591e+06,5.6525e+06,2021-10-02 00:00:00
4.6,1.92493e+06,117424,диетическое,2021,Костромская область,2.3579e+06,6.07559e+06,2021-09-25 00:00:00
4.88,1.93469e+06,112715,диетическое,2021,Костромская область,1.88869e+06,5.47157e+06,2021-09-18 00:00:00
4.48,1.9765e+06,114241,диетическое,2021,Костромская область,2.2976e+06,6.05976e+06,2021-09-11 00:00:00
4.32,2.17935e+06,107653,диетическое,2021,Костромская область,2.50166e+06,6.68165e+06,2021-09-04 00:00:00
3.96,1.87814e+06,133979,диетическое,2021,Костромская область,2.68311e+06,6.6963e+06,2021-08-28 00:00:00
4.2,1.71207e+06,171379,диетическое,2021,Костромская область,2.64637e+06,6.308e+06,2021-08-21 00:00:00
4.28,2.53899e+06,218247,диетическое,2021,Костромская область,2.2001e+06,6.53834e+06,2021-08-14 00:00:00
4.68,2.03979e+06,211671,диетическое,2021,Костромская область,2.15208e+06,6.14483e+06,2021-08-07 00:00:00
4.88,2.06941e+06,244730,диетическое,2021,Костромская область,1.92206e+06,5.94716e+06,2021-07-31 00:00:00
4.8,2.14754e+06,302735,диетическое,2021,Костромская область,2.0196e+06,6.10405e+06,2021-07-24 00:00:00
4.56,2.03709e+06,278664,диетическое,2021,Костромская область,2.19672e+06,6.20061e+06,2021-07-17 00:00:00
4.32,2.1174e+06,292541,диетическое,2021,Костромская область,2.39936e+06,6.72169e+06,2021-07-10 00:00:00
4.4,2.43961e+06,356022,диетическое,2021,Костромская область,2.40903e+06,7.08746e+06,2021-07-03 00:00:00
4.12,1.96732e+06,328206,диетическое,2021,Костромская область,2.33353e+06,6.40728e+06,2021-06-26 00:00:00
4.24,2.04511e+06,319712,диетическое,2021,Костромская область,2.409e+06,6.52806e+06,2021-06-19 00:00:00
4.04,1.86993e+06,328654,диетическое,2021,Костромская область,2.59793e+06,6.50623e+06,2021-06-12 00:00:00
3.76,2.13172e+06,373358,диетическое,2021,Костромская область,2.92196e+06,7.36568e+06,2021-06-05 00:00:00
3.92,2.09751e+06,341992,диетическое,2021,Костромская область,2.52231e+06,6.70099e+06,2021-05-29 00:00:00
3.6,2.17882e+06,329738,диетическое,2021,Костромская область,2.23888e+06,6.50198e+06,2021-05-22 00:00:00
3.88,1.96827e+06,353196,диетическое,2021,Костромская область,2.24748e+06,6.06887e+06,2021-05-15 00:00:00
3.16,2.61565e+06,336388,диетическое,2021,Костромская область,2.71622e+06,7.80846e+06,2021-05-08 00:00:00
3.0,2.62858e+06,291449,диетическое,2021,Костромская область,2.81741e+06,7.66148e+06,2021-05-01 00:00:00
3.36,2.356e+06,325243,диетическое,2021,Костромская область,2.50735e+06,6.93338e+06,2021-04-24 00:00:00
3.72,1.87591e+06,382295,диетическое,2021,Костромская область,2.3704e+06,6.39781e+06,2021-04-17 00:00:00
3.76,1.95836e+06,358016,диетическое,2021,Костромская область,2.24856e+06,6.509e+06,2021-04-10 00:00:00
3.72,2.24725e+06,334735,диетическое,2021,Костромская область,1.80556e+06,6.06084e+06,2021-04-03 00:00:00
3.72,2.14939e+06,311357,диетическое,2021,Костромская область,1.93567e+06,6.60371e+06,2021-03-27 00:00:00
3.64,2.19147e+06,299003,диетическое,2021,Костромская область,1.89362e+06,6.47621e+06,2021-03-20 00:00:00
3.84,1.85526e+06,317337,диетическое,2021,Костромская область,1.75094e+06,6.01756e+06,2021-03-13 00:00:00
3.68,1.97567e+06,325582,диетическое,2021,Костромская область,1.89379e+06,6.42987e+06,2021-03-06 00:00:00
3.56,2.02033e+06,302211,диетическое,2021,Костромская область,1.87388e+06,6.58828e+06,2021-02-28 00:00:00
3.56,2.07396e+06,267509,диетическое,2021,Костромская область,1.7765e+06,6.37402e+06,2021-02-21 00:00:00
3.28,1.97491e+06,278558,диетическое,2021,Костромская область,1.99815e+06,6.80728e+06,2021-02-14 00:00:00
2.8,3.95085e+06,424390,диетическое,2021,Костромская область,2.93034e+06,1.03617e+07,2021-02-07 00:00:00
3.52,2.06919e+06,287234,диетическое,2021,Костромская область,2.12607e+06,6.50667e+06,2021-01-31 00:00:00
3.52,2.45775e+06,272665,диетическое,2021,Костромская область,1.23007e+06,6.24638e+06,2021-01-24 00:00:00
3.6,2.33671e+06,250106,диетическое,2021,Костромская область,1.65335e+06,6.00001e+06,2021-01-17 00:00:00
3.48,2.17355e+06,261931,диетическое,2021,Костромская область,1.73617e+06,6.30341e+06,2021-01-10 00:00:00
2.92,2.8561e+06,257268,диетическое,2021,Костромская область,2.31518e+06,7.73043e+06,2021-01-03 00:00:00
