data/chicken_eggs.csv
AveragePrice,С2,С3,type,year,region,С1,Total Volume,Date
3.84,62956.2,23041.7,диетическое,2020,Курская область,33070.3,156698,2020-12-27 00:00:00
3.92,55520.6,19842.5,диетическое,2020,Курская область,29500,139918,2020-12-20 00:00:00
3.8,62544.2,23843,диетическое,2020,Курская область,31727.5,157146,2020-12-13 00:00:00
3.96,63074.7,28482.7,диетическое,2020,Курская область,34117.4,156114,2020-12-06 00:00:00
3.8,53470.5,22685.8,диетическое,2020,Курская область,31911.1,138859,2020-11-29 00:00:00
4.0,53645,24221.6,диетическое,2020,Курская область,30028.7,133618,2020-11-22 00:00:00
4.04,80244.6,36860.5,диетическое,2020,Курская область,28543.9,169281,2020-11-15 00:00:00
4.12,54456,49282.2,диетическое,2020,Курская область,30860.7,164322,2020-11-08 00:00:00
4.44,47079.7,53968.9,диетическое,2020,Курская область,33371.6,171794,2020-11-01 00:00:00
5.08,38356.8,44882.5,диетическое,2020,Курская область,23093.9,140921,2020-10-25 00:00:00
5.04,54518.8,44707.3,диетическое,2020,Курская область,22805,156566,2020-10-18 00:00:00
4.56,45669.3,58989.8,диетическое,2020,Курская область,22941.6,167397,2020-10-11 00:00:00
4.88,44671.1,40366.9,диетическое,2020,Курская область,23648.9,146738,2020-10-04 00:00:00
4.36,54210,58551.6,диетическое,2020,Курская область,24397.9,168780,2020-09-27 00:00:00
4.8,46906.1,41261.8,диетическое,2020,Курская область,25922.7,161444,2020-09-20 00:00:00
4.76,41616.9,36469.4,диетическое,2020,Курская область,30122.9,171078,2020-09-13 00:00:00
4.04,62187.5,64372.3,диетическое,2020,Курская область,35126.7,227728,2020-09-06 00:00:00
4.8,41701,38130.3,диетическое,2020,Курская область,33512,179027,2020-08-30 00:00:00
4.6,50475.6,41677.6,диетическое,2020,Курская область,32280.6,203298,2020-08-23 00:00:00
4.96,42068.1,41343.3,диетическое,2020,Курская область,32128.6,178526,2020-08-16 00:00:00
4.84,43782.9,37614.3,диетическое,2020,Курская область,29915.8,173059,2020-08-09 00:00:00
4.96,48686.8,39734.9,диетическое,2020,Курская область,30200.3,179322,2020-08-02 00:00:00
4.92,39607.9,39260.7,диетическое,2020,Курская область,30901.1,173897,2020-07-26 00:00:00
4.76,49072.2,39515.3,диетическое,2020,Курская область,33382.1,187575,2020-07-19 00:00:00
4.72,56317.4,35107.1,диетическое,2020,Курская область,23580.7,182857,2020-07-12 00:00:00
4.72,73470.3,40602.2,диетическое,2020,Курская область,30803.3,216119,2020-07-05 00:00:00
4.68,58162.3,42044.3,диетическое,2020,Курская область,23693.7,193654,2020-06-28 00:00:00
4.68,58913.5,38260.1,диетическое,2020,Курская область,30951.2,201173,2020-06-21 00:00:00
4.6,64828.8,41193.2,диетическое,2020,Курская область,31247.7,207094,2020-06-14 00:00:00
4.6,45226.7,38578.8,диетическое,2020,Курская область,43524.2,199980,2020-06-07 00:00:00
4.76,43259.9,44529.7,диетическое,2020,Курская область,45688.1,194631,2020-05-31 00:00:00
4.8,59207.6,46014.4,диетическое,2020,Курская область,43628.7,212528,2020-05-24 00:00:00
4.84,46424.3,40248.5,диетическое,2020,Курская область,44340.3,190800,2020-05-17 00:00:00
4.76,42863.8,38370.3,диетическое,2020,Курская область,47626.4,192767,2020-05-10 00:00:00
4.0,69446.6,77627.5,диетическое,2020,Курская область,50203.3,261492,2020-05-03 00:00:00
4.8,44796.9,37961.1,диетическое,2020,Курская область,39481.1,182142,2020-04-26 00:00:00
4.72,41954.3,36041.1,диетическое,2020,Курская область,38330.5,180944,2020-04-19 00:00:00
4.68,50390,39638.3,диетическое,2020,Курская область,48793.4,204005,2020-04-12 00:00:00
4.76,40448.5,36210.1,диетическое,2020,Курская область,43112.4,177919,2020-04-05 00:00:00
4.92,50741.1,40688.4,диетическое,2020,Курская область,34498.1,178788,2020-03-29 00:00:00
4.76,44726.8,37099.2,диетическое,2020,Курская область,41638.5,182876,2020-03-22 00:00:00
4.76,48595.6,43739.9,диетическое,2020,Курская область,39138.4,183944,2020-03-15 00:00:00
5.0,39244.6,36249.6,диетическое,2020,Курская область,29980.2,159387,2020-03-08 00:00:00
4.72,40006.7,34948.9,диетическое,2020,Курская область,45465.2,176146,2020-03-01 00:00:00
4.32,48498.6,61590.3,диетическое,2020,Курская область,44679.6,201741,2020-02-22 00:00:00
4.88,38591.7,40430.5,диетическое,2020,Курская область,28227.8,156799,2020-02-15 00:00:00
4.68,35566.9,31778.7,диетическое,2020,Курская область,31509.4,150139,2020-02-08 00:00:00
3.92,71209.9,80813.9,диетическое,2020,Курская область,52915.5,254010,2020-02-01 00:00:00
4.72,44000.8,31576.2,диетическое,2020,Курская область,37383.4,167270,2020-01-25 00:00:00
5.0,40475.8,38677.4,диетическое,2020,Курская область,26462.9,152671,2020-01-18 00:00:00
5.04,38118.8,40801.8,диетическое,2020,Курская область,31586.3,159943,2020-01-11 00:00:00
4.76,47220.8,38568.9,диетическое,2020,Курская область,29419,166006,2020-01-04 00:00:00
5.0,50792.5,7324.64,диетическое,2021,Курская область,36125.6,155793,2021-12-25 00:00:00
4.96,46276.6,7942.68,диетическое,2021,Курская область,35761.9,144634,2021-12-18 00:00:00
5.32,40971.1,8696.54,диетическое,2021,Курская область,43744.9,145815,2021-12-11 00:00:00
5.36,46285.9,9451.98,диетическое,2021,Курская область,39221.8,154743,2021-12-04 00:00:00
6.16,34346.1,8265.03,диетическое,2021,Курская область,38976,131454,2021-11-27 00:00:00
6.28,28907.5,13913,диетическое,2021,Курская область,44044.7,135608,2021-11-20 00:00:00
6.56,26597.4,22714.7,диетическое,2021,Курская область,49399.4,144089,2021-11-13 00:00:00
6.28,27501.3,25305.9,диетическое,2021,Курская область,36840.7,142096,2021-11-06 00:00:00
6.32,29382.3,26881.2,диетическое,2021,Курская область,39376.4,142955,2021-10-30 00:00:00
6.08,39749.8,20290.3,диетическое,2021,Курская область,54981.9,167741,2021-10-23 00:00:00
5.56,56366.7,17531.8,диетическое,2021,Курская область,57529.1,190846,2021-10-16 00:00:00
6.04,52189.6,19419.6,диетическое,2021,Курская область,43325.9,178236,2021-10-09 00:00:00
5.92,52893.4,16736.9,диетическое,2021,Курская область,46364.8,178411,2021-10-02 00:00:00
5.88,53593.6,17495.4,диетическое,2021,Курская область,54110.8,189132,2021-09-25 00:00:00
5.72,54193.4,16563.9,диетическое,2021,Курская область,43116.4,182978,2021-09-18 00:00:00
5.68,59554.2,17914.5,диетическое,2021,Курская область,34440.7,180989,2021-09-11 00:00:00
5.32,56699.6,18659.5,диетическое,2021,Курская область,58888.3,204964,2021-09-04 00:00:00
5.6,57122.5,15013.4,диетическое,2021,Курская область,54874.6,187985,2021-08-28 00:00:00
5.52,62975.7,20731.3,диетическое,2021,Курская область,44006.6,193593,2021-08-21 00:00:00
5.6,66724.3,23025.4,диетическое,2021,Курская область,39823.6,195251,2021-08-14 00:00:00
5.72,64124.9,24178.2,диетическое,2021,Курская область,48639.9,196381,2021-08-07 00:00:00
5.92,68964.2,24742.1,диетическое,2021,Курская область,39819.9,187969,2021-07-31 00:00:00
5.84,68516.2,26839.4,диетическое,2021,Курская область,34250.3,193909,2021-07-24 00:00:00
5.72,69125.4,25757,диетическое,2021,Курская область,38199.3,196467,2021-07-17 00:00:00
5.04,79103.6,40460.6,диетическое,2021,Курская область,43387.7,233262,2021-07-10 00:00:00
4.8,72710.1,40378.1,диетическое,2021,Курская область,45220.7,233544,2021-07-03 00:00:00
5.12,68054.1,39268.8,диетическое,2021,Курская область,36686,200521,2021-06-26 00:00:00
4.84,77704.6,46282.1,диетическое,2021,Курская область,55097.6,238721,2021-06-19 00:00:00
5.0,74895.5,46177,диетическое,2021,Курская область,42196.8,209096,2021-06-12 00:00:00
5.0,77700.5,41412.2,диетическое,2021,Курская область,37431,209797,2021-06-05 00:00:00
4.84,92110.5,41274.3,диетическое,2021,Курская область,49747.7,235009,2021-05-29 00:00:00
5.04,95769.2,20859.8,диетическое,2021,Курская область,37008.3,203493,2021-05-22 00:00:00
4.48,103793,17607.7,диетическое,2021,Курская область,31853.9,215807,2021-05-15 00:00:00
4.2,113811,18608.4,диетическое,2021,Курская область,55853.8,253623,2021-05-08 00:00:00
4.16,112927,18934.1,диетическое,2021,Курская область,53589.9,249786,2021-05-01 00:00:00
4.48,106492,18456.3,диетическое,2021,Курская область,31821.2,217385,2021-04-24 00:00:00
4.56,100815,17305.8,диетическое,2021,Курская область,37150.7,212441,2021-04-17 00:00:00
4.4,93571.4,16896.7,диетическое,2021,Курская область,39141.6,210588,2021-04-10 00:00:00
4.48,87528.8,14614.7,диетическое,2021,Курская область,35648.2,192342,2021-04-03 00:00:00
4.56,90916.2,15518.9,диетическое,2021,Курская область,32857.8,189945,2021-03-27 00:00:00
4.6,101740,18631.5,диетическое,2021,Курская область,33581.9,205367,2021-03-20 00:00:00
4.2,111944,22961.8,диетическое,2021,Курская область,39325.7,236131,2021-03-13 00:00:00
4.36,98212.7,21768.7,диетическое,2021,Курская область,38805.9,208506,2021-03-06 00:00:00
4.2,106915,19046.2,диетическое,2021,Курская область,35461.1,215161,2021-02-28 00:00:00
4.28,86393.9,19834.3,диетическое,2021,Курская область,36397.4,193132,2021-02-21 00:00:00
4.0,87862,18323.5,диетическое,2021,Курская область,45730.5,204111,2021-02-14 00:00:00
3.2,160545,42056.7,диетическое,2021,Курская область,63128.7,325941,2021-02-07 00:00:00
3.8,108724,25918.8,диетическое,2021,Курская область,36408.5,214136,2021-01-31 00:00:00
3.68,110262,30644.1,диетическое,2021,Курская область,13436.8,207961,2021-01-24 00:00:00
3.92,104175,29112.6,диетическое,2021,Курская область,29997.8,206778,2021-01-17 00:00:00
3.8,94804.7,29602.8,диетическое,2021,Курская область,21275.5,196216,2021-01-10 00:00:00
3.84,87749,31682.4,диетическое,2021,Курская область,42856.9,203962,2021-01-03 00:00:00
