data/chicken_eggs.csv
AveragePrice,С2,С3,type,year,region,С1,Total Volume,Date
3.72,445219,78378.2,диетическое,2020,Липецкая область,42799,661137,2020-12-27 00:00:00
3.64,464574,96306.3,диетическое,2020,Липецкая область,35725,690669,2020-12-20 00:00:00
4.28,451470,94162.5,диетическое,2020,Липецкая область,40380.1,668602,2020-12-13 00:00:00
4.56,455048,92888.4,диетическое,2020,Липецкая область,53173.2,664020,2020-12-06 00:00:00
4.44,422479,74989,диетическое,2020,Липецкая область,42851.5,602481,2020-11-29 00:00:00
3.76,553545,89732.3,диетическое,2020,Липецкая область,34868.5,751898,2020-11-22 00:00:00
4.68,441754,93857.5,диетическое,2020,Липецкая область,31286.1,641882,2020-11-15 00:00:00
4.04,498562,101889,диетическое,2020,Липецкая область,44528.4,711147,2020-11-08 00:00:00
4.0,562215,106537,диетическое,2020,Липецкая область,69420,807041,2020-11-01 00:00:00
4.48,454353,108012,диетическое,2020,Липецкая область,59161.1,687650,2020-10-25 00:00:00
4.6,482992,118311,диетическое,2020,Липецкая область,25883.1,690303,2020-10-18 00:00:00
4.32,503814,119996,диетическое,2020,Липецкая область,16455.5,708914,2020-10-11 00:00:00
4.72,485262,105711,диетическое,2020,Липецкая область,14268.8,675173,2020-10-04 00:00:00
4.6,532029,101194,диетическое,2020,Липецкая область,16484,720502,2020-09-27 00:00:00
4.76,534644,103104,диетическое,2020,Липецкая область,16477.6,729117,2020-09-20 00:00:00
4.76,546965,128620,диетическое,2020,Липецкая область,17172.3,775671,2020-09-13 00:00:00
4.44,581941,122938,диетическое,2020,Липецкая область,17595.5,808678,2020-09-06 00:00:00
4.48,570147,112344,диетическое,2020,Липецкая область,17363.1,773774,2020-08-30 00:00:00
4.8,550360,103622,диетическое,2020,Липецкая область,17596,751850,2020-08-23 00:00:00
4.64,609692,104997,диетическое,2020,Липецкая область,19193.9,817691,2020-08-16 00:00:00
5.0,526303,104796,диетическое,2020,Липецкая область,18237.4,731125,2020-08-09 00:00:00
5.08,559825,97419.3,диетическое,2020,Липецкая область,21607.1,761027,2020-08-02 00:00:00
4.48,577460,99066.6,диетическое,2020,Липецкая область,26653.3,791332,2020-07-26 00:00:00
4.96,560872,116910,диетическое,2020,Липецкая область,20534.8,797060,2020-07-19 00:00:00
5.04,545739,109149,диетическое,2020,Липецкая область,22933.9,772151,2020-07-12 00:00:00
4.96,661207,118635,диетическое,2020,Липецкая область,28422.7,937317,2020-07-05 00:00:00
4.84,524477,104595,диетическое,2020,Липецкая область,27391.5,786250,2020-06-28 00:00:00
4.96,536926,122240,диетическое,2020,Липецкая область,34715.1,804903,2020-06-21 00:00:00
4.84,586037,107908,диетическое,2020,Липецкая область,55227.6,868197,2020-06-14 00:00:00
4.96,544664,122929,диетическое,2020,Липецкая область,51410.5,824216,2020-06-07 00:00:00
5.04,518850,132733,диетическое,2020,Липецкая область,50563.8,803572,2020-05-31 00:00:00
4.92,611797,113476,диетическое,2020,Липецкая область,57568.2,887105,2020-05-24 00:00:00
4.92,569043,109205,диетическое,2020,Липецкая область,54087.8,817870,2020-05-17 00:00:00
4.92,545784,141251,диетическое,2020,Липецкая область,55587.3,835939,2020-05-10 00:00:00
4.16,690168,129694,диетическое,2020,Липецкая область,64798.6,978376,2020-05-03 00:00:00
4.96,543002,97410.4,диетическое,2020,Липецкая область,46749.4,779868,2020-04-26 00:00:00
4.96,594215,93303.2,диетическое,2020,Липецкая область,52850.1,832529,2020-04-19 00:00:00
4.96,488323,83137.8,диетическое,2020,Липецкая область,45104,710719,2020-04-12 00:00:00
5.08,530947,90801.5,диетическое,2020,Липецкая область,38641.2,751812,2020-04-05 00:00:00
4.88,545318,84865.5,диетическое,2020,Липецкая область,25629.5,757272,2020-03-29 00:00:00
4.84,596342,83937.8,диетическое,2020,Липецкая область,29308,799947,2020-03-22 00:00:00
4.36,600833,98822.1,диетическое,2020,Липецкая область,30100.8,827010,2020-03-15 00:00:00
4.72,523118,112934,диетическое,2020,Липецкая область,27489.3,772997,2020-03-08 00:00:00
4.36,637043,111791,диетическое,2020,Липецкая область,24137,863392,2020-03-01 00:00:00
4.72,533387,106178,диетическое,2020,Липецкая область,39072.3,773078,2020-02-22 00:00:00
4.68,488592,110447,диетическое,2020,Липецкая область,29711.8,726401,2020-02-15 00:00:00
4.52,499138,119634,диетическое,2020,Липецкая область,28216.8,729326,2020-02-08 00:00:00
3.64,824745,164884,диетическое,2020,Липецкая область,50783.9,1.13349e+06,2020-02-01 00:00:00
4.88,488218,145882,диетическое,2020,Липецкая область,26117.6,745439,2020-01-25 00:00:00
4.56,533718,140240,диетическое,2020,Липецкая область,24917.8,797741,2020-01-18 00:00:00
4.6,558488,133849,диетическое,2020,Липецкая область,31239.9,802875,2020-01-11 00:00:00
4.44,550752,124506,диетическое,2020,Липецкая область,30270.3,783068,2020-01-04 00:00:00
4.88,352087,110167,диетическое,2021,Липецкая область,67146,616654,2021-12-25 00:00:00
4.72,363658,101491,диетическое,2021,Липецкая область,92760.2,631117,2021-12-18 00:00:00
4.36,449932,103933,диетическое,2021,Липецкая область,84616.3,734954,2021-12-11 00:00:00
5.08,372929,94496.1,диетическое,2021,Липецкая область,90157.6,624751,2021-12-04 00:00:00
4.4,291206,81651.2,диетическое,2021,Липецкая область,151462,581639,2021-11-27 00:00:00
4.52,422382,80126,диетическое,2021,Липецкая область,134285,694873,2021-11-20 00:00:00
7.28,265007,73021.8,диетическое,2021,Липецкая область,34384.6,436711,2021-11-13 00:00:00
8.28,224562,61665.7,диетическое,2021,Липецкая область,31206.8,376477,2021-11-06 00:00:00
8.28,226981,60260.5,диетическое,2021,Липецкая область,33564.9,375214,2021-10-30 00:00:00
7.36,251075,68234.9,диетическое,2021,Липецкая область,46708.9,431274,2021-10-23 00:00:00
7.2,324241,75842,диетическое,2021,Липецкая область,52200,523682,2021-10-16 00:00:00
7.28,314006,90031.8,диетическое,2021,Липецкая область,40105.3,515146,2021-10-09 00:00:00
7.32,311086,90495.4,диетическое,2021,Липецкая область,37926.1,509216,2021-10-02 00:00:00
7.2,337874,98808.7,диетическое,2021,Липецкая область,40600.8,553864,2021-09-25 00:00:00
6.8,340540,97900.8,диетическое,2021,Липецкая область,74368.6,600390,2021-09-18 00:00:00
6.68,355229,99520.9,диетическое,2021,Липецкая область,80472.3,635036,2021-09-11 00:00:00
6.4,415925,91323.8,диетическое,2021,Липецкая область,77981.6,670453,2021-09-04 00:00:00
6.4,373442,93289,диетическое,2021,Липецкая область,54971.2,621716,2021-08-28 00:00:00
6.52,372918,87449.6,диетическое,2021,Липецкая область,62002.4,628099,2021-08-21 00:00:00
6.68,371087,102966,диетическое,2021,Липецкая область,49617,626087,2021-08-14 00:00:00
6.72,385924,103403,диетическое,2021,Липецкая область,40121.1,644670,2021-08-07 00:00:00
6.72,373206,97843.2,диетическое,2021,Липецкая область,38275.5,614939,2021-07-31 00:00:00
6.64,386822,109032,диетическое,2021,Липецкая область,42452.5,658914,2021-07-24 00:00:00
6.04,425776,108231,диетическое,2021,Липецкая область,43789.6,717279,2021-07-17 00:00:00
6.12,381031,150963,диетическое,2021,Липецкая область,52540.8,712081,2021-07-10 00:00:00
4.92,584813,184519,диетическое,2021,Липецкая область,55651.5,974278,2021-07-03 00:00:00
4.72,499474,159812,диетическое,2021,Липецкая область,80280.4,860171,2021-06-26 00:00:00
4.8,550500,163028,диетическое,2021,Липецкая область,64899.8,882074,2021-06-19 00:00:00
5.2,478336,140925,диетическое,2021,Липецкая область,50498.4,770843,2021-06-12 00:00:00
4.8,606702,145607,диетическое,2021,Липецкая область,31729,885603,2021-06-05 00:00:00
4.6,642858,145364,диетическое,2021,Липецкая область,36554.5,958567,2021-05-29 00:00:00
4.44,592065,145104,диетическое,2021,Липецкая область,36568.7,903865,2021-05-22 00:00:00
4.16,609294,157985,диетическое,2021,Липецкая область,49039.6,930403,2021-05-15 00:00:00
3.88,612340,173294,диетическое,2021,Липецкая область,43166.4,974740,2021-05-08 00:00:00
4.0,587919,155290,диетическое,2021,Липецкая область,39249.5,890282,2021-05-01 00:00:00
4.32,592371,151281,диетическое,2021,Липецкая область,34134.4,879308,2021-04-24 00:00:00
4.32,619840,137010,диетическое,2021,Липецкая область,47878.5,913422,2021-04-17 00:00:00
4.44,464982,153442,диетическое,2021,Липецкая область,49679.3,770662,2021-04-10 00:00:00
4.6,457314,139240,диетическое,2021,Липецкая область,36211.7,712210,2021-04-03 00:00:00
3.6,600796,131467,диетическое,2021,Липецкая область,33748.2,865585,2021-03-27 00:00:00
4.44,514604,122808,диетическое,2021,Липецкая область,36017.6,770557,2021-03-20 00:00:00
4.0,569734,125902,диетическое,2021,Липецкая область,39540.5,823797,2021-03-13 00:00:00
4.52,557027,129160,диетическое,2021,Липецкая область,35309.4,809326,2021-03-06 00:00:00
4.6,522790,133067,диетическое,2021,Липецкая область,32414.2,780952,2021-02-28 00:00:00
4.36,483562,125839,диетическое,2021,Липецкая область,39220.3,752336,2021-02-21 00:00:00
4.0,501189,131203,диетическое,2021,Липецкая область,45558,803121,2021-02-14 00:00:00
3.28,758582,155377,диетическое,2021,Липецкая область,68454.4,1.13405e+06,2021-02-07 00:00:00
4.48,512609,132958,диетическое,2021,Липецкая область,35213.9,774091,2021-01-31 00:00:00
4.04,543471,136034,диетическое,2021,Липецкая область,23862.9,794030,2021-01-24 00:00:00
4.44,500624,139310,диетическое,2021,Липецкая область,35099.7,778412,2021-01-17 00:00:00
4.32,534405,143203,диетическое,2021,Липецкая область,44289,844277,2021-01-10 00:00:00
3.72,656387,162054,диетическое,2021,Липецкая область,77301.3,1.00967e+06,2021-01-03 00:00:00
