data/chicken_eggs.csv
AveragePrice,С2,С3,type,year,region,С1,Total Volume,Date
3.48,100444,9546.88,диетическое,2020,Московская область,2633.37,162994,2020-12-27 00:00:00
3.4,108931,7517.01,диетическое,2020,Московская область,2732.05,175426,2020-12-20 00:00:00
3.16,123545,4574.03,диетическое,2020,Московская область,3802.6,207386,2020-12-13 00:00:00
3.32,129979,15475.6,диетическое,2020,Московская область,2914.81,207513,2020-12-06 00:00:00
3.52,94093.6,5885.57,диетическое,2020,Московская область,2399.32,141356,2020-11-29 00:00:00
3.56,115591,9595.72,диетическое,2020,Московская область,2565.81,174893,2020-11-22 00:00:00
3.52,129292,4905.63,диетическое,2020,Московская область,2680,193723,2020-11-15 00:00:00
3.48,156268,19577.3,диетическое,2020,Московская область,2979.02,239070,2020-11-08 00:00:00
3.72,166868,13267.9,диетическое,2020,Московская область,2998.18,254760,2020-11-01 00:00:00
4.04,132626,9187.24,диетическое,2020,Московская область,2264.65,203682,2020-10-25 00:00:00
3.92,131738,8931.62,диетическое,2020,Московская область,2297.3,186045,2020-10-18 00:00:00
3.64,146962,13777.6,диетическое,2020,Московская область,2251.48,213528,2020-10-11 00:00:00
3.72,157238,11767.9,диетическое,2020,Московская область,2132.57,235244,2020-10-04 00:00:00
4.32,138938,11725.4,диетическое,2020,Московская область,2220.62,202013,2020-09-27 00:00:00
4.2,139043,21179.8,диетическое,2020,Московская область,3127.8,210445,2020-09-20 00:00:00
4.2,139864,18310.2,диетическое,2020,Московская область,2195.13,216549,2020-09-13 00:00:00
4.08,154106,8956.92,диетическое,2020,Московская область,2462.55,232158,2020-09-06 00:00:00
4.04,153833,14357,диетическое,2020,Московская область,2623.58,234132,2020-08-30 00:00:00
4.2,141969,5299.54,диетическое,2020,Московская область,2750.77,208609,2020-08-23 00:00:00
4.04,146748,21571.4,диетическое,2020,Московская область,2472.69,234349,2020-08-16 00:00:00
4.32,144958,10922,диетическое,2020,Московская область,2357.57,214374,2020-08-09 00:00:00
4.36,142848,9778.16,диетическое,2020,Московская область,2443.41,206121,2020-08-02 00:00:00
4.12,139527,5691.94,диетическое,2020,Московская область,2474.11,216611,2020-07-26 00:00:00
4.24,146966,14449.3,диетическое,2020,Московская область,3726.35,223479,2020-07-19 00:00:00
4.12,148643,4243.48,диетическое,2020,Московская область,3503.25,218171,2020-07-12 00:00:00
4.12,165480,10201.8,диетическое,2020,Московская область,3238.38,250626,2020-07-05 00:00:00
4.04,144984,3666.71,диетическое,2020,Московская область,3691.48,225166,2020-06-28 00:00:00
4.08,158957,15259.5,диетическое,2020,Московская область,3795.3,243012,2020-06-21 00:00:00
4.2,145975,10046.6,диетическое,2020,Московская область,6856.14,229364,2020-06-14 00:00:00
4.28,146360,14601.7,диетическое,2020,Московская область,10630,234982,2020-06-07 00:00:00
4.24,143894,4652.39,диетическое,2020,Московская область,10459.4,222383,2020-05-31 00:00:00
4.4,152036,4490.78,диетическое,2020,Московская область,10258.5,222390,2020-05-24 00:00:00
4.16,150324,14523.8,диетическое,2020,Московская область,10240,234579,2020-05-17 00:00:00
4.24,172174,2408.09,диетическое,2020,Московская область,11982.4,259599,2020-05-10 00:00:00
4.32,162213,7282.09,диетическое,2020,Московская область,11468.9,238141,2020-05-03 00:00:00
4.24,138764,6904.19,диетическое,2020,Московская область,8217.17,214470,2020-04-26 00:00:00
4.08,144901,12959.1,диетическое,2020,Московская область,8229.4,226979,2020-04-19 00:00:00
4.08,120830,1306.19,диетическое,2020,Московская область,11176.7,188938,2020-04-12 00:00:00
4.24,135094,2508.15,диетическое,2020,Московская область,7516.57,196169,2020-04-05 00:00:00
3.8,122178,2448.36,диетическое,2020,Московская область,3014.53,198365,2020-03-29 00:00:00
3.92,137561,23368.2,диетическое,2020,Московская область,2968.26,212720,2020-03-22 00:00:00
3.76,131234,3387.38,диетическое,2020,Московская область,3550.62,196009,2020-03-15 00:00:00
3.48,147536,3678.29,диетическое,2020,Московская область,3470.71,219111,2020-03-08 00:00:00
3.56,157401,18680.7,диетическое,2020,Московская область,3610.46,226952,2020-03-01 00:00:00
3.72,134259,3240.16,диетическое,2020,Московская область,4431.56,183072,2020-02-22 00:00:00
3.76,122866,3067.22,диетическое,2020,Московская область,4399.26,169950,2020-02-15 00:00:00
3.72,140927,4185.64,диетическое,2020,Московская область,4246.12,186617,2020-02-08 00:00:00
3.44,224968,19442.3,диетическое,2020,Московская область,4665.89,300905,2020-02-01 00:00:00
3.72,162645,656.23,диетическое,2020,Московская область,3617.45,213554,2020-01-25 00:00:00
3.72,128858,1086.61,диетическое,2020,Московская область,3333.29,175681,2020-01-18 00:00:00
3.68,153100,1203.53,диетическое,2020,Московская область,3612.86,201392,2020-01-11 00:00:00
3.52,168765,1447.06,диетическое,2020,Московская область,3274.3,228570,2020-01-04 00:00:00
3.28,102227,970.48,диетическое,2021,Московская область,2168.67,276388,2021-12-25 00:00:00
3.96,100542,1472.39,диетическое,2021,Московская область,2279.61,216881,2021-12-18 00:00:00
3.08,101664,753.56,диетическое,2021,Московская область,2474.73,268166,2021-12-11 00:00:00
2.8,132793,2845.22,диетическое,2021,Московская область,2443.73,356617,2021-12-04 00:00:00
4.36,75977.5,690.05,диетическое,2021,Московская область,1811.14,183176,2021-11-27 00:00:00
3.92,85407.8,853.46,диетическое,2021,Московская область,2013.39,242174,2021-11-20 00:00:00
4.28,92084,899.73,диетическое,2021,Московская область,2998.06,249073,2021-11-13 00:00:00
4.32,91902.6,1003.69,диетическое,2021,Московская область,2895.96,239234,2021-11-06 00:00:00
4.08,89381,841.37,диетическое,2021,Московская область,2125.55,241671,2021-10-30 00:00:00
3.84,94637.5,1181.38,диетическое,2021,Московская область,2790.12,273804,2021-10-23 00:00:00
4.28,89324.9,1275.42,диетическое,2021,Московская область,6797.94,246802,2021-10-16 00:00:00
4.04,100995,1223.02,диетическое,2021,Московская область,3166.45,276820,2021-10-09 00:00:00
4.12,105493,1380.85,диетическое,2021,Московская область,3206.27,280396,2021-10-02 00:00:00
4.36,112150,1396.32,диетическое,2021,Московская область,3821.72,268805,2021-09-25 00:00:00
3.84,112907,1335.29,диетическое,2021,Московская область,6195.29,288857,2021-09-18 00:00:00
4.16,122059,1567.4,диетическое,2021,Московская область,5370.62,266720,2021-09-11 00:00:00
4.48,117600,2099.28,диетическое,2021,Московская область,3789.59,252059,2021-09-04 00:00:00
4.52,126642,1683.71,диетическое,2021,Московская область,3862.97,259143,2021-08-28 00:00:00
4.28,118303,1922.26,диетическое,2021,Московская область,3838.13,256195,2021-08-21 00:00:00
4.12,125988,2661.69,диетическое,2021,Московская область,4691,274250,2021-08-14 00:00:00
4.12,130022,3143.09,диетическое,2021,Московская область,5244.48,266196,2021-08-07 00:00:00
4.28,129945,3804.63,диетическое,2021,Московская область,4322.1,254690,2021-07-31 00:00:00
4.4,133484,7052.87,диетическое,2021,Московская область,4346.75,264195,2021-07-24 00:00:00
4.2,136099,6998.74,диетическое,2021,Московская область,5441.72,280542,2021-07-17 00:00:00
4.24,149185,6514.15,диетическое,2021,Московская область,4664.36,266812,2021-07-10 00:00:00
3.36,168217,6496.41,диетическое,2021,Московская область,4595.22,330182,2021-07-03 00:00:00
3.68,161667,9805.14,диетическое,2021,Московская область,4553.86,280230,2021-06-26 00:00:00
3.64,154162,14007.2,диетическое,2021,Московская область,7033.21,311128,2021-06-19 00:00:00
4.2,149995,7051.08,диетическое,2021,Московская область,7943.24,237774,2021-06-12 00:00:00
3.4,174172,23750.2,диетическое,2021,Московская область,4642.74,310345,2021-06-05 00:00:00
3.36,164356,7148.83,диетическое,2021,Московская область,4644.3,268328,2021-05-29 00:00:00
3.28,144151,6810.54,диетическое,2021,Московская область,4092.03,250388,2021-05-22 00:00:00
3.52,151116,21963.5,диетическое,2021,Московская область,3505.82,250333,2021-05-15 00:00:00
3.44,183122,17789.8,диетическое,2021,Московская область,4411.26,314243,2021-05-08 00:00:00
3.76,156007,9601.89,диетическое,2021,Московская область,4132.98,233581,2021-05-01 00:00:00
3.76,141434,9484.48,диетическое,2021,Московская область,4307.62,218247,2021-04-24 00:00:00
3.72,141000,25464.3,диетическое,2021,Московская область,3369.9,228211,2021-04-17 00:00:00
3.56,125253,8960.13,диетическое,2021,Московская область,4234.86,210310,2021-04-10 00:00:00
3.56,109917,10846.9,диетическое,2021,Московская область,3481.07,191169,2021-04-03 00:00:00
3.6,131467,16191.2,диетическое,2021,Московская область,3097.47,225486,2021-03-27 00:00:00
3.6,132075,16430.1,диетическое,2021,Московская область,3139.27,224943,2021-03-20 00:00:00
3.52,126851,7482.64,диетическое,2021,Московская область,3172.25,210905,2021-03-13 00:00:00
3.4,129150,24314.7,диетическое,2021,Московская область,3704.39,234512,2021-03-06 00:00:00
3.48,129161,16207.1,диетическое,2021,Московская область,4252.39,227594,2021-02-28 00:00:00
3.44,117329,5551.81,диетическое,2021,Московская область,3480.46,190350,2021-02-21 00:00:00
3.44,144375,8008.86,диетическое,2021,Московская область,3898.22,229211,2021-02-14 00:00:00
3.24,177381,30149.6,диетическое,2021,Московская область,4898.28,302338,2021-02-07 00:00:00
3.76,133277,12917.4,диетическое,2021,Московская область,3261.74,203006,2021-01-31 00:00:00
3.56,155257,23681.2,диетическое,2021,Московская область,1985.08,252317,2021-01-24 00:00:00
3.44,142146,7457.43,диетическое,2021,Московская область,3683.42,228861,2021-01-17 00:00:00
3.68,151374,7200.14,диетическое,2021,Московская область,3115.25,218907,2021-01-10 00:00:00
3.6,149328,18924.9,диетическое,2021,Московская область,2730.97,222535,2021-01-03 00:00:00
