data/chicken_eggs.csv
AveragePrice,С2,С3,type,year,region,С1,Total Volume,Date
3.96,27120.7,15564,диетическое,2020,Орловская область,41808.5,107565,2020-12-27 00:00:00
4.12,23198.5,16370.5,диетическое,2020,Орловская область,57557.8,117393,2020-12-20 00:00:00
4.12,21750.8,12957.8,диетическое,2020,Орловская область,69742.6,124617,2020-12-13 00:00:00
3.96,33565.1,24435.1,диетическое,2020,Орловская область,60376.2,137196,2020-12-06 00:00:00
4.12,22858.1,16653.1,диетическое,2020,Орловская область,40352.9,97235.6,2020-11-29 00:00:00
4.16,25643.8,20730.7,диетическое,2020,Орловская область,50334.8,115090,2020-11-22 00:00:00
3.96,26705.7,15258.9,диетическое,2020,Орловская область,52474.8,117463,2020-11-15 00:00:00
3.8,35336.7,29583.9,диетическое,2020,Орловская область,61494.7,152085,2020-11-08 00:00:00
3.96,31821.2,23764.4,диетическое,2020,Орловская область,58162.2,135237,2020-11-01 00:00:00
4.16,23351.2,19024.2,диетическое,2020,Орловская область,59745.5,119210,2020-10-25 00:00:00
3.92,33116.8,18606.6,диетическое,2020,Орловская область,62590.8,137774,2020-10-18 00:00:00
3.6,39207.8,24724.8,диетическое,2020,Орловская область,57480.4,145306,2020-10-11 00:00:00
3.72,38396.1,23069.3,диетическое,2020,Орловская область,53606.3,134327,2020-10-04 00:00:00
4.08,33743.2,18527.8,диетическое,2020,Орловская область,66587.6,137299,2020-09-27 00:00:00
4.0,31599.2,26200.4,диетическое,2020,Орловская область,86031.9,165069,2020-09-20 00:00:00
4.08,31464.7,26703.2,диетическое,2020,Орловская область,86159.1,169025,2020-09-13 00:00:00
4.16,40881,20842.4,диетическое,2020,Орловская область,61052.6,144563,2020-09-06 00:00:00
4.12,32172.8,25751.7,диетическое,2020,Орловская область,64531,147231,2020-08-30 00:00:00
4.32,29728.3,15723.1,диетическое,2020,Орловская область,64597.9,130921,2020-08-23 00:00:00
4.12,36257.4,32383.9,диетическое,2020,Орловская область,63291.4,155882,2020-08-16 00:00:00
4.0,52440.4,20857.4,диетическое,2020,Орловская область,64121.1,167388,2020-08-09 00:00:00
4.2,30063.8,17344.7,диетическое,2020,Орловская область,77973.4,148598,2020-08-02 00:00:00
4.08,25540.1,13557.2,диетическое,2020,Орловская область,91758.4,159846,2020-07-26 00:00:00
4.2,33397.2,24209.4,диетическое,2020,Орловская область,75081,159137,2020-07-19 00:00:00
4.16,32449.2,16034.7,диетическое,2020,Орловская область,69964.4,143993,2020-07-12 00:00:00
3.92,39343.7,24674.6,диетическое,2020,Орловская область,79063.5,173371,2020-07-05 00:00:00
3.76,38877.8,12796.6,диетическое,2020,Орловская область,72752.8,159971,2020-06-28 00:00:00
3.96,40382.5,24529.2,диетическое,2020,Орловская область,67311.2,164161,2020-06-21 00:00:00
4.04,33535.1,20023.6,диетическое,2020,Орловская область,83138.6,171354,2020-06-14 00:00:00
4.12,33225.4,29167.3,диетическое,2020,Орловская область,92111,187984,2020-06-07 00:00:00
4.4,21813.8,13935.1,диетическое,2020,Орловская область,80729,143986,2020-05-31 00:00:00
4.04,37314.2,14261.5,диетическое,2020,Орловская область,85510.9,171880,2020-05-24 00:00:00
4.0,38624.1,22934.9,диетическое,2020,Орловская область,97341.3,180512,2020-05-17 00:00:00
4.4,27581.3,10126.3,диетическое,2020,Орловская область,97879.6,162803,2020-05-10 00:00:00
3.96,53621.2,15882.4,диетическое,2020,Орловская область,79998.6,176738,2020-05-03 00:00:00
4.08,28964,16624.2,диетическое,2020,Орловская область,87214.6,161438,2020-04-26 00:00:00
4.0,40370,26369.3,диетическое,2020,Орловская область,80303.9,172913,2020-04-19 00:00:00
4.28,28065.9,9955.72,диетическое,2020,Орловская область,66513.9,129397,2020-04-12 00:00:00
4.36,30313.4,9926.54,диетическое,2020,Орловская область,67298.4,126110,2020-04-05 00:00:00
3.84,25151.4,8711.76,диетическое,2020,Орловская область,72473.2,139065,2020-03-29 00:00:00
3.76,40165.6,24995.7,диетическое,2020,Орловская область,101143,182625,2020-03-22 00:00:00
4.04,27040.2,9632.1,диетическое,2020,Орловская область,90582.4,149884,2020-03-15 00:00:00
3.8,37382.5,11404.8,диетическое,2020,Орловская область,56323.9,141282,2020-03-08 00:00:00
4.12,36034.6,25775.1,диетическое,2020,Орловская область,55610.6,136795,2020-03-01 00:00:00
4.36,26134.3,10603.5,диетическое,2020,Орловская область,56131.6,114281,2020-02-22 00:00:00
4.2,20940,8939.85,диетическое,2020,Орловская область,52221.9,106664,2020-02-15 00:00:00
3.84,23238.8,7652.85,диетическое,2020,Орловская область,76793,128078,2020-02-08 00:00:00
3.48,59740,21795.6,диетическое,2020,Орловская область,111171,216653,2020-02-01 00:00:00
4.32,32775.1,7822.59,диетическое,2020,Орловская область,53201.7,116996,2020-01-25 00:00:00
4.08,26459,7040.95,диетическое,2020,Орловская область,55532.8,116450,2020-01-18 00:00:00
3.88,34844.5,7190.05,диетическое,2020,Орловская область,64726.7,125742,2020-01-11 00:00:00
3.56,51860.5,7609.24,диетическое,2020,Орловская область,80298.8,158638,2020-01-04 00:00:00
4.28,24334.7,1538.2,диетическое,2021,Орловская область,54284.1,136733,2021-12-25 00:00:00
4.24,31791.3,2522.96,диетическое,2021,Орловская область,55604.5,131322,2021-12-18 00:00:00
3.92,19836.1,1302.46,диетическое,2021,Орловская область,79158.8,144355,2021-12-11 00:00:00
3.36,42477.7,5532.03,диетическое,2021,Орловская область,108398,237639,2021-12-04 00:00:00
4.4,19133.8,1296.49,диетическое,2021,Орловская область,58518,134306,2021-11-27 00:00:00
5.32,21270.5,1335.91,диетическое,2021,Орловская область,50017.1,117299,2021-11-20 00:00:00
5.52,26129.4,1460.24,диетическое,2021,Орловская область,52996.1,116815,2021-11-13 00:00:00
5.64,23397.1,1603.54,диетическое,2021,Орловская область,55230.8,114208,2021-11-06 00:00:00
4.4,16016.6,1373.56,диетическое,2021,Орловская область,75422.4,138566,2021-10-30 00:00:00
4.44,21559.1,1763.25,диетическое,2021,Орловская область,84696.8,156831,2021-10-23 00:00:00
5.24,22128.3,1875.36,диетическое,2021,Орловская область,53963.9,123389,2021-10-16 00:00:00
5.32,23319,1900.96,диетическое,2021,Орловская область,55586.2,120833,2021-10-09 00:00:00
5.2,25747.7,2077.48,диетическое,2021,Орловская область,54053.1,123300,2021-10-02 00:00:00
4.56,37334,2426.04,диетическое,2021,Орловская область,70129.4,151979,2021-09-25 00:00:00
4.28,26634.7,2505.47,диетическое,2021,Орловская область,85332,167438,2021-09-18 00:00:00
4.24,25412.5,2345.13,диетическое,2021,Орловская область,89423.7,177299,2021-09-11 00:00:00
4.24,29161.5,2616.16,диетическое,2021,Орловская область,73011.6,161362,2021-09-04 00:00:00
4.28,34419.8,2593.07,диетическое,2021,Орловская область,71113.3,168758,2021-08-28 00:00:00
4.8,33284.9,2841.74,диетическое,2021,Орловская область,69616.3,154117,2021-08-21 00:00:00
4.68,34064.7,3156.71,диетическое,2021,Орловская область,71827.2,166463,2021-08-14 00:00:00
4.72,37215.9,3955.17,диетическое,2021,Орловская область,70942.5,164282,2021-08-07 00:00:00
4.84,31744.1,4294.96,диетическое,2021,Орловская область,71526,153804,2021-07-31 00:00:00
4.6,34227.3,6083.87,диетическое,2021,Орловская область,73713,173335,2021-07-24 00:00:00
4.72,38319.1,6345.7,диетическое,2021,Орловская область,69177,160413,2021-07-17 00:00:00
4.24,36096.8,5812.55,диетическое,2021,Орловская область,80019.9,170763,2021-07-10 00:00:00
3.76,38361.8,6699.07,диетическое,2021,Орловская область,118888,234975,2021-07-03 00:00:00
4.16,37201.8,10852.8,диетическое,2021,Орловская область,99552.7,201924,2021-06-26 00:00:00
4.52,36827.2,15000.4,диетическое,2021,Орловская область,64425.6,172220,2021-06-19 00:00:00
4.52,32053,8090.3,диетическое,2021,Орловская область,65443.1,163639,2021-06-12 00:00:00
4.28,38734.7,25833.3,диетическое,2021,Орловская область,62727.6,175046,2021-06-05 00:00:00
3.72,36787.2,7985.33,диетическое,2021,Орловская область,95063.1,201748,2021-05-29 00:00:00
3.32,37763.5,6777.98,диетическое,2021,Орловская область,105960,210264,2021-05-22 00:00:00
3.36,47726,21036.7,диетическое,2021,Орловская область,76164.9,202002,2021-05-15 00:00:00
3.6,46435.3,19164.5,диетическое,2021,Орловская область,90444.7,201206,2021-05-08 00:00:00
2.84,47074.4,9592.54,диетическое,2021,Орловская область,111020,224515,2021-05-01 00:00:00
2.88,35758.9,10151.4,диетическое,2021,Орловская область,132005,242277,2021-04-24 00:00:00
3.88,48784.2,27374.6,диетическое,2021,Орловская область,56381.1,172184,2021-04-17 00:00:00
3.84,27302.5,9075.23,диетическое,2021,Орловская область,57345.3,135905,2021-04-10 00:00:00
3.8,28964.3,21042,диетическое,2021,Орловская область,50791.5,147520,2021-04-03 00:00:00
4.04,32127.8,29363.8,диетическое,2021,Орловская область,46922.1,153523,2021-03-27 00:00:00
4.16,35537.8,28532.4,диетическое,2021,Орловская область,46047.4,152572,2021-03-20 00:00:00
4.2,31781.7,18665.9,диетическое,2021,Орловская область,47503.8,140244,2021-03-13 00:00:00
3.8,42501.5,35277.1,диетическое,2021,Орловская область,49586.9,173826,2021-03-06 00:00:00
4.12,41405.8,28499.6,диетическое,2021,Орловская область,48902.4,154968,2021-02-28 00:00:00
4.2,36674,15758,диетическое,2021,Орловская область,46771.8,126068,2021-02-21 00:00:00
3.64,38935.8,17174.6,диетическое,2021,Орловская область,82198.6,173980,2021-02-14 00:00:00
3.24,55303.7,36191.7,диетическое,2021,Орловская область,99884.8,233906,2021-02-07 00:00:00
3.68,38158.3,23466.7,диетическое,2021,Орловская область,78646.7,173312,2021-01-31 00:00:00
3.56,43916.9,35349.8,диетическое,2021,Орловская область,95511.6,213215,2021-01-24 00:00:00
4.12,30084.7,20930.8,диетическое,2021,Орловская область,52491.1,134605,2021-01-17 00:00:00
3.88,33601.8,17903.4,диетическое,2021,Орловская область,82729.5,163977,2021-01-10 00:00:00
3.64,40616.9,32940.1,диетическое,2021,Орловская область,86025.8,192774,2021-01-03 00:00:00
