data/chicken_eggs.csv
AveragePrice,С2,С3,type,year,region,С1,Total Volume,Date
3.2,276557,84913,диетическое,2020,Рязанская область,494426,1.02039e+06,2020-12-27 00:00:00
3.28,257532,91158.3,диетическое,2020,Рязанская область,439793,928051,2020-12-20 00:00:00
3.16,319790,62436.8,диетическое,2020,Рязанская область,476179,980891,2020-12-13 00:00:00
2.96,412692,8533.47,диетическое,2020,Рязанская область,514160,1.05485e+06,2020-12-06 00:00:00
3.2,244880,6211.5,диетическое,2020,Рязанская область,477944,839819,2020-11-29 00:00:00
3.12,264821,9913.68,диетическое,2020,Рязанская область,494873,885067,2020-11-22 00:00:00
2.84,263132,10305.5,диетическое,2020,Рязанская область,642898,1.04044e+06,2020-11-15 00:00:00
3.2,278245,33026.9,диетическое,2020,Рязанская область,563069,977717,2020-11-08 00:00:00
3.12,376913,85323.1,диетическое,2020,Рязанская область,546040,1.11418e+06,2020-11-01 00:00:00
3.44,301144,49959.1,диетическое,2020,Рязанская область,557469,1.01039e+06,2020-10-25 00:00:00
3.32,266044,61892.2,диетическое,2020,Рязанская область,570732,992984,2020-10-18 00:00:00
3.24,349744,99900.9,диетическое,2020,Рязанская область,543167,1.10068e+06,2020-10-11 00:00:00
3.28,439095,50993.1,диетическое,2020,Рязанская область,491729,1.1046e+06,2020-10-04 00:00:00
3.36,390555,25647.5,диетическое,2020,Рязанская область,533088,1.06358e+06,2020-09-27 00:00:00
3.08,425539,10973.1,диетическое,2020,Рязанская область,606586,1.15521e+06,2020-09-20 00:00:00
3.44,494079,9094.89,диетическое,2020,Рязанская область,564968,1.21259e+06,2020-09-13 00:00:00
3.36,505569,9815.66,диетическое,2020,Рязанская область,626167,1.27074e+06,2020-09-06 00:00:00
3.28,309275,7468.25,диетическое,2020,Рязанская область,674671,1.10168e+06,2020-08-30 00:00:00
3.4,321325,8261.74,диетическое,2020,Рязанская область,679441,1.12017e+06,2020-08-23 00:00:00
3.52,287299,7090.26,диетическое,2020,Рязанская область,718595,1.12267e+06,2020-08-16 00:00:00
3.4,332173,7793.22,диетическое,2020,Рязанская область,674531,1.12426e+06,2020-08-09 00:00:00
3.48,253861,4688.24,диетическое,2020,Рязанская область,705846,1.0675e+06,2020-08-02 00:00:00
3.2,406524,6417.32,диетическое,2020,Рязанская область,661846,1.19131e+06,2020-07-26 00:00:00
3.28,364124,4970.49,диетическое,2020,Рязанская область,684455,1.18688e+06,2020-07-19 00:00:00
3.28,319278,4382.19,диетическое,2020,Рязанская область,713426,1.14445e+06,2020-07-12 00:00:00
3.32,334916,5388.47,диетическое,2020,Рязанская область,835216,1.3207e+06,2020-07-05 00:00:00
3.08,302578,7191.26,диетическое,2020,Рязанская область,760374,1.20355e+06,2020-06-28 00:00:00
3.0,375821,8600.7,диетическое,2020,Рязанская область,755351,1.2835e+06,2020-06-21 00:00:00
2.6,353165,7557.93,диетическое,2020,Рязанская область,1.01325e+06,1.50875e+06,2020-06-14 00:00:00
2.92,319284,13350.4,диетическое,2020,Рязанская область,788983,1.25558e+06,2020-06-07 00:00:00
2.72,315653,7287.06,диетическое,2020,Рязанская область,941838,1.37767e+06,2020-05-31 00:00:00
3.24,299938,6833.07,диетическое,2020,Рязанская область,775366,1.18413e+06,2020-05-24 00:00:00
2.92,261026,6382.5,диетическое,2020,Рязанская область,855872,1.2194e+06,2020-05-17 00:00:00
3.0,357330,7803.87,диетическое,2020,Рязанская область,817727,1.29883e+06,2020-05-10 00:00:00
3.08,509070,9753.52,диетическое,2020,Рязанская область,652304,1.28285e+06,2020-05-03 00:00:00
3.24,270228,12091.2,диетическое,2020,Рязанская область,717961,1.10264e+06,2020-04-26 00:00:00
3.2,284293,16013.7,диетическое,2020,Рязанская область,735235,1.13781e+06,2020-04-19 00:00:00
2.88,288421,12596.8,диетическое,2020,Рязанская область,871511,1.2669e+06,2020-04-12 00:00:00
3.08,387746,13592.6,диетическое,2020,Рязанская область,802918,1.32435e+06,2020-04-05 00:00:00
3.16,396361,13339.8,диетическое,2020,Рязанская область,645523,1.16481e+06,2020-03-29 00:00:00
2.68,297656,11678.4,диетическое,2020,Рязанская область,925527,1.33342e+06,2020-03-22 00:00:00
2.88,368421,14066,диетическое,2020,Рязанская область,726176,1.21116e+06,2020-03-15 00:00:00
3.0,371564,11201.8,диетическое,2020,Рязанская область,724776,1.21868e+06,2020-03-08 00:00:00
3.28,358628,12398.7,диетическое,2020,Рязанская область,665033,1.14403e+06,2020-03-01 00:00:00
3.2,305789,12580.3,диетическое,2020,Рязанская область,695493,1.1166e+06,2020-02-22 00:00:00
3.08,299799,12657,диетическое,2020,Рязанская область,625814,1.02086e+06,2020-02-15 00:00:00
2.68,376914,12106.6,диетическое,2020,Рязанская область,737969,1.20717e+06,2020-02-08 00:00:00
2.72,495262,18855.3,диетическое,2020,Рязанская область,786167,1.39109e+06,2020-02-01 00:00:00
3.2,271152,9610.83,диетическое,2020,Рязанская область,649344,1.0083e+06,2020-01-25 00:00:00
3.04,374231,15550.6,диетическое,2020,Рязанская область,627091,1.09168e+06,2020-01-18 00:00:00
3.04,348535,11900.8,диетическое,2020,Рязанская область,680572,1.12869e+06,2020-01-11 00:00:00
2.96,374421,9817.28,диетическое,2020,Рязанская область,612796,1.08636e+06,2020-01-04 00:00:00
3.04,313573,3069.14,диетическое,2021,Рязанская область,503169,1.19964e+06,2021-12-25 00:00:00
2.76,250533,2578.35,диетическое,2021,Рязанская область,571587,1.14825e+06,2021-12-18 00:00:00
2.76,188669,3182.11,диетическое,2021,Рязанская область,643580,1.12131e+06,2021-12-11 00:00:00
2.76,187180,3035.64,диетическое,2021,Рязанская область,714900,1.24547e+06,2021-12-04 00:00:00
3.6,158734,2459.77,диетическое,2021,Рязанская область,445308,851579,2021-11-27 00:00:00
4.0,183916,2767.57,диетическое,2021,Рязанская область,503089,910226,2021-11-20 00:00:00
4.32,199890,3946.67,диетическое,2021,Рязанская область,480163,894000,2021-11-13 00:00:00
4.56,163206,1932.2,диетическое,2021,Рязанская область,513466,894905,2021-11-06 00:00:00
4.56,156226,2502.45,диетическое,2021,Рязанская область,432539,801082,2021-10-30 00:00:00
4.32,240421,3183.27,диетическое,2021,Рязанская область,420152,993986,2021-10-23 00:00:00
3.96,188633,2336.58,диетическое,2021,Рязанская область,526672,1.02103e+06,2021-10-16 00:00:00
3.72,283337,5584.96,диетическое,2021,Рязанская область,546921,1.16233e+06,2021-10-09 00:00:00
3.8,186984,1901.89,диетическое,2021,Рязанская область,534107,1.03329e+06,2021-10-02 00:00:00
3.68,228336,1797.85,диетическое,2021,Рязанская область,574457,1.15079e+06,2021-09-25 00:00:00
3.2,269041,2164.71,диетическое,2021,Рязанская область,649266,1.38236e+06,2021-09-18 00:00:00
3.16,230293,2193.26,диетическое,2021,Рязанская область,714506,1.30897e+06,2021-09-11 00:00:00
2.96,256376,2742.25,диетическое,2021,Рязанская область,719597,1.39089e+06,2021-09-04 00:00:00
2.96,255434,2998.26,диетическое,2021,Рязанская область,624795,1.26069e+06,2021-08-28 00:00:00
3.08,231497,4763.04,диетическое,2021,Рязанская область,625055,1.21516e+06,2021-08-21 00:00:00
3.52,240643,3600.78,диетическое,2021,Рязанская область,612988,1.13211e+06,2021-08-14 00:00:00
3.32,241322,3385.24,диетическое,2021,Рязанская область,711726,1.24408e+06,2021-08-07 00:00:00
3.52,213926,4548.4,диетическое,2021,Рязанская область,670208,1.16379e+06,2021-07-31 00:00:00
3.76,228113,4388.77,диетическое,2021,Рязанская область,651631,1.18881e+06,2021-07-24 00:00:00
3.84,210287,7622.87,диетическое,2021,Рязанская область,542103,1.07035e+06,2021-07-17 00:00:00
3.64,205087,40097.2,диетическое,2021,Рязанская область,546253,1.08024e+06,2021-07-10 00:00:00
3.56,273911,95675.3,диетическое,2021,Рязанская область,609483,1.35087e+06,2021-07-03 00:00:00
3.4,213130,86435.9,диетическое,2021,Рязанская область,657915,1.27749e+06,2021-06-26 00:00:00
3.48,250585,61508,диетическое,2021,Рязанская область,633636,1.23682e+06,2021-06-19 00:00:00
3.36,219369,87625.3,диетическое,2021,Рязанская область,695737,1.27217e+06,2021-06-12 00:00:00
3.28,313964,74560.9,диетическое,2021,Рязанская область,655972,1.34366e+06,2021-06-05 00:00:00
3.08,292600,58729.3,диетическое,2021,Рязанская область,682738,1.3547e+06,2021-05-29 00:00:00
2.8,352915,102485,диетическое,2021,Рязанская область,596612,1.37889e+06,2021-05-22 00:00:00
2.84,308644,77616.6,диетическое,2021,Рязанская область,620140,1.36644e+06,2021-05-15 00:00:00
2.88,307561,130305,диетическое,2021,Рязанская область,683287,1.47578e+06,2021-05-08 00:00:00
2.84,319831,63779.2,диетическое,2021,Рязанская область,671693,1.4337e+06,2021-05-01 00:00:00
2.6,327965,102387,диетическое,2021,Рязанская область,672950,1.48292e+06,2021-04-24 00:00:00
2.76,232036,113528,диетическое,2021,Рязанская область,646060,1.33973e+06,2021-04-17 00:00:00
2.76,211182,112050,диетическое,2021,Рязанская область,753608,1.42432e+06,2021-04-10 00:00:00
2.8,245284,112750,диетическое,2021,Рязанская область,690161,1.33921e+06,2021-04-03 00:00:00
3.04,291595,129805,диетическое,2021,Рязанская область,631284,1.34174e+06,2021-03-27 00:00:00
2.96,317080,134806,диетическое,2021,Рязанская область,620849,1.34788e+06,2021-03-20 00:00:00
3.12,217854,118454,диетическое,2021,Рязанская область,647713,1.17731e+06,2021-03-13 00:00:00
3.04,198718,67156.8,диетическое,2021,Рязанская область,705096,1.20177e+06,2021-03-06 00:00:00
2.96,207475,53555.7,диетическое,2021,Рязанская область,717452,1.19963e+06,2021-02-28 00:00:00
3.32,221807,70976.8,диетическое,2021,Рязанская область,543538,1.00618e+06,2021-02-21 00:00:00
2.6,306905,135348,диетическое,2021,Рязанская область,749745,1.35855e+06,2021-02-14 00:00:00
2.84,410258,143876,диетическое,2021,Рязанская область,766439,1.51526e+06,2021-02-07 00:00:00
3.2,287514,78916.5,диетическое,2021,Рязанская область,603100,1.12864e+06,2021-01-31 00:00:00
4.08,289209,47421.5,диетическое,2021,Рязанская область,187313,676032,2021-01-24 00:00:00
3.16,369825,79252,диетическое,2021,Рязанская область,600984,1.16494e+06,2021-01-17 00:00:00
3.4,394770,54920.1,диетическое,2021,Рязанская область,558567,1.14574e+06,2021-01-10 00:00:00
3.12,411340,80184.4,диетическое,2021,Рязанская область,551922,1.19193e+06,2021-01-03 00:00:00
