data/chicken_eggs.csv
AveragePrice,С2,С3,type,year,region,С1,Total Volume,Date
3.92,246747,19103.7,диетическое,2020,Смоленская область,93034.2,625475,2020-12-27 00:00:00
4.2,188263,24477.8,диетическое,2020,Смоленская область,113404,528945,2020-12-20 00:00:00
3.32,321764,29349.3,диетическое,2020,Смоленская область,96222.3,741702,2020-12-13 00:00:00
3.04,378124,8807.96,диетическое,2020,Смоленская область,111259,838225,2020-12-06 00:00:00
4.48,179982,14146.3,диетическое,2020,Смоленская область,85241.4,429110,2020-11-29 00:00:00
3.4,323796,18215.7,диетическое,2020,Смоленская область,100048,724866,2020-11-22 00:00:00
3.28,428999,20029.1,диетическое,2020,Смоленская область,98269.8,925618,2020-11-15 00:00:00
3.72,354455,12294,диетическое,2020,Смоленская область,113965,690634,2020-11-08 00:00:00
3.28,446008,8551.05,диетическое,2020,Смоленская область,140330,831994,2020-11-01 00:00:00
3.72,393921,11222,диетическое,2020,Смоленская область,106239,735207,2020-10-25 00:00:00
3.48,435492,13693.5,диетическое,2020,Смоленская область,117059,805438,2020-10-18 00:00:00
3.6,432102,18840.7,диетическое,2020,Смоленская область,108539,775977,2020-10-11 00:00:00
4.08,364774,27621.7,диетическое,2020,Смоленская область,101712,678936,2020-10-04 00:00:00
3.88,386987,15285.7,диетическое,2020,Смоленская область,119090,694872,2020-09-27 00:00:00
3.92,461272,25530,диетическое,2020,Смоленская область,85382,760083,2020-09-20 00:00:00
4.04,451936,17938.6,диетическое,2020,Смоленская область,115936,735437,2020-09-13 00:00:00
4.36,420366,19090.7,диетическое,2020,Смоленская область,138155,729047,2020-09-06 00:00:00
4.56,421032,19354,диетическое,2020,Смоленская область,119850,721704,2020-08-30 00:00:00
4.8,318116,21420.3,диетическое,2020,Смоленская область,135262,598195,2020-08-23 00:00:00
4.68,348864,18154.6,диетическое,2020,Смоленская область,157630,648148,2020-08-16 00:00:00
4.36,377129,24025.8,диетическое,2020,Смоленская область,131770,669377,2020-08-09 00:00:00
4.2,423520,16711,диетическое,2020,Смоленская область,153499,727917,2020-08-02 00:00:00
4.72,376355,25777.8,диетическое,2020,Смоленская область,138943,703673,2020-07-26 00:00:00
4.4,513055,17089.2,диетическое,2020,Смоленская область,119266,857873,2020-07-19 00:00:00
4.72,423853,22068.2,диетическое,2020,Смоленская область,123673,738934,2020-07-12 00:00:00
4.76,428389,19546.9,диетическое,2020,Смоленская область,146171,736913,2020-07-05 00:00:00
4.8,362226,18449.6,диетическое,2020,Смоленская область,162886,696698,2020-06-28 00:00:00
4.64,405470,12854,диетическое,2020,Смоленская область,184206,730827,2020-06-21 00:00:00
4.64,401133,17694.2,диетическое,2020,Смоленская область,194447,743006,2020-06-14 00:00:00
4.44,439309,17507.3,диетическое,2020,Смоленская область,167992,782887,2020-06-07 00:00:00
5.04,365471,18725,диетическое,2020,Смоленская область,127748,600378,2020-05-31 00:00:00
4.64,369924,18817.6,диетическое,2020,Смоленская область,198187,657593,2020-05-24 00:00:00
4.84,305201,17377.9,диетическое,2020,Смоленская область,156010,592588,2020-05-17 00:00:00
4.32,454026,16724.3,диетическое,2020,Смоленская область,148763,735145,2020-05-10 00:00:00
4.04,485743,14810.1,диетическое,2020,Смоленская область,182975,781496,2020-05-03 00:00:00
4.76,381779,5981.19,диетическое,2020,Смоленская область,160372,620827,2020-04-26 00:00:00
4.32,544167,6231.67,диетическое,2020,Смоленская область,129744,797021,2020-04-19 00:00:00
4.2,574793,8603.75,диетическое,2020,Смоленская область,176304,858681,2020-04-12 00:00:00
4.76,396450,6308.61,диетическое,2020,Смоленская область,156967,645728,2020-04-05 00:00:00
4.44,371990,4760.21,диетическое,2020,Смоленская область,160679,627546,2020-03-29 00:00:00
4.6,380284,8461.12,диетическое,2020,Смоленская область,131882,603112,2020-03-22 00:00:00
4.12,403061,5122.11,диетическое,2020,Смоленская область,160422,662132,2020-03-15 00:00:00
4.12,491584,7264.83,диетическое,2020,Смоленская область,118578,719793,2020-03-08 00:00:00
4.12,487874,5507.38,диетическое,2020,Смоленская область,101528,670820,2020-03-01 00:00:00
4.0,584094,5686.33,диетическое,2020,Смоленская область,153410,899303,2020-02-22 00:00:00
4.48,404107,7797.57,диетическое,2020,Смоленская область,116908,629074,2020-02-15 00:00:00
3.8,466313,5420.92,диетическое,2020,Смоленская область,153584,766576,2020-02-08 00:00:00
3.72,608156,5736.45,диетическое,2020,Смоленская область,217716,990212,2020-02-01 00:00:00
4.08,422435,4944.79,диетическое,2020,Смоленская область,140914,695659,2020-01-25 00:00:00
3.96,500684,4225.31,диетическое,2020,Смоленская область,151977,808194,2020-01-18 00:00:00
4.36,427723,5357.69,диетическое,2020,Смоленская область,110974,666579,2020-01-11 00:00:00
3.96,429518,5553.6,диетическое,2020,Смоленская область,117454,668086,2020-01-04 00:00:00
4.16,206365,15600.1,диетическое,2021,Смоленская область,123942,765511,2021-12-25 00:00:00
4.16,232183,10972.3,диетическое,2021,Смоленская область,116070,705751,2021-12-18 00:00:00
3.8,219904,11427.6,диетическое,2021,Смоленская область,110203,764135,2021-12-11 00:00:00
3.64,277375,11512.7,диетическое,2021,Смоленская область,129941,855989,2021-12-04 00:00:00
5.2,131941,14113.4,диетическое,2021,Смоленская область,86311.5,455470,2021-11-27 00:00:00
5.12,146401,15291.5,диетическое,2021,Смоленская область,94899.7,543817,2021-11-20 00:00:00
4.72,197035,16010.3,диетическое,2021,Смоленская область,133529,661297,2021-11-13 00:00:00
5.24,148423,18858.6,диетическое,2021,Смоленская область,110498,533948,2021-11-06 00:00:00
4.52,239345,16411.1,диетическое,2021,Смоленская область,99369.7,576354,2021-10-30 00:00:00
4.96,166316,19086.5,диетическое,2021,Смоленская область,100520,594393,2021-10-23 00:00:00
4.6,156075,16490.3,диетическое,2021,Смоленская область,129257,673393,2021-10-16 00:00:00
4.32,240858,13026.1,диетическое,2021,Смоленская область,149622,758237,2021-10-09 00:00:00
4.72,172836,16447.8,диетическое,2021,Смоленская область,124505,677072,2021-10-02 00:00:00
4.6,168060,16829.3,диетическое,2021,Смоленская область,135132,680947,2021-09-25 00:00:00
4.08,198214,16328.8,диетическое,2021,Смоленская область,134608,757358,2021-09-18 00:00:00
3.92,227729,14433,диетическое,2021,Смоленская область,112292,791566,2021-09-11 00:00:00
3.64,254464,17239.6,диетическое,2021,Смоленская область,146922,924278,2021-09-04 00:00:00
3.64,282568,13197.1,диетическое,2021,Смоленская область,138029,957464,2021-08-28 00:00:00
4.88,190695,13732.8,диетическое,2021,Смоленская область,150776,603008,2021-08-21 00:00:00
4.72,189114,19582.8,диетическое,2021,Смоленская область,120450,657981,2021-08-14 00:00:00
4.56,183569,18624.7,диетическое,2021,Смоленская область,168010,695116,2021-08-07 00:00:00
4.6,178801,19083.5,диетическое,2021,Смоленская область,144731,673588,2021-07-31 00:00:00
4.68,187555,19241.1,диетическое,2021,Смоленская область,128025,690893,2021-07-24 00:00:00
4.28,204309,19016.9,диетическое,2021,Смоленская область,145159,771606,2021-07-17 00:00:00
4.16,230362,20484.1,диетическое,2021,Смоленская область,190377,835116,2021-07-10 00:00:00
4.12,256861,21307,диетическое,2021,Смоленская область,170576,815699,2021-07-03 00:00:00
3.92,229713,17278.4,диетическое,2021,Смоленская область,165859,773678,2021-06-26 00:00:00
4.0,224899,20738.3,диетическое,2021,Смоленская область,188106,791014,2021-06-19 00:00:00
3.84,242834,19838.6,диетическое,2021,Смоленская область,179534,819665,2021-06-12 00:00:00
3.4,326967,16485.8,диетическое,2021,Смоленская область,184535,939081,2021-06-05 00:00:00
3.4,282618,33023.5,диетическое,2021,Смоленская область,181471,977871,2021-05-29 00:00:00
3.6,266856,17526.2,диетическое,2021,Смоленская область,160299,932147,2021-05-22 00:00:00
3.6,252574,39117.6,диетическое,2021,Смоленская область,159349,952355,2021-05-15 00:00:00
3.2,427697,13291.1,диетическое,2021,Смоленская область,181355,1.11391e+06,2021-05-08 00:00:00
3.48,261525,15299.3,диетическое,2021,Смоленская область,153152,819111,2021-05-01 00:00:00
3.72,225789,11418.8,диетическое,2021,Смоленская область,132551,661914,2021-04-24 00:00:00
3.12,285968,27996,диетическое,2021,Смоленская область,171832,1.01127e+06,2021-04-17 00:00:00
3.08,353041,11020.7,диетическое,2021,Смоленская область,127375,982818,2021-04-10 00:00:00
3.32,209188,25632.1,диетическое,2021,Смоленская область,153222,829424,2021-04-03 00:00:00
3.8,208644,20423.5,диетическое,2021,Смоленская область,150919,716900,2021-03-27 00:00:00
2.92,360370,10950.5,диетическое,2021,Смоленская область,138939,1.00586e+06,2021-03-20 00:00:00
3.32,261686,33866.1,диетическое,2021,Смоленская область,158017,824793,2021-03-13 00:00:00
3.92,242906,18706.3,диетическое,2021,Смоленская область,145894,671668,2021-03-06 00:00:00
2.96,300336,62908.1,диетическое,2021,Смоленская область,118100,1.05809e+06,2021-02-28 00:00:00
2.92,331998,14973.1,диетическое,2021,Смоленская область,155250,955583,2021-02-21 00:00:00
2.8,277085,17992.6,диетическое,2021,Смоленская область,178547,966134,2021-02-14 00:00:00
2.52,557897,18935.1,диетическое,2021,Смоленская область,230722,1.36556e+06,2021-02-07 00:00:00
3.2,270482,27489.7,диетическое,2021,Смоленская область,167669,892702,2021-01-31 00:00:00
2.4,404617,15454.7,диетическое,2021,Смоленская область,25727.1,1.19552e+06,2021-01-24 00:00:00
2.64,403010,31009.8,диетическое,2021,Смоленская область,118600,1.24517e+06,2021-01-17 00:00:00
2.88,366331,37684.1,диетическое,2021,Смоленская область,146631,1.09495e+06,2021-01-10 00:00:00
2.4,526049,10374.5,диетическое,2021,Смоленская область,114122,1.29525e+06,2021-01-03 00:00:00
