data/chicken_eggs.csv
AveragePrice,С2,С3,type,year,region,С1,Total Volume,Date
4.32,50545.8,59789.2,диетическое,2020,Тамбовская область,83097.3,255500,2020-12-27 00:00:00
4.4,42663.1,45459.8,диетическое,2020,Тамбовская область,110508,250436,2020-12-20 00:00:00
4.2,38088.9,47788.5,диетическое,2020,Тамбовская область,132206,275588,2020-12-13 00:00:00
3.92,78805.6,113791,диетическое,2020,Тамбовская область,92957.6,339797,2020-12-06 00:00:00
4.44,38244.1,63664.1,диетическое,2020,Тамбовская область,84236,228427,2020-11-29 00:00:00
4.36,55945.2,63404,диетическое,2020,Тамбовская область,95526.8,270529,2020-11-22 00:00:00
4.4,35472.8,52490.9,диетическое,2020,Тамбовская область,88132.7,248933,2020-11-15 00:00:00
4.12,72647.2,113928,диетическое,2020,Тамбовская область,103367,343646,2020-11-08 00:00:00
4.16,67252.3,104530,диетическое,2020,Тамбовская область,112432,340747,2020-11-01 00:00:00
4.68,49927.7,74327.9,диетическое,2020,Тамбовская область,84319,251337,2020-10-25 00:00:00
3.88,97788,72553.2,диетическое,2020,Тамбовская область,117479,358143,2020-10-18 00:00:00
3.96,105188,72960.8,диетическое,2020,Тамбовская область,110374,362401,2020-10-11 00:00:00
4.4,60336.3,90271.4,диетическое,2020,Тамбовская область,81617.7,286401,2020-10-04 00:00:00
4.68,43702.5,78776.6,диетическое,2020,Тамбовская область,88573.6,257472,2020-09-27 00:00:00
4.0,71335.6,111298,диетическое,2020,Тамбовская область,129945,373545,2020-09-20 00:00:00
4.12,73572.7,106453,диетическое,2020,Тамбовская область,151274,401473,2020-09-13 00:00:00
4.36,51351.1,79770.3,диетическое,2020,Тамбовская область,143928,336982,2020-09-06 00:00:00
3.84,75478,100520,диетическое,2020,Тамбовская область,177827,422763,2020-08-30 00:00:00
4.44,36663.3,61914.7,диетическое,2020,Тамбовская область,114209,267968,2020-08-23 00:00:00
3.88,86784,125070,диетическое,2020,Тамбовская область,113822,400252,2020-08-16 00:00:00
4.28,56896.4,80145.9,диетическое,2020,Тамбовская область,136800,341290,2020-08-09 00:00:00
4.16,58592.3,76533.6,диетическое,2020,Тамбовская область,157018,364736,2020-08-02 00:00:00
3.96,38501.2,63099.7,диетическое,2020,Тамбовская область,119085,326234,2020-07-26 00:00:00
4.16,66224,105282,диетическое,2020,Тамбовская область,125844,370831,2020-07-19 00:00:00
4.08,36569.7,62708.1,диетическое,2020,Тамбовская область,127995,310050,2020-07-12 00:00:00
4.24,62718.3,96051.2,диетическое,2020,Тамбовская область,140339,373692,2020-07-05 00:00:00
4.0,30175.6,48618.8,диетическое,2020,Тамбовская область,135231,329754,2020-06-28 00:00:00
3.88,87075.8,121665,диетическое,2020,Тамбовская область,133405,424581,2020-06-21 00:00:00
4.16,58418.2,90747.6,диетическое,2020,Тамбовская область,136803,372414,2020-06-14 00:00:00
3.88,87106.5,131114,диетическое,2020,Тамбовская область,153215,447814,2020-06-07 00:00:00
4.36,28903.9,53233.7,диетическое,2020,Тамбовская область,162243,324401,2020-05-31 00:00:00
4.12,34774,46503.6,диетическое,2020,Тамбовская область,193348,373245,2020-05-24 00:00:00
3.8,98513.1,116504,диетическое,2020,Тамбовская область,214238,495156,2020-05-17 00:00:00
4.44,42422.7,48825.2,диетическое,2020,Тамбовская область,177873,360918,2020-05-10 00:00:00
4.24,71919.5,74593.8,диетическое,2020,Тамбовская область,161288,374660,2020-05-03 00:00:00
4.04,61051.4,66651.8,диетическое,2020,Тамбовская область,133323,361243,2020-04-26 00:00:00
3.84,139016,107931,диетическое,2020,Тамбовская область,140434,468643,2020-04-19 00:00:00
4.08,24663.5,43008.1,диетическое,2020,Тамбовская область,96441.8,271182,2020-04-12 00:00:00
4.44,62859.8,49925.6,диетическое,2020,Тамбовская область,113211,295385,2020-04-05 00:00:00
3.88,28182.9,38352.4,диетическое,2020,Тамбовская область,120782,304048,2020-03-29 00:00:00
3.88,109058,144746,диетическое,2020,Тамбовская область,138398,455372,2020-03-22 00:00:00
4.52,31613.5,48302.8,диетическое,2020,Тамбовская область,107980,254975,2020-03-15 00:00:00
4.04,29942.9,46763.1,диетическое,2020,Тамбовская область,97420.1,278695,2020-03-08 00:00:00
3.88,101935,129286,диетическое,2020,Тамбовская область,97605.7,397900,2020-03-01 00:00:00
4.6,34703.3,46471.6,диетическое,2020,Тамбовская область,99207.1,250889,2020-02-22 00:00:00
4.64,31170.1,41639.7,диетическое,2020,Тамбовская область,100595,255598,2020-02-15 00:00:00
4.44,35996.8,40515.8,диетическое,2020,Тамбовская область,129910,268196,2020-02-08 00:00:00
3.68,136120,127174,диетическое,2020,Тамбовская область,205775,539751,2020-02-01 00:00:00
4.76,47558.4,45889.3,диетическое,2020,Тамбовская область,110113,277325,2020-01-25 00:00:00
4.4,45446.2,37740.2,диетическое,2020,Тамбовская область,113617,291788,2020-01-18 00:00:00
4.32,90104.7,76985,диетическое,2020,Тамбовская область,108379,332165,2020-01-11 00:00:00
4.04,117865,74062.8,диетическое,2020,Тамбовская область,121634,369694,2020-01-04 00:00:00
4.24,59758.7,7121.96,диетическое,2021,Тамбовская область,89825,319957,2021-12-25 00:00:00
4.2,85859.3,10805.2,диетическое,2021,Тамбовская область,82536.6,298755,2021-12-18 00:00:00
3.8,44003.6,5245.09,диетическое,2021,Тамбовская область,135590,333110,2021-12-11 00:00:00
3.24,173438,22752.5,диетическое,2021,Тамбовская область,156550,545217,2021-12-04 00:00:00
4.72,47554.2,4974.63,диетическое,2021,Тамбовская область,86557.9,262530,2021-11-27 00:00:00
5.4,46523.7,5327.53,диетическое,2021,Тамбовская область,76104.9,243577,2021-11-20 00:00:00
5.56,43868.3,5687.17,диетическое,2021,Тамбовская область,78974.4,236523,2021-11-13 00:00:00
5.6,46242.8,5688.67,диетическое,2021,Тамбовская область,80604.7,231422,2021-11-06 00:00:00
5.6,41553.7,4805.57,диетическое,2021,Тамбовская область,75576.8,193941,2021-10-30 00:00:00
5.4,51517.1,8023.49,диетическое,2021,Тамбовская область,84500.6,227234,2021-10-23 00:00:00
5.04,51486.2,6767.11,диетическое,2021,Тамбовская область,83560.9,256744,2021-10-16 00:00:00
5.08,50763.7,6966.14,диетическое,2021,Тамбовская область,85266.6,253887,2021-10-09 00:00:00
5.0,49320.2,7837.66,диетическое,2021,Тамбовская область,83699.7,266892,2021-10-02 00:00:00
4.96,50863.1,8202.35,диетическое,2021,Тамбовская область,89632.1,274937,2021-09-25 00:00:00
4.4,53981.5,8602.38,диетическое,2021,Тамбовская область,105596,320748,2021-09-18 00:00:00
4.36,57728.8,10905.6,диетическое,2021,Тамбовская область,123014,339890,2021-09-11 00:00:00
4.32,56047.3,11880.4,диетическое,2021,Тамбовская область,119899,326336,2021-09-04 00:00:00
4.04,54190.1,10761.4,диетическое,2021,Тамбовская область,123354,353421,2021-08-28 00:00:00
4.6,53707.3,13151.8,диетическое,2021,Тамбовская область,121469,316860,2021-08-21 00:00:00
4.32,53136.8,15900.2,диетическое,2021,Тамбовская область,127204,367007,2021-08-14 00:00:00
4.52,60621.6,20552.6,диетическое,2021,Тамбовская область,127164,352764,2021-08-07 00:00:00
4.64,51178.2,23139.4,диетическое,2021,Тамбовская область,133526,340176,2021-07-31 00:00:00
4.6,39970.7,40559.7,диетическое,2021,Тамбовская область,133985,354577,2021-07-24 00:00:00
4.68,41460.7,41888.3,диетическое,2021,Тамбовская область,126818,328238,2021-07-17 00:00:00
4.72,41580.8,38634.5,диетическое,2021,Тамбовская область,117420,311241,2021-07-10 00:00:00
4.68,42029.9,37960.3,диетическое,2021,Тамбовская область,127175,336702,2021-07-03 00:00:00
4.52,50835.8,57170,диетическое,2021,Тамбовская область,116198,344391,2021-06-26 00:00:00
4.0,60807.9,75225.2,диетическое,2021,Тамбовская область,149056,442961,2021-06-19 00:00:00
3.92,38374.4,38384.9,диетическое,2021,Тамбовская область,162656,414532,2021-06-12 00:00:00
3.68,90921,123671,диетическое,2021,Тамбовская область,121770,473131,2021-06-05 00:00:00
4.16,45533,38082.2,диетическое,2021,Тамбовская область,127404,348557,2021-05-29 00:00:00
4.28,40268.7,35077.8,диетическое,2021,Тамбовская область,118921,303331,2021-05-22 00:00:00
3.44,86027.7,120895,диетическое,2021,Тамбовская область,139498,485653,2021-05-15 00:00:00
3.84,84169.7,107930,диетическое,2021,Тамбовская область,168697,500425,2021-05-08 00:00:00
4.0,48135.7,46048.8,диетическое,2021,Тамбовская область,109542,319392,2021-05-01 00:00:00
4.0,50906.2,45925.8,диетическое,2021,Тамбовская область,116268,331110,2021-04-24 00:00:00
3.88,116001,132061,диетическое,2021,Тамбовская область,96173.7,447347,2021-04-17 00:00:00
4.12,30729.1,44982.2,диетическое,2021,Тамбовская область,126215,312996,2021-04-10 00:00:00
4.08,33903.6,72329.2,диетическое,2021,Тамбовская область,121653,335108,2021-04-03 00:00:00
4.2,65448.5,119489,диетическое,2021,Тамбовская область,80333.5,378432,2021-03-27 00:00:00
4.36,67761.9,111819,диетическое,2021,Тамбовская область,78492.1,371639,2021-03-20 00:00:00
4.48,42593.6,65646.8,диетическое,2021,Тамбовская область,82407,299528,2021-03-13 00:00:00
3.88,86747.6,154833,диетическое,2021,Тамбовская область,79240.2,441920,2021-03-06 00:00:00
4.52,66020,108296,диетическое,2021,Тамбовская область,82100.4,342465,2021-02-28 00:00:00
4.8,42300.5,62843.3,диетическое,2021,Тамбовская область,76211.8,247820,2021-02-21 00:00:00
4.0,51191.6,71030.5,диетическое,2021,Тамбовская область,129795,334545,2021-02-14 00:00:00
3.08,118252,192417,диетическое,2021,Тамбовская область,169611,594785,2021-02-07 00:00:00
4.16,59678.3,96298.9,диетическое,2021,Тамбовская область,131407,364613,2021-01-31 00:00:00
3.76,95838,151280,диетическое,2021,Тамбовская область,154051,489585,2021-01-24 00:00:00
4.44,46382.6,78514.1,диетическое,2021,Тамбовская область,82804.2,293247,2021-01-17 00:00:00
4.4,49832.7,73427.1,диетическое,2021,Тамбовская область,133287,325998,2021-01-10 00:00:00
3.44,93942.5,143912,диетическое,2021,Тамбовская область,165617,492700,2021-01-03 00:00:00
