data/chicken_eggs.csv
AveragePrice,С2,С3,type,year,region,С1,Total Volume,Date
4.52,101110,5754.75,диетическое,2020,Тверская область,2992.62,147714,2020-12-27 00:00:00
4.52,85259.9,3211.51,диетическое,2020,Тверская область,2630.11,126262,2020-12-20 00:00:00
4.96,69582.7,3264.07,диетическое,2020,Тверская область,3809.88,117646,2020-12-13 00:00:00
3.72,165454,15635.9,диетическое,2020,Тверская область,4026.57,217175,2020-12-06 00:00:00
4.48,82760.1,3336.97,диетическое,2020,Тверская область,3726.77,120552,2020-11-29 00:00:00
4.44,94794.8,5725.81,диетическое,2020,Тверская область,3734.97,140981,2020-11-22 00:00:00
4.8,74695.4,2506.31,диетическое,2020,Тверская область,3490.77,129449,2020-11-15 00:00:00
3.72,149877,7556.57,диетическое,2020,Тверская область,3970.87,198258,2020-11-08 00:00:00
3.64,147281,8605.43,диетическое,2020,Тверская область,3731.64,205592,2020-11-01 00:00:00
4.56,86434.9,9431.21,диетическое,2020,Тверская область,3899.73,134921,2020-10-25 00:00:00
3.76,118522,17329.2,диетическое,2020,Тверская область,3821.47,184807,2020-10-18 00:00:00
3.88,106364,49279.1,диетическое,2020,Тверская область,3638.99,198770,2020-10-11 00:00:00
3.96,102317,18103.4,диетическое,2020,Тверская область,3241.7,160322,2020-10-04 00:00:00
4.6,87275,13024.3,диетическое,2020,Тверская область,2977.77,137850,2020-09-27 00:00:00
3.52,177686,9651.55,диетическое,2020,Тверская область,3612.73,244696,2020-09-20 00:00:00
3.8,143018,20439.9,диетическое,2020,Тверская область,4113.5,219381,2020-09-13 00:00:00
4.36,111965,6016.37,диетическое,2020,Тверская область,3673.53,170309,2020-09-06 00:00:00
3.64,152332,16719.4,диетическое,2020,Тверская область,3931.2,226899,2020-08-30 00:00:00
5.12,72826.9,5459.79,диетическое,2020,Тверская область,4847.16,128682,2020-08-23 00:00:00
3.56,177610,20395,диетическое,2020,Тверская область,5134.58,268902,2020-08-16 00:00:00
4.32,120579,8389.85,диетическое,2020,Тверская область,4807.41,186733,2020-08-09 00:00:00
4.2,109854,10359.6,диетическое,2020,Тверская область,4122.95,184067,2020-08-02 00:00:00
4.48,66065.8,9957.92,диетическое,2020,Тверская область,3192.59,153869,2020-07-26 00:00:00
4.2,122123,29478.3,диетическое,2020,Тверская область,2680.7,215736,2020-07-19 00:00:00
4.76,66045.8,9833.58,диетическое,2020,Тверская область,4663.59,153113,2020-07-12 00:00:00
4.64,109358,34986.3,диетическое,2020,Тверская область,2709.26,202843,2020-07-05 00:00:00
4.4,55014.3,9941.32,диетическое,2020,Тверская область,3089.5,155972,2020-06-28 00:00:00
3.84,167585,32903.1,диетическое,2020,Тверская область,2552.14,265556,2020-06-21 00:00:00
4.28,116393,4934.17,диетическое,2020,Тверская область,4446.1,197388,2020-06-14 00:00:00
4.56,134230,10407.6,диетическое,2020,Тверская область,6926.42,212599,2020-06-07 00:00:00
5.24,90411.8,3360.05,диетическое,2020,Тверская область,7097,167908,2020-05-31 00:00:00
5.2,74169,3111.69,диетическое,2020,Тверская область,7888.33,158917,2020-05-24 00:00:00
3.88,202939,12421.4,диетическое,2020,Тверская область,5515.43,277502,2020-05-17 00:00:00
5.44,84947.7,3817.57,диетическое,2020,Тверская область,7383.85,159643,2020-05-10 00:00:00
4.24,176718,6727.83,диетическое,2020,Тверская область,6301.92,238551,2020-05-03 00:00:00
4.36,105591,6421.76,диетическое,2020,Тверская область,4480.46,189609,2020-04-26 00:00:00
3.72,217324,15023.7,диетическое,2020,Тверская область,5547.29,310672,2020-04-19 00:00:00
4.52,66804.3,2717.16,диетическое,2020,Тверская область,5875.73,147494,2020-04-12 00:00:00
4.88,92044.8,5487.61,диетическое,2020,Тверская область,4487.21,157722,2020-04-05 00:00:00
4.44,63600.7,3003.97,диетическое,2020,Тверская область,1977.68,149631,2020-03-29 00:00:00
3.64,231212,19098,диетическое,2020,Тверская область,1930.32,311877,2020-03-22 00:00:00
5.4,69452.5,4214.32,диетическое,2020,Тверская область,1621.03,123895,2020-03-15 00:00:00
4.32,68592.4,3903.17,диетическое,2020,Тверская область,1783.51,146836,2020-03-08 00:00:00
3.8,182094,26454.4,диетическое,2020,Тверская область,1355.2,263987,2020-03-01 00:00:00
5.24,69934.9,4894.78,диетическое,2020,Тверская область,1593.4,129296,2020-02-22 00:00:00
4.84,67025.6,4215.01,диетическое,2020,Тверская область,1659.05,136761,2020-02-15 00:00:00
4.96,74113.5,4855.23,диетическое,2020,Тверская область,1155.67,132621,2020-02-08 00:00:00
3.76,240216,19211.5,диетическое,2020,Тверская область,1621.68,309472,2020-02-01 00:00:00
4.76,78092.7,6374.01,диетическое,2020,Тверская область,1112.09,144302,2020-01-25 00:00:00
4.28,78433.4,6411.99,диетическое,2020,Тверская область,970.13,150201,2020-01-18 00:00:00
4.12,127984,13798.9,диетическое,2020,Тверская область,972.96,185135,2020-01-11 00:00:00
3.8,189349,22612.5,диетическое,2020,Тверская область,1097,258980,2020-01-04 00:00:00
5.32,91323.3,3768.64,диетическое,2021,Тверская область,1345.56,149349,2021-12-25 00:00:00
4.56,109289,4631.16,диетическое,2021,Тверская область,908.23,161137,2021-12-18 00:00:00
4.8,60598.8,2268.01,диетическое,2021,Тверская область,1044.89,128166,2021-12-11 00:00:00
3.68,189102,9125.63,диетическое,2021,Тверская область,1092.97,263904,2021-12-04 00:00:00
5.76,62173.5,2035.91,диетическое,2021,Тверская область,1329.56,103698,2021-11-27 00:00:00
5.84,82541.7,2576.45,диетическое,2021,Тверская область,1165.74,127393,2021-11-20 00:00:00
6.36,62841.8,2934.42,диетическое,2021,Тверская область,1340.96,118567,2021-11-13 00:00:00
6.68,58869.4,2785.71,диетическое,2021,Тверская область,1858.84,100001,2021-11-06 00:00:00
5.68,80587.9,2821.22,диетическое,2021,Тверская область,1991.45,107014,2021-10-30 00:00:00
6.88,64735.9,3120.36,диетическое,2021,Тверская область,1234.72,100905,2021-10-23 00:00:00
6.52,69625.5,3811.2,диетическое,2021,Тверская область,1510.9,117843,2021-10-16 00:00:00
6.48,67528.4,3408.67,диетическое,2021,Тверская область,1531.38,116478,2021-10-09 00:00:00
6.4,67660.2,4166.81,диетическое,2021,Тверская область,1617.76,122092,2021-10-02 00:00:00
6.2,75047.3,4714.89,диетическое,2021,Тверская область,2757.72,137599,2021-09-25 00:00:00
5.96,82346.8,4837.74,диетическое,2021,Тверская область,1406.64,139512,2021-09-18 00:00:00
6.32,76987.5,6085.4,диетическое,2021,Тверская область,1710.59,136492,2021-09-11 00:00:00
6.08,79726.9,8313.96,диетическое,2021,Тверская область,2698.76,142914,2021-09-04 00:00:00
5.8,68530.5,10745,диетическое,2021,Тверская область,2477.85,143050,2021-08-28 00:00:00
6.52,66472.2,18507,диетическое,2021,Тверская область,2041.86,132895,2021-08-21 00:00:00
6.12,61893.1,23661.8,диетическое,2021,Тверская область,1835.81,147711,2021-08-14 00:00:00
6.36,72545.1,19401,диетическое,2021,Тверская область,2219.98,145208,2021-08-07 00:00:00
6.4,78075.9,12112.2,диетическое,2021,Тверская область,2218.73,142302,2021-07-31 00:00:00
6.4,66146.5,26206.7,диетическое,2021,Тверская область,2349.93,149003,2021-07-24 00:00:00
6.32,69205.5,24890.2,диетическое,2021,Тверская область,2136.76,146731,2021-07-17 00:00:00
6.4,70502.4,21317.8,диетическое,2021,Тверская область,1971.43,133748,2021-07-10 00:00:00
5.96,79978.2,20020.4,диетическое,2021,Тверская область,2334.7,159567,2021-07-03 00:00:00
5.04,104540,14725.4,диетическое,2021,Тверская область,2370.43,183547,2021-06-26 00:00:00
5.04,130169,18998.8,диетическое,2021,Тверская область,3034.67,216300,2021-06-19 00:00:00
5.44,93760.1,2234,диетическое,2021,Тверская область,3254.28,167703,2021-06-12 00:00:00
3.72,218135,6825.69,диетическое,2021,Тверская область,1814.45,310904,2021-06-05 00:00:00
5.28,117665,2496.3,диетическое,2021,Тверская область,2079.99,193460,2021-05-29 00:00:00
5.24,84537.1,4986.35,диетическое,2021,Тверская область,1949.63,151841,2021-05-22 00:00:00
3.52,211337,6471.52,диетическое,2021,Тверская область,1673.41,295707,2021-05-15 00:00:00
4.16,201017,5353.11,диетическое,2021,Тверская область,1949.46,272057,2021-05-08 00:00:00
4.48,131194,3002.96,диетическое,2021,Тверская область,1858.07,191903,2021-05-01 00:00:00
4.28,113326,3088.37,диетическое,2021,Тверская область,2001.47,181857,2021-04-24 00:00:00
3.56,256400,8605.75,диетическое,2021,Тверская область,1877.71,332192,2021-04-17 00:00:00
4.68,95776.9,3412.42,диетическое,2021,Тверская область,2129.18,155144,2021-04-10 00:00:00
4.4,97646.2,3234.16,диетическое,2021,Тверская область,2410.14,156883,2021-04-03 00:00:00
3.96,146038,5101.46,диетическое,2021,Тверская область,2298.8,216789,2021-03-27 00:00:00
4.28,140410,4357.31,диетическое,2021,Тверская область,2126.48,208712,2021-03-20 00:00:00
4.6,91194.5,2607.73,диетическое,2021,Тверская область,2180.17,149120,2021-03-13 00:00:00
3.64,191952,7752.62,диетическое,2021,Тверская область,1974.52,259568,2021-03-06 00:00:00
4.28,141142,5163.51,диетическое,2021,Тверская область,2248.94,202356,2021-02-28 00:00:00
4.64,93603.6,4067.71,диетическое,2021,Тверская область,3581.34,142682,2021-02-21 00:00:00
4.52,98244,14048.1,диетическое,2021,Тверская область,3573.23,154975,2021-02-14 00:00:00
3.76,205007,43866.6,диетическое,2021,Тверская область,3935.71,290556,2021-02-07 00:00:00
4.52,126342,14941.4,диетическое,2021,Тверская область,3588.83,182987,2021-01-31 00:00:00
3.76,195586,16377.2,диетическое,2021,Тверская область,2407.36,260599,2021-01-24 00:00:00
4.2,106815,5407,диетическое,2021,Тверская область,3810.41,172166,2021-01-17 00:00:00
4.68,110381,3921.19,диетическое,2021,Тверская область,3614.64,160433,2021-01-10 00:00:00
3.68,191590,12294.2,диетическое,2021,Тверская область,3985.19,258889,2021-01-03 00:00:00
