data/chicken_eggs.csv
AveragePrice,С2,С3,type,year,region,С1,Total Volume,Date
4.04,1.41181e+06,254630,диетическое,2020,Тульская область,336674,2.5806e+06,2020-12-27 00:00:00
4.04,1.3374e+06,241581,диетическое,2020,Тульская область,383702,2.50475e+06,2020-12-20 00:00:00
4.12,1.34245e+06,228577,диетическое,2020,Тульская область,463350,2.60845e+06,2020-12-13 00:00:00
4.0,1.68059e+06,398321,диетическое,2020,Тульская область,401676,2.98135e+06,2020-12-06 00:00:00
4.28,1.19943e+06,248819,диетическое,2020,Тульская область,318661,2.19841e+06,2020-11-29 00:00:00
4.12,1.47187e+06,280544,диетическое,2020,Тульская область,347803,2.60182e+06,2020-11-22 00:00:00
4.36,1.32282e+06,248635,диетическое,2020,Тульская область,342003,2.49404e+06,2020-11-15 00:00:00
3.92,1.7947e+06,425243,диетическое,2020,Тульская область,410061,3.18495e+06,2020-11-08 00:00:00
4.0,1.82551e+06,388703,диетическое,2020,Тульская область,436344,3.22912e+06,2020-11-01 00:00:00
4.4,1.46007e+06,331097,диетическое,2020,Тульская область,383560,2.67154e+06,2020-10-25 00:00:00
4.12,1.69584e+06,353742,диетическое,2020,Тульская область,396691,2.98155e+06,2020-10-18 00:00:00
4.08,1.65224e+06,456771,диетическое,2020,Тульская область,355509,3.00413e+06,2020-10-11 00:00:00
4.2,1.63249e+06,381987,диетическое,2020,Тульская область,296033,2.81468e+06,2020-10-04 00:00:00
4.4,1.60578e+06,344489,диетическое,2020,Тульская область,343272,2.77007e+06,2020-09-27 00:00:00
4.08,1.88711e+06,418235,диетическое,2020,Тульская область,460476,3.33625e+06,2020-09-20 00:00:00
4.12,1.95815e+06,447108,диетическое,2020,Тульская область,492741,3.53248e+06,2020-09-13 00:00:00
4.28,1.87639e+06,348449,диетическое,2020,Тульская область,432771,3.27256e+06,2020-09-06 00:00:00
4.16,1.87773e+06,419390,диетическое,2020,Тульская область,478858,3.3888e+06,2020-08-30 00:00:00
4.56,1.59691e+06,279711,диетическое,2020,Тульская область,404182,2.84913e+06,2020-08-23 00:00:00
4.12,2.08715e+06,475383,диетическое,2020,Тульская область,414757,3.65338e+06,2020-08-16 00:00:00
4.48,1.83986e+06,331337,диетическое,2020,Тульская область,420920,3.23014e+06,2020-08-09 00:00:00
4.56,1.72275e+06,321611,диетическое,2020,Тульская область,490577,3.16245e+06,2020-08-02 00:00:00
4.4,1.61636e+06,281882,диетическое,2020,Тульская область,475307,3.1357e+06,2020-07-26 00:00:00
4.48,1.84305e+06,454643,диетическое,2020,Тульская область,449091,3.43686e+06,2020-07-19 00:00:00
4.56,1.61712e+06,288141,диетическое,2020,Тульская область,456044,3.07724e+06,2020-07-12 00:00:00
4.52,2.05513e+06,442060,диетическое,2020,Тульская область,502233,3.774e+06,2020-07-05 00:00:00
4.28,1.63146e+06,261864,диетическое,2020,Тульская область,476722,3.33631e+06,2020-06-28 00:00:00
4.32,1.95844e+06,493929,диетическое,2020,Тульская область,487937,3.72046e+06,2020-06-21 00:00:00
4.48,1.74452e+06,346867,диетическое,2020,Тульская область,604782,3.51119e+06,2020-06-14 00:00:00
4.52,1.72363e+06,447117,диетическое,2020,Тульская область,689242,3.60211e+06,2020-06-07 00:00:00
4.8,1.47898e+06,280465,диетическое,2020,Тульская область,667194,3.15171e+06,2020-05-31 00:00:00
4.6,1.76421e+06,263069,диетическое,2020,Тульская область,758184,3.57405e+06,2020-05-24 00:00:00
4.36,1.93924e+06,406338,диетическое,2020,Тульская область,787080,3.7532e+06,2020-05-17 00:00:00
4.6,1.72331e+06,274260,диетическое,2020,Тульская область,766731,3.50134e+06,2020-05-10 00:00:00
4.2,2.20071e+06,327172,диетическое,2020,Тульская область,719494,3.90105e+06,2020-05-03 00:00:00
4.56,1.58085e+06,294074,диетическое,2020,Тульская область,609506,3.23402e+06,2020-04-26 00:00:00
4.24,2.14025e+06,383841,диетическое,2020,Тульская область,615564,3.85761e+06,2020-04-19 00:00:00
4.44,1.40333e+06,190091,диетическое,2020,Тульская область,548501,2.89599e+06,2020-04-12 00:00:00
4.72,1.59535e+06,221603,диетическое,2020,Тульская область,504488,2.93892e+06,2020-04-05 00:00:00
4.36,1.47288e+06,196545,диетическое,2020,Тульская область,456519,2.97144e+06,2020-03-29 00:00:00
4.16,2.14644e+06,451799,диетическое,2020,Тульская область,543152,3.7466e+06,2020-03-22 00:00:00
4.4,1.62692e+06,223789,диетическое,2020,Тульская область,475450,2.9482e+06,2020-03-15 00:00:00
4.16,1.6751e+06,253979,диетическое,2020,Тульская область,380674,3.13475e+06,2020-03-08 00:00:00
4.08,2.13552e+06,478702,диетическое,2020,Тульская область,353819,3.56675e+06,2020-03-01 00:00:00
4.64,1.48203e+06,246541,диетическое,2020,Тульская область,391401,2.73022e+06,2020-02-22 00:00:00
4.6,1.33142e+06,237030,диетическое,2020,Тульская область,390973,2.61e+06,2020-02-15 00:00:00
4.28,1.54125e+06,238781,диетическое,2020,Тульская область,515789,2.85646e+06,2020-02-08 00:00:00
3.64,2.94856e+06,510154,диетическое,2020,Тульская область,768874,4.87412e+06,2020-02-01 00:00:00
4.52,1.64908e+06,271643,диетическое,2020,Тульская область,390290,2.92869e+06,2020-01-25 00:00:00
4.32,1.65033e+06,257106,диетическое,2020,Тульская область,401683,3.00621e+06,2020-01-18 00:00:00
4.4,1.81862e+06,316857,диетическое,2020,Тульская область,416900,3.06764e+06,2020-01-11 00:00:00
4.08,2.05966e+06,318102,диетическое,2020,Тульская область,467259,3.3828e+06,2020-01-04 00:00:00
4.44,1.25664e+06,146507,диетическое,2021,Тульская область,446144,2.95431e+06,2021-12-25 00:00:00
4.44,1.32746e+06,146479,диетическое,2021,Тульская область,466186,2.79152e+06,2021-12-18 00:00:00
4.12,1.2517e+06,134248,диетическое,2021,Тульская область,593674,3.04852e+06,2021-12-11 00:00:00
3.88,1.76935e+06,179768,диетическое,2021,Тульская область,674158,3.8541e+06,2021-12-04 00:00:00
4.72,937488,109137,диетическое,2021,Тульская область,528089,2.38505e+06,2021-11-27 00:00:00
4.92,1.17623e+06,109089,диетическое,2021,Тульская область,482409,2.63762e+06,2021-11-20 00:00:00
5.64,1.00326e+06,103231,диетическое,2021,Тульская область,378864,2.34881e+06,2021-11-13 00:00:00
5.92,946982,91683.5,диетическое,2021,Тульская область,398012,2.22238e+06,2021-11-06 00:00:00
5.44,955805,88514.2,диетическое,2021,Тульская область,456451,2.27535e+06,2021-10-30 00:00:00
5.4,1.06233e+06,105335,диетическое,2021,Тульская область,480949,2.5286e+06,2021-10-23 00:00:00
5.6,1.1268e+06,111905,диетическое,2021,Тульская область,399216,2.51767e+06,2021-10-16 00:00:00
5.4,1.16253e+06,129381,диетическое,2021,Тульская область,419930,2.6242e+06,2021-10-09 00:00:00
5.52,1.18384e+06,129396,диетическое,2021,Тульская область,389791,2.61881e+06,2021-10-02 00:00:00
5.48,1.28233e+06,144883,диетическое,2021,Тульская область,484580,2.83433e+06,2021-09-25 00:00:00
5.12,1.27841e+06,150024,диетическое,2021,Тульская область,536657,2.99632e+06,2021-09-18 00:00:00
5.2,1.35145e+06,156893,диетическое,2021,Тульская область,552133,3.07805e+06,2021-09-11 00:00:00
5.2,1.43059e+06,158777,диетическое,2021,Тульская область,512921,3.0842e+06,2021-09-04 00:00:00
5.08,1.33017e+06,166365,диетическое,2021,Тульская область,456513,3.02533e+06,2021-08-28 00:00:00
5.36,1.30875e+06,180362,диетическое,2021,Тульская область,450527,2.93397e+06,2021-08-21 00:00:00
5.2,1.31669e+06,217555,диетическое,2021,Тульская область,459026,3.13441e+06,2021-08-14 00:00:00
5.32,1.38795e+06,219477,диетическое,2021,Тульская область,449400,3.10611e+06,2021-08-07 00:00:00
5.36,1.37484e+06,207792,диетическое,2021,Тульская область,448128,3.01343e+06,2021-07-31 00:00:00
5.28,1.38118e+06,293305,диетическое,2021,Тульская область,457453,3.21282e+06,2021-07-24 00:00:00
5.0,1.44166e+06,291137,диетическое,2021,Тульская область,429390,3.26786e+06,2021-07-17 00:00:00
4.96,1.50052e+06,328565,диетическое,2021,Тульская область,478537,3.32706e+06,2021-07-10 00:00:00
4.52,1.7817e+06,367119,диетическое,2021,Тульская область,574426,4.02072e+06,2021-07-03 00:00:00
4.52,1.60991e+06,376048,диетическое,2021,Тульская область,609218,3.64342e+06,2021-06-26 00:00:00
4.4,1.76624e+06,431784,диетическое,2021,Тульская область,608467,3.9551e+06,2021-06-19 00:00:00
4.6,1.51961e+06,285262,диетическое,2021,Тульская область,593779,3.44333e+06,2021-06-12 00:00:00
4.04,2.14778e+06,487106,диетическое,2021,Тульская область,467971,4.18825e+06,2021-06-05 00:00:00
4.2,1.95201e+06,280609,диетическое,2021,Тульская область,583307,3.9253e+06,2021-05-29 00:00:00
4.0,1.78595e+06,285243,диетическое,2021,Тульская область,565308,3.70526e+06,2021-05-22 00:00:00
3.64,2.16541e+06,491345,диетическое,2021,Тульская область,541980,4.3247e+06,2021-05-15 00:00:00
3.76,2.23947e+06,471428,диетическое,2021,Тульская область,610996,4.46048e+06,2021-05-08 00:00:00
3.76,1.92711e+06,320732,диетическое,2021,Тульская область,573870,3.80151e+06,2021-05-01 00:00:00
3.84,1.78714e+06,323412,диетическое,2021,Тульская область,624804,3.73539e+06,2021-04-24 00:00:00
3.92,2.32224e+06,508030,диетическое,2021,Тульская область,441314,4.15422e+06,2021-04-17 00:00:00
4.2,1.4542e+06,299670,диетическое,2021,Тульская область,497880,3.12613e+06,2021-04-10 00:00:00
4.16,1.37351e+06,360264,диетическое,2021,Тульская область,441200,2.96814e+06,2021-04-03 00:00:00
3.88,1.84674e+06,464302,диетическое,2021,Тульская область,370933,3.55778e+06,2021-03-27 00:00:00
4.24,1.73056e+06,425737,диетическое,2021,Тульская область,372245,3.36833e+06,2021-03-20 00:00:00
4.12,1.6685e+06,319149,диетическое,2021,Тульская область,370033,3.1459e+06,2021-03-13 00:00:00
3.92,2.06979e+06,534051,диетическое,2021,Тульская область,372606,3.81811e+06,2021-03-06 00:00:00
4.2,1.86276e+06,427177,диетическое,2021,Тульская область,369567,3.41991e+06,2021-02-28 00:00:00
4.28,1.56643e+06,295942,диетическое,2021,Тульская область,339775,2.83763e+06,2021-02-21 00:00:00
3.84,1.78488e+06,352376,диетическое,2021,Тульская область,502691,3.38695e+06,2021-02-14 00:00:00
3.4,2.64442e+06,704467,диетическое,2021,Тульская область,652666,4.8653e+06,2021-02-07 00:00:00
4.16,1.76205e+06,422064,диетическое,2021,Тульская область,496596,3.33075e+06,2021-01-31 00:00:00
3.8,2.04322e+06,553447,диетическое,2021,Тульская область,473647,3.80697e+06,2021-01-24 00:00:00
4.2,1.69589e+06,357832,диетическое,2021,Тульская область,364950,3.16694e+06,2021-01-17 00:00:00
4.24,1.75394e+06,352247,диетическое,2021,Тульская область,503915,3.3102e+06,2021-01-10 00:00:00
3.68,2.20007e+06,543718,диетическое,2021,Тульская область,604697,4.06558e+06,2021-01-03 00:00:00
