data/chicken_eggs.csv
AveragePrice,С2,С3,type,year,region,С1,Total Volume,Date
4.64,98629.2,149.11,диетическое,2020,Ярославская область,22694.6,173646,2020-12-27 00:00:00
4.44,100758,158.29,диетическое,2020,Ярославская область,24111.3,180186,2020-12-20 00:00:00
4.56,107145,229.97,диетическое,2020,Ярославская область,27053.8,187059,2020-12-13 00:00:00
4.4,99013.9,118.19,диетическое,2020,Ярославская область,25260.2,171196,2020-12-06 00:00:00
4.68,82015.9,110.54,диетическое,2020,Ярославская область,23707.1,146103,2020-11-29 00:00:00
4.64,85742.4,198.26,диетическое,2020,Ярославская область,26602,162429,2020-11-22 00:00:00
4.36,113516,93.58,диетическое,2020,Ярославская область,25483.8,189917,2020-11-15 00:00:00
4.36,137671,169.5,диетическое,2020,Ярославская область,27837.9,214993,2020-11-08 00:00:00
4.52,140626,173.18,диетическое,2020,Ярославская область,28916.2,219970,2020-11-01 00:00:00
4.44,101619,185.61,диетическое,2020,Ярославская область,27595.5,183277,2020-10-25 00:00:00
3.72,186373,408.03,диетическое,2020,Ярославская область,27640.3,264223,2020-10-18 00:00:00
4.2,137367,267.77,диетическое,2020,Ярославская область,32042.5,225080,2020-10-11 00:00:00
4.64,95392.4,323.79,диетическое,2020,Ярославская область,32554.5,188437,2020-10-04 00:00:00
4.6,108386,294.6,диетическое,2020,Ярославская область,30410.3,192478,2020-09-27 00:00:00
4.68,101201,279.75,диетическое,2020,Ярославская область,31925.4,188314,2020-09-20 00:00:00
4.28,170884,294.21,диетическое,2020,Ярославская область,33047.6,254745,2020-09-13 00:00:00
4.76,128772,465.01,диетическое,2020,Ярославская область,37453.6,225495,2020-09-06 00:00:00
4.72,125106,614.86,диетическое,2020,Ярославская область,34595.9,219909,2020-08-30 00:00:00
4.4,128402,584.81,диетическое,2020,Ярославская область,37213.9,222637,2020-08-23 00:00:00
4.36,161019,402.5,диетическое,2020,Ярославская область,37089.5,247813,2020-08-16 00:00:00
4.28,149596,510.58,диетическое,2020,Ярославская область,40320.2,247575,2020-08-09 00:00:00
4.4,143352,733.22,диетическое,2020,Ярославская область,40387.9,242281,2020-08-02 00:00:00
4.68,123456,480.44,диетическое,2020,Ярославская область,39346.1,225228,2020-07-26 00:00:00
4.76,119273,1020.51,диетическое,2020,Ярославская область,42405.8,229651,2020-07-19 00:00:00
4.68,119799,2740.31,диетическое,2020,Ярославская область,42200.1,233639,2020-07-12 00:00:00
4.76,142250,3215.99,диетическое,2020,Ярославская область,49829.4,275845,2020-07-05 00:00:00
4.8,124702,2556.6,диетическое,2020,Ярославская область,42688,243537,2020-06-28 00:00:00
4.76,128615,3182.4,диетическое,2020,Ярославская область,44179.2,255432,2020-06-21 00:00:00
4.52,140404,2028.31,диетическое,2020,Ярославская область,42766.2,277579,2020-06-14 00:00:00
4.84,138950,675.56,диетическое,2020,Ярославская область,40587.9,265638,2020-06-07 00:00:00
4.88,125282,804.17,диетическое,2020,Ярославская область,42572.4,260058,2020-05-31 00:00:00
4.84,132430,777.66,диетическое,2020,Ярославская область,43499.8,270098,2020-05-24 00:00:00
4.76,120943,487.01,диетическое,2020,Ярославская область,44842.5,252844,2020-05-17 00:00:00
4.76,158314,585.43,диетическое,2020,Ярославская область,53021.2,299148,2020-05-10 00:00:00
4.68,130135,527.56,диетическое,2020,Ярославская область,46183.3,255914,2020-05-03 00:00:00
4.84,118534,415.14,диетическое,2020,Ярославская область,45102.3,234322,2020-04-26 00:00:00
4.68,112023,501.77,диетическое,2020,Ярославская область,45693.4,237429,2020-04-19 00:00:00
4.72,101051,400.34,диетическое,2020,Ярославская область,35513.6,201545,2020-04-12 00:00:00
4.84,112157,485.39,диетическое,2020,Ярославская область,35705.8,216377,2020-04-05 00:00:00
4.56,102587,418.1,диетическое,2020,Ярославская область,31891.8,197282,2020-03-29 00:00:00
4.32,129732,481.59,диетическое,2020,Ярославская область,28701.5,219150,2020-03-22 00:00:00
4.8,84433.4,470.53,диетическое,2020,Ярославская область,31225.8,190760,2020-03-15 00:00:00
4.6,75750.8,334.13,диетическое,2020,Ярославская область,38517.2,192278,2020-03-08 00:00:00
4.28,134020,614.07,диетическое,2020,Ярославская область,28900,230913,2020-03-01 00:00:00
4.8,83702.9,506.96,диетическое,2020,Ярославская область,32241.2,191040,2020-02-22 00:00:00
4.88,85311.1,503.53,диетическое,2020,Ярославская область,28592.7,187672,2020-02-15 00:00:00
4.08,126558,722.59,диетическое,2020,Ярославская область,35933.4,239757,2020-02-08 00:00:00
4.24,168622,851.33,диетическое,2020,Ярославская область,42732.1,283138,2020-02-01 00:00:00
4.68,89075.3,426.35,диетическое,2020,Ярославская область,33193.3,206074,2020-01-25 00:00:00
4.96,85410.5,535.87,диетическое,2020,Ярославская область,30928.2,182605,2020-01-18 00:00:00
5.04,78779,582.3,диетическое,2020,Ярославская область,34535.6,178735,2020-01-11 00:00:00
4.2,121021,1286.19,диетическое,2020,Ярославская область,32679.8,203939,2020-01-04 00:00:00
5.8,97383.5,1529.57,диетическое,2021,Ярославская область,28999.8,186180,2021-12-25 00:00:00
4.84,133480,208.63,диетическое,2021,Ярославская область,25826.4,210917,2021-12-18 00:00:00
5.04,115422,112.85,диетическое,2021,Ярославская область,27491.7,202601,2021-12-11 00:00:00
5.6,93528.5,71.39,диетическое,2021,Ярославская область,27161.4,172416,2021-12-04 00:00:00
5.6,81008.1,83.97,диетическое,2021,Ярославская область,26022.5,155286,2021-11-27 00:00:00
5.48,91102.9,117.32,диетическое,2021,Ярославская область,29191.5,191756,2021-11-20 00:00:00
5.68,92584.5,127.17,диетическое,2021,Ярославская область,39007.1,197921,2021-11-13 00:00:00
6.2,82049.8,151.56,диетическое,2021,Ярославская область,40523.2,174837,2021-11-06 00:00:00
6.36,78894.9,87.59,диетическое,2021,Ярославская область,35333,171652,2021-10-30 00:00:00
6.4,99575.8,113.66,диетическое,2021,Ярославская область,35724.1,195809,2021-10-23 00:00:00
5.96,95964.8,176.04,диетическое,2021,Ярославская область,43579.2,205728,2021-10-16 00:00:00
5.68,111487,218.09,диетическое,2021,Ярославская область,43010.8,219090,2021-10-09 00:00:00
5.6,106682,191.99,диетическое,2021,Ярославская область,42262,214727,2021-10-02 00:00:00
5.48,89410.3,183.69,диетическое,2021,Ярославская область,68045.5,222019,2021-09-25 00:00:00
5.04,73638.2,176.87,диетическое,2021,Ярославская область,75557.7,220698,2021-09-18 00:00:00
4.76,103071,124.41,диетическое,2021,Ярославская область,108309,272611,2021-09-11 00:00:00
4.6,112618,230.96,диетическое,2021,Ярославская область,77540.8,311177,2021-09-04 00:00:00
5.28,114244,1086.91,диетическое,2021,Ярославская область,45946.2,269378,2021-08-28 00:00:00
5.12,119685,101.31,диетическое,2021,Ярославская область,41521.9,258309,2021-08-21 00:00:00
4.88,114887,193.77,диетическое,2021,Ярославская область,49712.5,272099,2021-08-14 00:00:00
4.96,109040,538.07,диетическое,2021,Ярославская область,56263.1,267083,2021-08-07 00:00:00
5.48,110155,346.77,диетическое,2021,Ярославская область,48175.7,253672,2021-07-31 00:00:00
5.44,103034,272.62,диетическое,2021,Ярославская область,42713.1,247275,2021-07-24 00:00:00
5.0,99016.8,207.3,диетическое,2021,Ярославская область,37155.3,249118,2021-07-17 00:00:00
4.84,118216,436.85,диетическое,2021,Ярославская область,43879.4,274783,2021-07-10 00:00:00
4.92,129784,762.14,диетическое,2021,Ярославская область,41551.5,287688,2021-07-03 00:00:00
4.96,141143,592.96,диетическое,2021,Ярославская область,38571.5,277479,2021-06-26 00:00:00
5.04,132642,298.49,диетическое,2021,Ярославская область,41124.6,267236,2021-06-19 00:00:00
4.96,114427,124.76,диетическое,2021,Ярославская область,43253.8,250231,2021-06-12 00:00:00
4.92,134735,191.75,диетическое,2021,Ярославская область,40843.2,267226,2021-06-05 00:00:00
4.52,143023,136.56,диетическое,2021,Ярославская область,44168.8,280015,2021-05-29 00:00:00
4.48,124678,182.79,диетическое,2021,Ярославская область,40865.7,257599,2021-05-22 00:00:00
4.32,159859,227.18,диетическое,2021,Ярославская область,34543,270639,2021-05-15 00:00:00
3.64,247409,357.62,диетическое,2021,Ярославская область,47270.4,373545,2021-05-08 00:00:00
3.96,185445,362.87,диетическое,2021,Ярославская область,52276.6,316411,2021-05-01 00:00:00
4.36,157367,235.32,диетическое,2021,Ярославская область,50495.5,283535,2021-04-24 00:00:00
4.2,135972,137.93,диетическое,2021,Ярославская область,42204.5,257744,2021-04-17 00:00:00
4.2,116592,168.03,диетическое,2021,Ярославская область,42096.2,237139,2021-04-10 00:00:00
4.52,88834,90.37,диетическое,2021,Ярославская область,36366.6,186674,2021-04-03 00:00:00
4.6,135848,156.57,диетическое,2021,Ярославская область,35550.7,247390,2021-03-27 00:00:00
4.32,159452,270.23,диетическое,2021,Ярославская область,35428.1,269457,2021-03-20 00:00:00
4.52,148078,202.18,диетическое,2021,Ярославская область,35473.1,256786,2021-03-13 00:00:00
4.68,130175,211.56,диетическое,2021,Ярославская область,40527.5,240850,2021-03-06 00:00:00
4.44,157390,213.14,диетическое,2021,Ярославская область,36910.8,254954,2021-02-28 00:00:00
4.6,136617,158.14,диетическое,2021,Ярославская область,33667.8,235440,2021-02-21 00:00:00
4.36,155336,224.2,диетическое,2021,Ярославская область,39983.9,264904,2021-02-14 00:00:00
4.4,186545,334.31,диетическое,2021,Ярославская область,42668.4,310166,2021-02-07 00:00:00
4.28,141568,148.18,диетическое,2021,Ярославская область,30150.3,240912,2021-01-31 00:00:00
4.52,145119,187.2,диетическое,2021,Ярославская область,30857.9,269860,2021-01-24 00:00:00
4.6,127825,215.42,диетическое,2021,Ярославская область,37242.5,251772,2021-01-17 00:00:00
4.56,113996,142.14,диетическое,2021,Ярославская область,38270.3,231258,2021-01-10 00:00:00
4.36,157969,315.45,диетическое,2021,Ярославская область,36241.2,252693,2021-01-03 00:00:00
