data/chicken_eggs.csv
AveragePrice,С2,С3,type,year,region,С1,Total Volume,Date
5.08,194438,169.66,диетическое,2020,Республика Карелия,4427.27,243557,2020-12-27 00:00:00
4.72,212205,184.96,диетическое,2020,Республика Карелия,4806.75,264156,2020-12-20 00:00:00
4.96,186550,332.83,диетическое,2020,Республика Карелия,4439.86,238558,2020-12-13 00:00:00
4.76,199395,192.36,диетическое,2020,Республика Карелия,4269.91,239945,2020-12-06 00:00:00
5.28,172790,169.1,диетическое,2020,Республика Карелия,3572.7,213632,2020-11-29 00:00:00
5.08,176358,319.25,диетическое,2020,Республика Карелия,3720.08,212091,2020-11-22 00:00:00
4.48,228184,197.29,диетическое,2020,Республика Карелия,4680.06,275218,2020-11-15 00:00:00
4.64,260746,171.88,диетическое,2020,Республика Карелия,5048.2,309186,2020-11-08 00:00:00
4.64,271818,288.44,диетическое,2020,Республика Карелия,4471.3,326067,2020-11-01 00:00:00
4.8,183081,300.22,диетическое,2020,Республика Карелия,3444.57,234361,2020-10-25 00:00:00
3.72,357183,594.12,диетическое,2020,Республика Карелия,4980.03,407866,2020-10-18 00:00:00
5.52,206738,491.68,диетическое,2020,Республика Карелия,4555.33,264228,2020-10-11 00:00:00
5.2,205512,287.31,диетическое,2020,Республика Карелия,5369.78,262639,2020-10-04 00:00:00
5.16,196808,248.86,диетическое,2020,Республика Карелия,3978.86,247142,2020-09-27 00:00:00
5.0,179938,270.67,диетическое,2020,Республика Карелия,3716.84,241533,2020-09-20 00:00:00
4.44,283221,206.25,диетическое,2020,Республика Карелия,4326.64,341176,2020-09-13 00:00:00
5.08,221998,497.89,диетическое,2020,Республика Карелия,3976.35,281256,2020-09-06 00:00:00
5.04,241163,593.94,диетическое,2020,Республика Карелия,3882.25,292827,2020-08-30 00:00:00
4.56,248479,422.19,диетическое,2020,Республика Карелия,4337.08,298493,2020-08-23 00:00:00
4.48,292977,886.72,диетическое,2020,Республика Карелия,4402.25,351074,2020-08-16 00:00:00
4.48,292318,706.64,диетическое,2020,Республика Карелия,4619.78,354491,2020-08-09 00:00:00
4.64,268798,1283.94,диетическое,2020,Республика Карелия,4543.97,323450,2020-08-02 00:00:00
5.2,205204,2171.08,диетическое,2020,Республика Карелия,3579.93,266050,2020-07-26 00:00:00
5.28,189920,5496.69,диетическое,2020,Республика Карелия,3759.04,258239,2020-07-19 00:00:00
4.24,299937,11286.4,диетическое,2020,Республика Карелия,4947.35,389782,2020-07-12 00:00:00
5.0,250697,11793.1,диетическое,2020,Республика Карелия,4847.8,339064,2020-07-05 00:00:00
5.08,226700,9682.22,диетическое,2020,Республика Карелия,4253.95,304624,2020-06-28 00:00:00
5.0,258201,10100.1,диетическое,2020,Республика Карелия,4030.52,341629,2020-06-21 00:00:00
4.6,253424,6839.64,диетическое,2020,Республика Карелия,4926.58,338037,2020-06-14 00:00:00
5.16,281286,219.26,диетическое,2020,Республика Карелия,4435.64,353475,2020-06-07 00:00:00
5.32,237651,142.52,диетическое,2020,Республика Карелия,4974.69,319503,2020-05-31 00:00:00
5.36,229800,177.56,диетическое,2020,Республика Карелия,4532.15,314931,2020-05-24 00:00:00
4.8,281567,249.3,диетическое,2020,Республика Карелия,4623.9,358753,2020-05-17 00:00:00
5.0,288463,390.91,диетическое,2020,Республика Карелия,5262.94,370924,2020-05-10 00:00:00
5.0,255378,539,диетическое,2020,Республика Карелия,4005.44,329589,2020-05-03 00:00:00
5.44,206009,229.9,диетическое,2020,Республика Карелия,4159.5,277178,2020-04-26 00:00:00
5.4,196720,175.12,диетическое,2020,Республика Карелия,3625.55,271199,2020-04-19 00:00:00
5.0,182585,133.93,диетическое,2020,Республика Карелия,3432.34,251083,2020-04-12 00:00:00
5.32,183801,194.45,диетическое,2020,Республика Карелия,4021.27,246967,2020-04-05 00:00:00
4.88,184278,217.08,диетическое,2020,Республика Карелия,3980.5,241495,2020-03-29 00:00:00
4.44,230144,139.93,диетическое,2020,Республика Карелия,5900.6,292821,2020-03-22 00:00:00
5.6,150491,160.54,диетическое,2020,Республика Карелия,6740.23,225762,2020-03-15 00:00:00
5.72,125713,145.3,диетическое,2020,Республика Карелия,3253.02,210375,2020-03-08 00:00:00
4.48,250130,271.71,диетическое,2020,Республика Карелия,4547.97,314918,2020-03-01 00:00:00
5.52,142741,285.7,диетическое,2020,Республика Карелия,3632.57,220210,2020-02-22 00:00:00
5.56,138691,216.75,диетическое,2020,Республика Карелия,3681.09,223170,2020-02-15 00:00:00
4.36,289098,215.13,диетическое,2020,Республика Карелия,6791.17,364572,2020-02-08 00:00:00
5.28,216923,364.83,диетическое,2020,Республика Карелия,4803.72,297969,2020-02-01 00:00:00
5.4,150045,231.99,диетическое,2020,Республика Карелия,4305.86,241174,2020-01-25 00:00:00
5.56,160684,286.52,диетическое,2020,Республика Карелия,3347.41,229216,2020-01-18 00:00:00
5.52,143002,223.15,диетическое,2020,Республика Карелия,4365.27,232640,2020-01-11 00:00:00
4.24,267594,165.35,диетическое,2020,Республика Карелия,6387.6,332208,2020-01-04 00:00:00
5.96,178949,7914.45,диетическое,2021,Республика Карелия,2977.57,238100,2021-12-25 00:00:00
4.88,256346,995.37,диетическое,2021,Республика Карелия,4769.87,304051,2021-12-18 00:00:00
5.68,186955,2350.45,диетическое,2021,Республика Карелия,3321.92,245722,2021-12-11 00:00:00
6.16,160247,591.16,диетическое,2021,Республика Карелия,3426.07,207483,2021-12-04 00:00:00
6.28,149413,119.71,диетическое,2021,Республика Карелия,4269.91,195221,2021-11-27 00:00:00
6.48,168091,122.4,диетическое,2021,Республика Карелия,4755.3,240656,2021-11-20 00:00:00
7.28,129123,107.47,диетическое,2021,Республика Карелия,3119.08,184929,2021-11-13 00:00:00
7.32,119662,161.73,диетическое,2021,Республика Карелия,3070.78,173621,2021-11-06 00:00:00
7.24,130996,191.97,диетическое,2021,Республика Карелия,2704.79,180113,2021-10-30 00:00:00
7.12,152904,194.14,диетическое,2021,Республика Карелия,4201.36,213547,2021-10-23 00:00:00
7.28,148211,239.04,диетическое,2021,Республика Карелия,4396.67,208966,2021-10-16 00:00:00
6.48,171101,274.57,диетическое,2021,Республика Карелия,7855.45,231063,2021-10-09 00:00:00
6.76,145719,620.47,диетическое,2021,Республика Карелия,17695.9,216819,2021-10-02 00:00:00
6.52,125999,127.05,диетическое,2021,Республика Карелия,42274.2,224392,2021-09-25 00:00:00
6.04,130354,132.81,диетическое,2021,Республика Карелия,37691,233869,2021-09-18 00:00:00
4.88,225724,197.17,диетическое,2021,Республика Карелия,84826.2,364052,2021-09-11 00:00:00
6.16,199814,842.34,диетическое,2021,Республика Карелия,10730.9,279628,2021-09-04 00:00:00
6.36,209240,277.62,диетическое,2021,Республика Карелия,3266.96,287630,2021-08-28 00:00:00
5.84,191018,223.9,диетическое,2021,Республика Карелия,2617.98,299546,2021-08-21 00:00:00
5.84,186844,655.42,диетическое,2021,Республика Карелия,6429.23,298015,2021-08-14 00:00:00
6.0,183605,565.14,диетическое,2021,Республика Карелия,4285.19,288156,2021-08-07 00:00:00
6.88,170921,200.04,диетическое,2021,Республика Карелия,3820.18,255026,2021-07-31 00:00:00
6.8,165703,149.3,диетическое,2021,Республика Карелия,3244.19,254686,2021-07-24 00:00:00
6.52,173492,287.31,диетическое,2021,Республика Карелия,3078.92,259417,2021-07-17 00:00:00
5.84,192339,700.24,диетическое,2021,Республика Карелия,3434.74,292612,2021-07-10 00:00:00
5.88,212725,1330.76,диетическое,2021,Республика Карелия,3261.81,309897,2021-07-03 00:00:00
5.64,245341,263.38,диетическое,2021,Республика Карелия,3520.61,329620,2021-06-26 00:00:00
6.0,253641,308.34,диетическое,2021,Республика Карелия,4764.39,335704,2021-06-19 00:00:00
5.88,242441,318.57,диетическое,2021,Республика Карелия,7760.32,324963,2021-06-12 00:00:00
5.84,219463,245.51,диетическое,2021,Республика Карелия,4757.39,303118,2021-06-05 00:00:00
4.6,310084,433.03,диетическое,2021,Республика Карелия,5717.38,382444,2021-05-29 00:00:00
5.04,224263,521.9,диетическое,2021,Республика Карелия,3701.05,296894,2021-05-22 00:00:00
4.96,353743,778.99,диетическое,2021,Республика Карелия,5224.33,416265,2021-05-15 00:00:00
3.44,449501,436.34,диетическое,2021,Республика Карелия,6157.76,522565,2021-05-08 00:00:00
4.72,286951,246.85,диетическое,2021,Республика Карелия,4163.82,353240,2021-05-01 00:00:00
5.0,277216,684.59,диетическое,2021,Республика Карелия,4251.65,342796,2021-04-24 00:00:00
4.72,212804,95.3,диетическое,2021,Республика Карелия,3817.6,284480,2021-04-17 00:00:00
4.68,213983,172.03,диетическое,2021,Республика Карелия,4510.47,280729,2021-04-10 00:00:00
5.44,204808,449.34,диетическое,2021,Республика Карелия,4183.85,254202,2021-04-03 00:00:00
5.24,234449,196.63,диетическое,2021,Республика Карелия,3703.75,294602,2021-03-27 00:00:00
4.68,315608,278.31,диетическое,2021,Республика Карелия,5155.65,373373,2021-03-20 00:00:00
5.2,253677,179.09,диетическое,2021,Республика Карелия,4317.14,315394,2021-03-13 00:00:00
5.08,241128,295.4,диетическое,2021,Республика Карелия,4867.45,311503,2021-03-06 00:00:00
4.68,305867,232.83,диетическое,2021,Республика Карелия,5558.93,357504,2021-02-28 00:00:00
5.12,214537,279.57,диетическое,2021,Республика Карелия,4492.49,288176,2021-02-21 00:00:00
4.4,326487,316.89,диетическое,2021,Республика Карелия,6064.88,398441,2021-02-14 00:00:00
4.64,306374,530.92,диетическое,2021,Республика Карелия,4834.86,393866,2021-02-07 00:00:00
4.48,322398,255.75,диетическое,2021,Республика Карелия,5276.3,390135,2021-01-31 00:00:00
5.08,234917,304.1,диетическое,2021,Республика Карелия,2330.83,317933,2021-01-24 00:00:00
4.72,265631,222.86,диетическое,2021,Республика Карелия,4186.8,352473,2021-01-17 00:00:00
5.04,213814,238.17,диетическое,2021,Республика Карелия,3361.85,284119,2021-01-10 00:00:00
4.28,275681,297.23,диетическое,2021,Республика Карелия,4199.14,322752,2021-01-03 00:00:00
