data/chicken_eggs.csv
AveragePrice,С2,С3,type,year,region,С1,Total Volume,Date
3.12,288004,126151,диетическое,2020,Республика Коми,389773,944507,2020-12-27 00:00:00
3.0,278067,127372,диетическое,2020,Республика Коми,382444,922356,2020-12-20 00:00:00
2.92,386865,81450,диетическое,2020,Республика Коми,412188,998753,2020-12-13 00:00:00
2.96,490805,7041.19,диетическое,2020,Республика Коми,368529,989677,2020-12-06 00:00:00
3.16,289534,4334.89,диетическое,2020,Республика Коми,391617,783226,2020-11-29 00:00:00
2.92,391111,6924.43,диетическое,2020,Республика Коми,402192,913003,2020-11-22 00:00:00
2.88,332541,4611,диетическое,2020,Республика Коми,530464,998802,2020-11-15 00:00:00
3.0,411366,20404.3,диетическое,2020,Республика Коми,427828,983910,2020-11-08 00:00:00
3.08,365506,111264,диетическое,2020,Республика Коми,395945,1.00781e+06,2020-11-01 00:00:00
3.52,313129,81274.9,диетическое,2020,Республика Коми,437330,933624,2020-10-25 00:00:00
3.6,242843,80895,диетическое,2020,Республика Коми,436132,847813,2020-10-18 00:00:00
3.16,385630,126766,диетическое,2020,Республика Коми,410949,1.03627e+06,2020-10-11 00:00:00
3.28,435388,43558.2,диетическое,2020,Республика Коми,411727,1.01928e+06,2020-10-04 00:00:00
3.44,458983,16780.9,диетическое,2020,Республика Коми,383218,968988,2020-09-27 00:00:00
3.32,445473,6959.5,диетическое,2020,Республика Коми,417702,967228,2020-09-20 00:00:00
3.56,540499,5559.36,диетическое,2020,Республика Коми,421534,1.09579e+06,2020-09-13 00:00:00
3.56,495488,6230.7,диетическое,2020,Республика Коми,460377,1.09049e+06,2020-09-06 00:00:00
3.52,260761,4514.17,диетическое,2020,Республика Коми,559049,926125,2020-08-30 00:00:00
3.56,321616,4323.68,диетическое,2020,Республика Коми,509472,933166,2020-08-23 00:00:00
3.68,297435,3479.25,диетическое,2020,Республика Коми,565966,968899,2020-08-16 00:00:00
3.68,356593,5288.3,диетическое,2020,Республика Коми,474778,935150,2020-08-09 00:00:00
3.6,281941,3494.6,диетическое,2020,Республика Коми,568695,948127,2020-08-02 00:00:00
3.16,443177,5096.53,диетическое,2020,Республика Коми,522820,1.08674e+06,2020-07-26 00:00:00
3.12,424787,4233.66,диетическое,2020,Республика Коми,517797,1.09342e+06,2020-07-19 00:00:00
3.16,307628,3226.08,диетическое,2020,Республика Коми,559623,999608,2020-07-12 00:00:00
3.16,371701,3957.2,диетическое,2020,Республика Коми,652960,1.17382e+06,2020-07-05 00:00:00
2.96,337700,1935.65,диетическое,2020,Республика Коми,613486,1.13592e+06,2020-06-28 00:00:00
2.96,449585,2227.98,диетическое,2020,Республика Коми,578768,1.19612e+06,2020-06-21 00:00:00
2.48,439063,4700.1,диетическое,2020,Республика Коми,924661,1.53341e+06,2020-06-14 00:00:00
2.88,364707,3899.67,диетическое,2020,Республика Коми,675888,1.17218e+06,2020-06-07 00:00:00
2.88,383627,2927.27,диетическое,2020,Республика Коми,757231,1.26293e+06,2020-05-31 00:00:00
3.32,324448,5151.72,диетическое,2020,Республика Коми,662438,1.08968e+06,2020-05-24 00:00:00
3.28,263395,3241.06,диетическое,2020,Республика Коми,676511,1.02566e+06,2020-05-17 00:00:00
3.04,424396,3776.21,диетическое,2020,Республика Коми,654228,1.20167e+06,2020-05-10 00:00:00
2.96,502617,4521.86,диетическое,2020,Республика Коми,651055,1.29631e+06,2020-05-03 00:00:00
3.16,295786,5527.28,диетическое,2020,Республика Коми,689173,1.08223e+06,2020-04-26 00:00:00
3.28,250465,3898.56,диетическое,2020,Республика Коми,566198,933033,2020-04-19 00:00:00
3.16,353794,3936.53,диетическое,2020,Республика Коми,631293,1.09607e+06,2020-04-12 00:00:00
3.32,496479,4878.2,диетическое,2020,Республика Коми,608888,1.24965e+06,2020-04-05 00:00:00
3.16,480447,4633.28,диетическое,2020,Республика Коми,502389,1.11623e+06,2020-03-29 00:00:00
3.2,393975,5199.15,диетическое,2020,Республика Коми,514614,1.03666e+06,2020-03-22 00:00:00
3.08,401260,5000.2,диетическое,2020,Республика Коми,526391,1.04317e+06,2020-03-15 00:00:00
3.12,517670,5321.52,диетическое,2020,Республика Коми,507329,1.16606e+06,2020-03-08 00:00:00
3.48,391781,4149.71,диетическое,2020,Республика Коми,481279,991328,2020-03-01 00:00:00
3.28,346618,6532.39,диетическое,2020,Республика Коми,520035,978808,2020-02-22 00:00:00
2.92,364818,5598.15,диетическое,2020,Республика Коми,571823,1.06239e+06,2020-02-15 00:00:00
2.8,535769,5175.33,диетическое,2020,Республика Коми,525260,1.18072e+06,2020-02-08 00:00:00
2.88,597856,8063.4,диетическое,2020,Республика Коми,540024,1.28036e+06,2020-02-01 00:00:00
3.08,309975,4231.47,диетическое,2020,Республика Коми,549415,983911,2020-01-25 00:00:00
3.08,429687,9353.74,диетическое,2020,Республика Коми,458532,1.01785e+06,2020-01-18 00:00:00
3.12,441786,4094.47,диетическое,2020,Республика Коми,463273,1.06207e+06,2020-01-11 00:00:00
2.84,436348,4378.92,диетическое,2020,Республика Коми,506427,1.06299e+06,2020-01-04 00:00:00
2.88,238202,3257.69,диетическое,2021,Республика Коми,571304,1.12685e+06,2021-12-25 00:00:00
2.52,258779,2885.86,диетическое,2021,Республика Коми,576578,1.21293e+06,2021-12-18 00:00:00
2.92,275659,3480.07,диетическое,2021,Республика Коми,413908,1.01597e+06,2021-12-11 00:00:00
2.84,274634,4508.75,диетическое,2021,Республика Коми,592360,1.1309e+06,2021-12-04 00:00:00
3.28,173402,3567.44,диетическое,2021,Республика Коми,525325,854630,2021-11-27 00:00:00
3.96,202860,4070.15,диетическое,2021,Республика Коми,466961,827346,2021-11-20 00:00:00
4.2,231630,4850.4,диетическое,2021,Республика Коми,431732,828867,2021-11-13 00:00:00
4.48,168815,2921.98,диетическое,2021,Республика Коми,430099,782911,2021-11-06 00:00:00
4.6,181579,3192.69,диетическое,2021,Республика Коми,346283,709890,2021-10-30 00:00:00
4.0,145059,2488.59,диетическое,2021,Республика Коми,371566,777848,2021-10-23 00:00:00
3.92,223737,3348.82,диетическое,2021,Республика Коми,492463,992993,2021-10-16 00:00:00
3.92,344449,9670.82,диетическое,2021,Республика Коми,483285,1.0753e+06,2021-10-09 00:00:00
3.92,260177,3196.13,диетическое,2021,Республика Коми,446277,1.02303e+06,2021-10-02 00:00:00
3.84,266059,2894.23,диетическое,2021,Республика Коми,463608,1.02778e+06,2021-09-25 00:00:00
3.32,203949,3023.74,диетическое,2021,Республика Коми,702368,1.12711e+06,2021-09-18 00:00:00
3.04,188319,2466.22,диетическое,2021,Республика Коми,729949,1.21735e+06,2021-09-11 00:00:00
2.88,265697,3439.75,диетическое,2021,Республика Коми,782983,1.35165e+06,2021-09-04 00:00:00
3.52,216733,3065.44,диетическое,2021,Республика Коми,610762,1.02161e+06,2021-08-28 00:00:00
3.6,248160,5697.25,диетическое,2021,Республика Коми,583161,1.04651e+06,2021-08-21 00:00:00
3.6,218436,3815.84,диетическое,2021,Республика Коми,590138,1.01526e+06,2021-08-14 00:00:00
3.68,239658,5032.97,диетическое,2021,Республика Коми,614770,1.04095e+06,2021-08-07 00:00:00
3.92,203888,4165.35,диетическое,2021,Республика Коми,547468,941066,2021-07-31 00:00:00
3.84,218180,5208.69,диетическое,2021,Республика Коми,555710,985028,2021-07-24 00:00:00
3.68,219856,8567.51,диетическое,2021,Республика Коми,551921,1.00698e+06,2021-07-17 00:00:00
3.56,208422,41629,диетическое,2021,Республика Коми,607070,1.10154e+06,2021-07-10 00:00:00
3.68,245932,139911,диетическое,2021,Республика Коми,545800,1.18979e+06,2021-07-03 00:00:00
3.52,216134,113474,диетическое,2021,Республика Коми,586636,1.18669e+06,2021-06-26 00:00:00
3.56,228843,74763.1,диетическое,2021,Республика Коми,627217,1.15358e+06,2021-06-19 00:00:00
3.32,236621,110055,диетическое,2021,Республика Коми,589477,1.21e+06,2021-06-12 00:00:00
3.4,242491,110458,диетическое,2021,Республика Коми,555561,1.18284e+06,2021-06-05 00:00:00
3.28,247280,116263,диетическое,2021,Республика Коми,554092,1.1286e+06,2021-05-29 00:00:00
2.72,339100,169714,диетическое,2021,Республика Коми,569011,1.37876e+06,2021-05-22 00:00:00
2.76,335853,95672.3,диетическое,2021,Республика Коми,614770,1.34357e+06,2021-05-15 00:00:00
2.6,293099,185667,диетическое,2021,Республика Коми,670566,1.40628e+06,2021-05-08 00:00:00
2.72,368704,89821.9,диетическое,2021,Республика Коми,601670,1.30861e+06,2021-05-01 00:00:00
2.68,324423,163348,диетическое,2021,Республика Коми,656323,1.39304e+06,2021-04-24 00:00:00
2.76,191432,153135,диетическое,2021,Республика Коми,782314,1.31068e+06,2021-04-17 00:00:00
2.8,188936,151966,диетическое,2021,Республика Коми,757578,1.27174e+06,2021-04-10 00:00:00
2.88,264272,181951,диетическое,2021,Республика Коми,684633,1.25692e+06,2021-04-03 00:00:00
3.0,406713,177920,диетическое,2021,Республика Коми,553962,1.34587e+06,2021-03-27 00:00:00
3.04,327365,121839,диетическое,2021,Республика Коми,538381,1.16203e+06,2021-03-20 00:00:00
3.04,247462,185545,диетическое,2021,Республика Коми,585649,1.13696e+06,2021-03-13 00:00:00
3.04,182051,86477.8,диетическое,2021,Республика Коми,698790,1.09143e+06,2021-03-06 00:00:00
3.04,180298,85511.8,диетическое,2021,Республика Коми,674833,1.0483e+06,2021-02-28 00:00:00
3.2,200935,90645.6,диетическое,2021,Республика Коми,566062,966991,2021-02-21 00:00:00
2.68,334137,210029,диетическое,2021,Республика Коми,518192,1.19135e+06,2021-02-14 00:00:00
2.76,424427,203798,диетическое,2021,Республика Коми,528670,1.32349e+06,2021-02-07 00:00:00
2.96,348543,161507,диетическое,2021,Республика Коми,484446,1.13158e+06,2021-01-31 00:00:00
3.64,363892,79193.4,диетическое,2021,Республика Коми,259465,867295,2021-01-24 00:00:00
3.32,369479,116441,диетическое,2021,Республика Коми,447913,1.07114e+06,2021-01-17 00:00:00
3.36,437751,85368.8,диетическое,2021,Республика Коми,434472,1.09529e+06,2021-01-10 00:00:00
3.12,454200,113069,диетическое,2021,Республика Коми,356962,1.06157e+06,2021-01-03 00:00:00
