data/chicken_eggs.csv
AveragePrice,С2,С3,type,year,region,С1,Total Volume,Date
4.16,69384.7,11206.4,диетическое,2020,Архангельская область,4647.28,123096,2020-12-27 00:00:00
4.4,67983.9,9327.71,диетическое,2020,Архангельская область,3702.2,116354,2020-12-20 00:00:00
4.12,69984.3,11398.4,диетическое,2020,Архангельская область,4904.51,125343,2020-12-13 00:00:00
3.68,89453,13570.1,диетическое,2020,Архангельская область,4067,145740,2020-12-06 00:00:00
4.32,65254.1,10854.6,диетическое,2020,Архангельская область,3079.44,108444,2020-11-29 00:00:00
4.44,68939.6,9639.94,диетическое,2020,Архангельская область,3979.57,115385,2020-11-22 00:00:00
4.32,71346.4,12795.1,диетическое,2020,Архангельская область,3478.99,124219,2020-11-15 00:00:00
3.84,84844.2,20220.4,диетическое,2020,Архангельская область,4337.57,147800,2020-11-08 00:00:00
4.04,84968,16933.1,диетическое,2020,Архангельская область,5224.61,147460,2020-11-01 00:00:00
4.08,89943.3,16586.3,диетическое,2020,Архангельская область,4333.17,151559,2020-10-25 00:00:00
3.88,102118,12142.1,диетическое,2020,Архангельская область,4397.88,159464,2020-10-18 00:00:00
4.4,75604.8,13860.3,диетическое,2020,Архангельская область,4270.64,128849,2020-10-11 00:00:00
3.92,87385.3,13528.8,диетическое,2020,Архангельская область,3645.9,139679,2020-10-04 00:00:00
4.16,85578.2,16176.4,диетическое,2020,Архангельская область,2961.25,139491,2020-09-27 00:00:00
3.64,116684,24166.5,диетическое,2020,Архангельская область,3942.44,185963,2020-09-20 00:00:00
3.48,130328,17967.9,диетическое,2020,Архангельская область,3668.07,201621,2020-09-13 00:00:00
4.44,92568.6,16662,диетическое,2020,Архангельская область,3361.77,156608,2020-09-06 00:00:00
4.68,86767.9,15531.1,диетическое,2020,Архангельская область,3709.1,147066,2020-08-30 00:00:00
4.88,77251.4,10288.2,диетическое,2020,Архангельская область,4293.59,131935,2020-08-23 00:00:00
4.56,90141.8,20017.8,диетическое,2020,Архангельская область,5270.74,160060,2020-08-16 00:00:00
4.8,91631.6,12389.4,диетическое,2020,Архангельская область,3553.34,148385,2020-08-09 00:00:00
4.84,94006.3,13847.9,диетическое,2020,Архангельская область,3914.24,151883,2020-08-02 00:00:00
4.88,84797.3,7897.34,диетическое,2020,Архангельская область,3840.1,144476,2020-07-26 00:00:00
4.28,101984,15101,диетическое,2020,Архангельская область,4866.47,168164,2020-07-19 00:00:00
4.2,101947,7053.06,диетическое,2020,Архангельская область,4181.35,161432,2020-07-12 00:00:00
4.2,119457,13495.9,диетическое,2020,Архангельская область,4890.33,190716,2020-07-05 00:00:00
3.8,121149,9267.12,диетическое,2020,Архангельская область,5514.89,198267,2020-06-28 00:00:00
4.12,124628,14564.3,диетическое,2020,Архангельская область,7214.14,205199,2020-06-21 00:00:00
4.6,97080,13744.2,диетическое,2020,Архангельская область,10382.3,173545,2020-06-14 00:00:00
5.12,80781.5,10649,диетическое,2020,Архангельская область,16121.1,155731,2020-06-07 00:00:00
5.48,80053.6,6630.76,диетическое,2020,Архангельская область,13199.9,142818,2020-05-31 00:00:00
5.16,92856.9,14814.1,диетическое,2020,Архангельская область,19662.2,168798,2020-05-24 00:00:00
5.04,89510.9,16162.8,диетическое,2020,Архангельская область,18666.1,164077,2020-05-17 00:00:00
4.24,127193,5271.2,диетическое,2020,Архангельская область,16899.6,195532,2020-05-10 00:00:00
4.52,113204,7488.56,диетическое,2020,Архангельская область,18025.8,178890,2020-05-03 00:00:00
4.96,88398,16641,диетическое,2020,Архангельская область,12319.3,158499,2020-04-26 00:00:00
4.32,106309,10136.7,диетическое,2020,Архангельская область,12091.9,179103,2020-04-19 00:00:00
4.6,86722,2457.5,диетическое,2020,Архангельская область,13496.9,146422,2020-04-12 00:00:00
4.68,95213.6,2843.96,диетическое,2020,Архангельская область,12623.5,151260,2020-04-05 00:00:00
4.36,97691.3,8095.81,диетическое,2020,Архангельская область,5382.76,161289,2020-03-29 00:00:00
4.44,102319,15542.6,диетическое,2020,Архангельская область,3961,160558,2020-03-22 00:00:00
4.84,88080.1,5551.28,диетическое,2020,Архангельская область,4942.49,140488,2020-03-15 00:00:00
4.28,97697.6,10846.3,диетическое,2020,Архангельская область,6082.65,160438,2020-03-08 00:00:00
4.52,110741,14372.2,диетическое,2020,Архангельская область,4876.24,169556,2020-03-01 00:00:00
5.36,80442.9,5161.84,диетическое,2020,Архангельская область,4269.36,127501,2020-02-22 00:00:00
5.2,75495,4664.15,диетическое,2020,Архангельская область,5833.67,121768,2020-02-15 00:00:00
3.92,109167,8455.43,диетическое,2020,Архангельская область,7650.86,158792,2020-02-08 00:00:00
3.68,181784,14761.5,диетическое,2020,Архангельская область,7245.61,245353,2020-02-01 00:00:00
4.24,108152,724.5,диетическое,2020,Архангельская область,3642.56,149474,2020-01-25 00:00:00
4.56,103891,2048.78,диетическое,2020,Архангельская область,2910.77,149320,2020-01-18 00:00:00
5.0,100510,1771.71,диетическое,2020,Архангельская область,3024.88,138617,2020-01-11 00:00:00
4.08,118436,1201.5,диетическое,2020,Архангельская область,4007.41,160130,2020-01-04 00:00:00
4.52,59100.9,1962.89,диетическое,2021,Архангельская область,9560.82,135849,2021-12-25 00:00:00
4.76,56820,1973.93,диетическое,2021,Архангельская область,9114,122036,2021-12-18 00:00:00
4.68,61398.6,2771.39,диетическое,2021,Архангельская область,10029.3,133480,2021-12-11 00:00:00
4.72,70441.5,5143.87,диетическое,2021,Архангельская область,9441.16,144732,2021-12-04 00:00:00
5.36,43655.1,1231.47,диетическое,2021,Архангельская область,8422.19,103729,2021-11-27 00:00:00
5.16,52842.3,1517.4,диетическое,2021,Архангельская область,9062.48,124674,2021-11-20 00:00:00
5.16,56481.6,1724.7,диетическое,2021,Архангельская область,8852.56,127579,2021-11-13 00:00:00
5.48,55557.7,1578.23,диетическое,2021,Архангельская область,9100.1,126205,2021-11-06 00:00:00
4.8,61450.2,1682.81,диетическое,2021,Архангельская область,9278.4,139575,2021-10-30 00:00:00
5.24,65584.5,2219.92,диетическое,2021,Архангельская область,7986.6,142946,2021-10-23 00:00:00
5.08,60049.8,1952.54,диетическое,2021,Архангельская область,10968,138921,2021-10-16 00:00:00
4.8,61269.7,2173.86,диетическое,2021,Архангельская область,11357,143912,2021-10-09 00:00:00
5.24,66598,2091.96,диетическое,2021,Архангельская область,14488.9,146709,2021-10-02 00:00:00
5.56,68404.4,2557.07,диетическое,2021,Архангельская область,16855.3,150805,2021-09-25 00:00:00
5.04,67688.6,2707.32,диетическое,2021,Архангельская область,16666.2,153212,2021-09-18 00:00:00
5.16,70736.7,3134.92,диетическое,2021,Архангельская область,17414.4,157333,2021-09-11 00:00:00
5.24,75640.4,3252.69,диетическое,2021,Архангельская область,17530,160672,2021-09-04 00:00:00
5.08,78138.8,2802.01,диетическое,2021,Архангельская область,13732.4,167402,2021-08-28 00:00:00
5.2,73966.5,3405.65,диетическое,2021,Архангельская область,15022.1,160969,2021-08-21 00:00:00
5.08,79507.4,4255.36,диетическое,2021,Архангельская область,15863.5,169421,2021-08-14 00:00:00
5.32,77899.5,5741.75,диетическое,2021,Архангельская область,20926.3,163339,2021-08-07 00:00:00
5.08,80211.4,6277.21,диетическое,2021,Архангельская область,16079.2,159574,2021-07-31 00:00:00
4.8,82110,9886.51,диетическое,2021,Архангельская область,14627.3,178390,2021-07-24 00:00:00
4.32,93316,9427.32,диетическое,2021,Архангельская область,15914.6,195710,2021-07-17 00:00:00
4.48,96588.2,9530.83,диетическое,2021,Архангельская область,15126.5,191786,2021-07-10 00:00:00
4.4,97348,9152.69,диетическое,2021,Архангельская область,15757.6,205563,2021-07-03 00:00:00
4.6,90386.2,15029.7,диетическое,2021,Архангельская область,14452.8,183555,2021-06-26 00:00:00
4.52,91178.2,19044.1,диетическое,2021,Архангельская область,17469.3,193533,2021-06-19 00:00:00
4.48,89226,19115.1,диетическое,2021,Архангельская область,19442.5,186723,2021-06-12 00:00:00
4.2,100387,21893.2,диетическое,2021,Архангельская область,16444.1,208087,2021-06-05 00:00:00
4.04,109784,12495.7,диетическое,2021,Архангельская область,13152.9,210387,2021-05-29 00:00:00
3.48,105337,17819.7,диетическое,2021,Архангельская область,10857.8,214847,2021-05-22 00:00:00
3.52,98565.2,23505.7,диетическое,2021,Архангельская область,11249,212807,2021-05-15 00:00:00
3.72,106300,18838.9,диетическое,2021,Архангельская область,17356.4,228601,2021-05-08 00:00:00
3.68,106590,12071.5,диетическое,2021,Архангельская область,16727.7,207488,2021-05-01 00:00:00
3.8,116191,22243.7,диетическое,2021,Архангельская область,12802.9,217736,2021-04-24 00:00:00
3.88,113833,24253.3,диетическое,2021,Архангельская область,15361.3,218238,2021-04-17 00:00:00
4.28,84833.8,11125.2,диетическое,2021,Архангельская область,15421.4,168009,2021-04-10 00:00:00
3.96,73683.9,14509.1,диетическое,2021,Архангельская область,13073.1,154099,2021-04-03 00:00:00
3.96,103262,23242.8,диетическое,2021,Архангельская область,10457.5,195374,2021-03-27 00:00:00
4.48,91015.5,16824.7,диетическое,2021,Архангельская область,12095.9,168887,2021-03-20 00:00:00
4.12,97729.3,17713.8,диетическое,2021,Архангельская область,11923.3,179067,2021-03-13 00:00:00
3.84,116610,24630.7,диетическое,2021,Архангельская область,11773.3,208284,2021-03-06 00:00:00
3.96,107091,16742.2,диетическое,2021,Архангельская область,11031.4,188077,2021-02-28 00:00:00
4.12,91309.1,8892.49,диетическое,2021,Архангельская область,10806.8,153498,2021-02-21 00:00:00
3.32,133957,15621.6,диетическое,2021,Архангельская область,13525.6,219872,2021-02-14 00:00:00
3.52,145592,27708,диетическое,2021,Архангельская область,13926.8,240237,2021-02-07 00:00:00
3.92,102864,22380.6,диетическое,2021,Архангельская область,8329.28,175610,2021-01-31 00:00:00
3.72,93613.7,23023.5,диетическое,2021,Архангельская область,1803.73,168035,2021-01-24 00:00:00
3.88,105607,12443.2,диетическое,2021,Архангельская область,5231.37,171405,2021-01-17 00:00:00
4.0,101117,18454.9,диетическое,2021,Архангельская область,4590.25,173238,2021-01-10 00:00:00
3.8,109973,25839.4,диетическое,2021,Архангельская область,5974.1,184670,2021-01-03 00:00:00
