data/chicken_eggs.csv
AveragePrice,С2,С3,type,year,region,С1,Total Volume,Date
3.96,7688.79,514.7,диетическое,2020,Вологодская область,91470.5,132983,2020-12-27 00:00:00
4.76,6544.15,241.09,диетическое,2020,Вологодская область,63053.2,95935.7,2020-12-20 00:00:00
3.84,8913.72,199.12,диетическое,2020,Вологодская область,100533,140036,2020-12-13 00:00:00
4.76,7716.82,703.2,диетическое,2020,Вологодская область,65041,93337.1,2020-12-06 00:00:00
3.84,7840.61,266.31,диетическое,2020,Вологодская область,85341.9,121237,2020-11-29 00:00:00
3.92,8054.18,301.94,диетическое,2020,Вологодская область,77130.6,115301,2020-11-22 00:00:00
5.0,7319.36,998.99,диетическое,2020,Вологодская область,57764.9,90999.1,2020-11-15 00:00:00
5.0,7707.94,411.4,диетическое,2020,Вологодская область,62219.3,94495.7,2020-11-08 00:00:00
3.88,11892,995.43,диетическое,2020,Вологодская область,110439,162560,2020-11-01 00:00:00
4.88,8956.16,796.53,диетическое,2020,Вологодская область,61125.8,98097.4,2020-10-25 00:00:00
5.0,9666.15,834.92,диетическое,2020,Вологодская область,57713,92599.8,2020-10-18 00:00:00
3.96,12101.7,1201.18,диетическое,2020,Вологодская область,93556.4,141875,2020-10-11 00:00:00
3.96,13922.7,537.65,диетическое,2020,Вологодская область,102479,153146,2020-10-04 00:00:00
5.08,14642,1047.02,диетическое,2020,Вологодская область,52301.9,92325.7,2020-09-27 00:00:00
3.96,21666,447.77,диетическое,2020,Вологодская область,97864.3,157688,2020-09-20 00:00:00
4.96,19471.7,461.14,диетическое,2020,Вологодская область,55192.9,102871,2020-09-13 00:00:00
3.92,23440.3,1561.01,диетическое,2020,Вологодская область,109913,179838,2020-09-06 00:00:00
5.04,19572.1,657.28,диетическое,2020,Вологодская область,64015.8,116109,2020-08-30 00:00:00
5.0,19269.8,731.09,диетическое,2020,Вологодская область,60641.9,111825,2020-08-23 00:00:00
5.0,16156.3,697.22,диетическое,2020,Вологодская область,60507.2,107523,2020-08-16 00:00:00
3.96,22750.5,668.99,диетическое,2020,Вологодская область,121359,188721,2020-08-09 00:00:00
4.96,19717,759.06,диетическое,2020,Вологодская область,63303,112332,2020-08-02 00:00:00
5.0,19637,619.03,диетическое,2020,Вологодская область,69032.3,112997,2020-07-26 00:00:00
4.0,24069,647.13,диетическое,2020,Вологодская область,111745,173741,2020-07-19 00:00:00
4.88,18465.6,584.22,диетическое,2020,Вологодская область,62590.3,110965,2020-07-12 00:00:00
3.8,27446,1193.27,диетическое,2020,Вологодская область,132208,211960,2020-07-05 00:00:00
4.64,19522.7,866.73,диетическое,2020,Вологодская область,78066.9,135740,2020-06-28 00:00:00
3.8,23814.7,1147.34,диетическое,2020,Вологодская область,118742,192111,2020-06-21 00:00:00
4.8,13979.8,2356.55,диетическое,2020,Вологодская область,72176,129527,2020-06-14 00:00:00
3.92,13656.8,710.02,диетическое,2020,Вологодская область,132110,190397,2020-06-07 00:00:00
4.96,7980.5,615.86,диетическое,2020,Вологодская область,86553,128105,2020-05-31 00:00:00
4.0,13258.3,1049.26,диетическое,2020,Вологодская область,139485,195411,2020-05-24 00:00:00
4.88,8351.79,524.46,диетическое,2020,Вологодская область,81751.2,120930,2020-05-17 00:00:00
4.96,8543.63,625.5,диетическое,2020,Вологодская область,85005.3,125605,2020-05-10 00:00:00
3.84,16451,1347.25,диетическое,2020,Вологодская область,185047,254514,2020-05-03 00:00:00
4.84,9218.89,595.04,диетическое,2020,Вологодская область,87231.6,127939,2020-04-26 00:00:00
4.68,8893.31,650.56,диетическое,2020,Вологодская область,81015.1,124796,2020-04-19 00:00:00
3.96,13392.5,645.1,диетическое,2020,Вологодская область,132039,180970,2020-04-12 00:00:00
4.4,11012.2,848.18,диетическое,2020,Вологодская область,105692,146744,2020-04-05 00:00:00
4.8,8432.63,861.41,диетическое,2020,Вологодская область,74529.9,109050,2020-03-29 00:00:00
3.84,13642.5,613.36,диетическое,2020,Вологодская область,136391,185570,2020-03-22 00:00:00
5.08,8987.99,999.8,диетическое,2020,Вологодская область,76237.6,110129,2020-03-15 00:00:00
4.96,8997.99,745.39,диетическое,2020,Вологодская область,77300.2,112487,2020-03-08 00:00:00
4.04,13685.9,570.69,диетическое,2020,Вологодская область,121358,167255,2020-03-01 00:00:00
4.4,10684.4,1447.09,диетическое,2020,Вологодская область,79840.9,121049,2020-02-22 00:00:00
4.96,9457.72,595.88,диетическое,2020,Вологодская область,70695.1,105176,2020-02-15 00:00:00
4.84,9886.68,375.65,диетическое,2020,Вологодская область,62181.2,91840.8,2020-02-08 00:00:00
3.68,22526,1299.6,диетическое,2020,Вологодская область,171139,237911,2020-02-01 00:00:00
4.8,14505.1,523.89,диетическое,2020,Вологодская область,66985.6,109941,2020-01-25 00:00:00
5.08,16442.7,513.69,диетическое,2020,Вологодская область,57479.2,99496.2,2020-01-18 00:00:00
4.8,17025.5,529.41,диетическое,2020,Вологодская область,57635.7,99757.2,2020-01-11 00:00:00
3.88,19147.8,468.7,диетическое,2020,Вологодская область,105204,153507,2020-01-04 00:00:00
3.24,31213.6,208.24,диетическое,2021,Вологодская область,70779.8,187804,2021-12-25 00:00:00
3.36,27329.1,104.17,диетическое,2021,Вологодская область,49886.7,162502,2021-12-18 00:00:00
4.68,18098.4,126.93,диетическое,2021,Вологодская область,33585.8,116052,2021-12-11 00:00:00
3.56,35344,132.58,диетическое,2021,Вологодская область,63726.3,206010,2021-12-04 00:00:00
5.44,18661.8,94.55,диетическое,2021,Вологодская область,32944.9,111672,2021-11-27 00:00:00
5.44,19385.2,192.2,диетическое,2021,Вологодская область,35506.8,117496,2021-11-20 00:00:00
5.24,22430.6,212.95,диетическое,2021,Вологодская область,51958.4,140703,2021-11-13 00:00:00
5.64,21710.6,289.79,диетическое,2021,Вологодская область,43990,127895,2021-11-06 00:00:00
5.64,20158.8,206.84,диетическое,2021,Вологодская область,38168.4,115122,2021-10-30 00:00:00
5.4,22755.5,212.19,диетическое,2021,Вологодская область,42785,119840,2021-10-23 00:00:00
4.48,36096.4,228.23,диетическое,2021,Вологодская область,48624.7,157329,2021-10-16 00:00:00
5.24,35355.7,143.93,диетическое,2021,Вологодская область,43060.5,135520,2021-10-09 00:00:00
5.24,29513,93.83,диетическое,2021,Вологодская область,54429.4,159577,2021-10-02 00:00:00
5.04,21092.7,145.41,диетическое,2021,Вологодская область,58289.9,158194,2021-09-25 00:00:00
4.2,27540.2,84.22,диетическое,2021,Вологодская область,72171.2,175929,2021-09-18 00:00:00
4.4,23109.9,148.82,диетическое,2021,Вологодская область,70095.7,150296,2021-09-11 00:00:00
3.76,34369.6,158.3,диетическое,2021,Вологодская область,128269,239246,2021-09-04 00:00:00
4.56,32154.7,113.13,диетическое,2021,Вологодская область,90635,177300,2021-08-28 00:00:00
4.44,36441.1,188.93,диетическое,2021,Вологодская область,90679.3,189700,2021-08-21 00:00:00
4.44,43133.2,217.88,диетическое,2021,Вологодская область,98779.5,206617,2021-08-14 00:00:00
4.92,30914.4,331.08,диетическое,2021,Вологодская область,70054.1,151752,2021-08-07 00:00:00
4.92,31854.3,440.28,диетическое,2021,Вологодская область,67403.1,152777,2021-07-31 00:00:00
4.84,39377.8,493.57,диетическое,2021,Вологодская область,69899.2,156317,2021-07-24 00:00:00
4.88,34464.5,413.3,диетическое,2021,Вологодская область,77112.3,165454,2021-07-17 00:00:00
4.76,34028.2,680.44,диетическое,2021,Вологодская область,78117.6,164680,2021-07-10 00:00:00
3.72,48699,1134.71,диетическое,2021,Вологодская область,137102,272151,2021-07-03 00:00:00
4.76,31811.7,748.85,диетическое,2021,Вологодская область,75055.1,159129,2021-06-26 00:00:00
3.76,41557.3,1508.69,диетическое,2021,Вологодская область,115508,226775,2021-06-19 00:00:00
4.8,28484.8,982.71,диетическое,2021,Вологодская область,75763.7,151429,2021-06-12 00:00:00
3.8,32124.3,784.2,диетическое,2021,Вологодская область,124676,221144,2021-06-05 00:00:00
3.68,36410.7,981.98,диетическое,2021,Вологодская область,141301,242169,2021-05-29 00:00:00
4.68,27437.9,356.55,диетическое,2021,Вологодская область,83011.4,160652,2021-05-22 00:00:00
3.16,59901.5,275.59,диетическое,2021,Вологодская область,98256.7,257370,2021-05-15 00:00:00
3.2,34526.4,280.48,диетическое,2021,Вологодская область,113355,224520,2021-05-08 00:00:00
2.72,70592.2,248.56,диетическое,2021,Вологодская область,169412,370646,2021-05-01 00:00:00
3.2,61113.1,134.35,диетическое,2021,Вологодская область,104786,267226,2021-04-24 00:00:00
4.0,31279.5,185.37,диетическое,2021,Вологодская область,88552.5,184827,2021-04-17 00:00:00
3.2,54201.3,196.31,диетическое,2021,Вологодская область,106315,261081,2021-04-10 00:00:00
4.04,27201.2,149.61,диетическое,2021,Вологодская область,84766,181662,2021-04-03 00:00:00
4.24,27911.8,402.32,диетическое,2021,Вологодская область,70255.2,158323,2021-03-27 00:00:00
4.28,26015.1,269.21,диетическое,2021,Вологодская область,59970.4,140301,2021-03-20 00:00:00
3.24,47856.7,316.39,диетическое,2021,Вологодская область,103140,241654,2021-03-13 00:00:00
4.24,26487.6,503.38,диетическое,2021,Вологодская область,71185,155655,2021-03-06 00:00:00
3.08,43494.2,217.74,диетическое,2021,Вологодская область,108081,253490,2021-02-28 00:00:00
4.04,22329.3,211.65,диетическое,2021,Вологодская область,63676.5,141336,2021-02-21 00:00:00
3.8,23877.5,377.48,диетическое,2021,Вологодская область,74835.5,151724,2021-02-14 00:00:00
2.16,57532.1,594.02,диетическое,2021,Вологодская область,191441,369758,2021-02-07 00:00:00
4.16,21968.9,256.1,диетическое,2021,Вологодская область,76816.4,151247,2021-01-31 00:00:00
3.72,18557.5,473.07,диетическое,2021,Вологодская область,116714,192194,2021-01-24 00:00:00
4.84,9811.14,302.25,диетическое,2021,Вологодская область,73496.5,118231,2021-01-17 00:00:00
3.8,10625.3,273.06,диетическое,2021,Вологодская область,122360,181585,2021-01-10 00:00:00
4.36,8714.57,487.53,диетическое,2021,Вологодская область,103296,148599,2021-01-03 00:00:00
