data/chicken_eggs.csv
AveragePrice,С2,С3,type,year,region,С1,Total Volume,Date
3.32,93317.5,4977.64,диетическое,2020,Калининградская область,135800,292707,2020-12-27 00:00:00
3.84,77086.1,4749.61,диетическое,2020,Калининградская область,96355.1,232295,2020-12-20 00:00:00
3.8,68490.5,4942.71,диетическое,2020,Калининградская область,101043,216119,2020-12-13 00:00:00
3.56,107759,10794.3,диетическое,2020,Калининградская область,94777.6,244025,2020-12-06 00:00:00
3.8,81160.2,5227.59,диетическое,2020,Калининградская область,88653.7,205477,2020-11-29 00:00:00
3.92,91574.9,3926.84,диетическое,2020,Калининградская область,87241.9,215985,2020-11-22 00:00:00
3.8,106817,4614.58,диетическое,2020,Калининградская область,100856,247795,2020-11-15 00:00:00
3.68,74648.6,5456.06,диетическое,2020,Калининградская область,119810,237248,2020-11-08 00:00:00
3.96,94900.4,12912.7,диетическое,2020,Калининградская область,87202.7,230414,2020-11-01 00:00:00
3.92,115618,14217,диетическое,2020,Калининградская область,79873.5,245167,2020-10-25 00:00:00
3.64,126743,4681.66,диетическое,2020,Калининградская область,108979,279364,2020-10-18 00:00:00
3.76,155590,13358,диетическое,2020,Калининградская область,62866.3,268709,2020-10-11 00:00:00
3.88,154944,5551.93,диетическое,2020,Калининградская область,69916.7,269072,2020-10-04 00:00:00
3.88,170341,4057.49,диетическое,2020,Калининградская область,63209.8,272926,2020-09-27 00:00:00
3.88,163822,5225.21,диетическое,2020,Калининградская область,70945.6,284247,2020-09-20 00:00:00
3.52,179103,11064.1,диетическое,2020,Калининградская область,82171.5,346994,2020-09-13 00:00:00
4.08,128141,7149.5,диетическое,2020,Калининградская область,123362,311124,2020-09-06 00:00:00
4.36,124424,6958.54,диетическое,2020,Калининградская область,114660,284309,2020-08-30 00:00:00
4.24,84541.6,4561.64,диетическое,2020,Калининградская область,131415,261084,2020-08-23 00:00:00
3.84,136169,7799.26,диетическое,2020,Калининградская область,110442,314774,2020-08-16 00:00:00
3.84,163300,8925.51,диетическое,2020,Калининградская область,117883,353118,2020-08-09 00:00:00
4.36,79606.7,6250.99,диетическое,2020,Калининградская область,137414,272441,2020-08-02 00:00:00
4.24,75823.9,8654.82,диетическое,2020,Калининградская область,137703,272268,2020-07-26 00:00:00
4.12,78566.9,5011.33,диетическое,2020,Калининградская область,131326,269642,2020-07-19 00:00:00
4.08,83225.7,5024.08,диетическое,2020,Калининградская область,136319,277827,2020-07-12 00:00:00
4.2,100709,6281.59,диетическое,2020,Калининградская область,147938,332735,2020-07-05 00:00:00
4.04,86492.7,4334.64,диетическое,2020,Калининградская область,138922,293409,2020-06-28 00:00:00
3.6,126684,4219.33,диетическое,2020,Калининградская область,128876,338639,2020-06-21 00:00:00
3.52,161220,3768.89,диетическое,2020,Калининградская область,145933,389600,2020-06-14 00:00:00
4.08,112611,5234.25,диетическое,2020,Калининградская область,146782,335693,2020-06-07 00:00:00
4.12,84841.8,8253.99,диетическое,2020,Калининградская область,134269,285741,2020-05-31 00:00:00
3.92,83857.1,4566.03,диетическое,2020,Калининградская область,152869,293059,2020-05-24 00:00:00
3.8,84178.9,3609.37,диетическое,2020,Калининградская область,144311,279843,2020-05-17 00:00:00
3.92,117102,4266.19,диетическое,2020,Калининградская область,148053,325085,2020-05-10 00:00:00
3.76,188534,6101.01,диетическое,2020,Калининградская область,146068,406840,2020-05-03 00:00:00
3.52,132943,5032.11,диетическое,2020,Калининградская область,133308,334719,2020-04-26 00:00:00
3.28,66506.4,7618.69,диетическое,2020,Калининградская область,206745,336521,2020-04-19 00:00:00
3.04,69484.7,4229.89,диетическое,2020,Калининградская область,245369,369818,2020-04-12 00:00:00
3.24,76597.8,6194.31,диетическое,2020,Калининградская область,226615,360356,2020-04-05 00:00:00
3.36,104621,7463.43,диетическое,2020,Калининградская область,194240,354049,2020-03-29 00:00:00
3.6,115109,5684.01,диетическое,2020,Калининградская область,151597,311228,2020-03-22 00:00:00
4.28,108345,5897.76,диетическое,2020,Калининградская область,112121,261650,2020-03-15 00:00:00
4.04,132276,5339.34,диетическое,2020,Калининградская область,114868,291047,2020-03-08 00:00:00
4.2,151164,12440.6,диетическое,2020,Калининградская область,92829.8,293036,2020-03-01 00:00:00
4.64,103066,4731.85,диетическое,2020,Калининградская область,98669,242732,2020-02-22 00:00:00
4.48,111729,3869.22,диетическое,2020,Калининградская область,101364,255465,2020-02-15 00:00:00
4.04,162192,4610.86,диетическое,2020,Калининградская область,108259,318771,2020-02-08 00:00:00
3.76,185057,4255.15,диетическое,2020,Калининградская область,144462,370223,2020-02-01 00:00:00
4.24,98937.2,3874.78,диетическое,2020,Калининградская область,114585,249510,2020-01-25 00:00:00
4.24,94930.7,4887.89,диетическое,2020,Калининградская область,100192,233186,2020-01-18 00:00:00
3.72,101653,9591.88,диетическое,2020,Калининградская область,126092,274481,2020-01-11 00:00:00
3.2,120628,4591.23,диетическое,2020,Калининградская область,134003,317861,2020-01-04 00:00:00
3.28,43301.7,7606.75,диетическое,2021,Калининградская область,107318,292039,2021-12-25 00:00:00
3.24,49295.6,7072.79,диетическое,2021,Калининградская область,88443.4,297506,2021-12-18 00:00:00
3.32,55352.6,6832.2,диетическое,2021,Калининградская область,83682.9,339329,2021-12-11 00:00:00
3.64,56502.8,5327.06,диетическое,2021,Калининградская область,93963.9,315049,2021-12-04 00:00:00
3.44,41992.7,4857.37,диетическое,2021,Калининградская область,104641,255656,2021-11-27 00:00:00
4.48,29776.1,5608.22,диетическое,2021,Калининградская область,94282.8,237141,2021-11-20 00:00:00
4.4,32698.7,6683,диетическое,2021,Калининградская область,114476,259547,2021-11-13 00:00:00
4.8,29997.7,8196.41,диетическое,2021,Калининградская область,84137.7,225301,2021-11-06 00:00:00
4.64,31779,7157.69,диетическое,2021,Калининградская область,79018.7,223089,2021-10-30 00:00:00
4.52,48015.1,8491.64,диетическое,2021,Калининградская область,67268.2,254999,2021-10-23 00:00:00
4.32,51473.7,5356.91,диетическое,2021,Калининградская область,88625.1,315744,2021-10-16 00:00:00
4.64,40083.1,5060.68,диетическое,2021,Калининградская область,121482,276031,2021-10-09 00:00:00
4.88,45096.9,5876.68,диетическое,2021,Калининградская область,93430,246513,2021-10-02 00:00:00
4.8,44921.8,5906.75,диетическое,2021,Калининградская область,98373.1,242300,2021-09-25 00:00:00
4.48,57221.4,5318.75,диетическое,2021,Калининградская область,117939,278479,2021-09-18 00:00:00
3.56,70912.1,5572.58,диетическое,2021,Калининградская область,200297,378865,2021-09-11 00:00:00
4.12,69349.2,5841.12,диетическое,2021,Калининградская область,158224,335180,2021-09-04 00:00:00
4.12,56927.3,6192.15,диетическое,2021,Калининградская область,123740,288423,2021-08-28 00:00:00
4.0,50486.5,5836.08,диетическое,2021,Калининградская область,141809,302708,2021-08-21 00:00:00
4.32,53954.6,6997.8,диетическое,2021,Калининградская область,129728,295536,2021-08-14 00:00:00
4.44,57549.2,7063.01,диетическое,2021,Калининградская область,144863,311533,2021-08-07 00:00:00
4.68,54745,7320.39,диетическое,2021,Калининградская область,125463,284566,2021-07-31 00:00:00
4.6,58714.3,7525.31,диетическое,2021,Калининградская область,110869,283863,2021-07-24 00:00:00
4.32,52023.8,7495.98,диетическое,2021,Калининградская область,118910,283074,2021-07-17 00:00:00
4.0,69545.2,7716.52,диетическое,2021,Калининградская область,153906,357787,2021-07-10 00:00:00
4.0,82726.7,9480.92,диетическое,2021,Калининградская область,135214,362137,2021-07-03 00:00:00
3.76,74316.8,12079.1,диетическое,2021,Калининградская область,130217,352407,2021-06-26 00:00:00
3.64,76172.7,11019,диетическое,2021,Калининградская область,164910,364255,2021-06-19 00:00:00
3.76,75379.1,18141.9,диетическое,2021,Калининградская область,146589,348022,2021-06-12 00:00:00
3.56,109764,13189.3,диетическое,2021,Калининградская область,156235,410771,2021-06-05 00:00:00
3.56,115790,11869.5,диетическое,2021,Калининградская область,131708,391994,2021-05-29 00:00:00
3.72,89286.7,15173.3,диетическое,2021,Калининградская область,122332,318913,2021-05-22 00:00:00
3.44,107125,1468.26,диетическое,2021,Калининградская область,131370,317622,2021-05-15 00:00:00
3.32,144990,8687.46,диетическое,2021,Калининградская область,170359,427575,2021-05-08 00:00:00
3.4,115747,8420.15,диетическое,2021,Калининградская область,122125,363105,2021-05-01 00:00:00
3.32,120811,8101.14,диетическое,2021,Калининградская область,125413,359872,2021-04-24 00:00:00
3.24,110596,6531.44,диетическое,2021,Калининградская область,143901,379464,2021-04-17 00:00:00
3.48,91833.7,6305.12,диетическое,2021,Калининградская область,151863,354098,2021-04-10 00:00:00
3.36,62625.8,6877.48,диетическое,2021,Калининградская область,158984,298711,2021-04-03 00:00:00
3.4,72324.4,7121.62,диетическое,2021,Калининградская область,155873,314268,2021-03-27 00:00:00
3.28,116702,13632.2,диетическое,2021,Калининградская область,127950,332283,2021-03-20 00:00:00
3.16,109512,6824.1,диетическое,2021,Калининградская область,130880,344613,2021-03-13 00:00:00
3.64,86200.2,6809.69,диетическое,2021,Калининградская область,139919,311403,2021-03-06 00:00:00
3.44,98920.9,14452.3,диетическое,2021,Калининградская область,122523,316564,2021-02-28 00:00:00
3.32,124296,6447.94,диетическое,2021,Калининградская область,121215,337403,2021-02-21 00:00:00
3.16,110750,7330.96,диетическое,2021,Калининградская область,144507,371468,2021-02-14 00:00:00
2.96,142489,10624.8,диетическое,2021,Калининградская область,191144,437747,2021-02-07 00:00:00
3.68,87109.9,14509.7,диетическое,2021,Калининградская область,117236,285052,2021-01-31 00:00:00
4.32,81835.1,6141.39,диетическое,2021,Калининградская область,9727.38,158978,2021-01-24 00:00:00
3.52,98543.8,12497.2,диетическое,2021,Калининградская область,108072,289298,2021-01-17 00:00:00
3.32,110550,6133.63,диетическое,2021,Калининградская область,118959,309217,2021-01-10 00:00:00
3.2,138143,15505.5,диетическое,2021,Калининградская область,103711,332972,2021-01-03 00:00:00
