data/chicken_eggs.csv
AveragePrice,С2,С3,type,year,region,С1,Total Volume,Date
3.2,455203,86202.1,диетическое,2020,Ленинградская область,976983,2.32694e+06,2020-12-27 00:00:00
3.4,396516,96111.9,диетическое,2020,Ленинградская область,870581,2.14987e+06,2020-12-20 00:00:00
2.96,456121,67975.1,диетическое,2020,Ленинградская область,1.07233e+06,2.6903e+06,2020-12-13 00:00:00
2.64,682692,64728.3,диетическое,2020,Ленинградская область,1.20423e+06,3.04829e+06,2020-12-06 00:00:00
3.32,501667,70943.6,диетическое,2020,Ленинградская область,833468,2.15601e+06,2020-11-29 00:00:00
3.24,558303,75963.2,диетическое,2020,Ленинградская область,886080,2.26808e+06,2020-11-22 00:00:00
2.96,661936,70734.5,диетическое,2020,Ленинградская область,1.28138e+06,2.82836e+06,2020-11-15 00:00:00
3.36,702842,75385.1,диетическое,2020,Ленинградская область,1.31486e+06,2.62108e+06,2020-11-08 00:00:00
3.56,914725,74252.6,диетическое,2020,Ленинградская область,1.2326e+06,2.61781e+06,2020-11-01 00:00:00
3.8,925306,78774.2,диетическое,2020,Ленинградская область,974252,2.32763e+06,2020-10-25 00:00:00
3.56,1.16976e+06,78303.5,диетическое,2020,Ленинградская область,1.04582e+06,2.66135e+06,2020-10-18 00:00:00
3.68,1.20555e+06,74862.4,диетическое,2020,Ленинградская область,1.01438e+06,2.59198e+06,2020-10-11 00:00:00
3.92,1.12057e+06,86683.2,диетическое,2020,Ленинградская область,798046,2.27863e+06,2020-10-04 00:00:00
3.6,1.30581e+06,81864.6,диетическое,2020,Ленинградская область,1.00443e+06,2.67466e+06,2020-09-27 00:00:00
3.96,947562,118706,диетическое,2020,Ленинградская область,1.02412e+06,2.39245e+06,2020-09-20 00:00:00
3.92,1.0793e+06,97210.1,диетическое,2020,Ленинградская область,1.07605e+06,2.54951e+06,2020-09-13 00:00:00
3.68,738938,90624.7,диетическое,2020,Ленинградская область,1.80974e+06,2.98316e+06,2020-09-06 00:00:00
3.6,503078,86574.4,диетическое,2020,Ленинградская область,2.08425e+06,3.03766e+06,2020-08-30 00:00:00
4.12,538010,92245.9,диетическое,2020,Ленинградская область,1.68763e+06,2.60499e+06,2020-08-23 00:00:00
3.72,516719,79890.5,диетическое,2020,Ленинградская область,2.04066e+06,2.94322e+06,2020-08-16 00:00:00
3.76,813281,69168.4,диетическое,2020,Ленинградская область,2.1769e+06,3.37111e+06,2020-08-09 00:00:00
4.0,503248,58532.6,диетическое,2020,Ленинградская область,1.88374e+06,2.74221e+06,2020-08-02 00:00:00
3.8,440414,79478.6,диетическое,2020,Ленинградская область,2.0521e+06,2.89389e+06,2020-07-26 00:00:00
4.08,417290,89206.5,диетическое,2020,Ленинградская область,1.80129e+06,2.61473e+06,2020-07-19 00:00:00
4.12,548712,83398.4,диетическое,2020,Ленинградская область,1.70754e+06,2.65248e+06,2020-07-12 00:00:00
3.84,564583,99097.1,диетическое,2020,Ленинградская область,2.3735e+06,3.43537e+06,2020-07-05 00:00:00
3.76,419199,75759.5,диетическое,2020,Ленинградская область,2.07308e+06,2.92115e+06,2020-06-28 00:00:00
3.64,473295,79616.1,диетическое,2020,Ленинградская область,2.13362e+06,3.04002e+06,2020-06-21 00:00:00
3.16,497879,69556,диетическое,2020,Ленинградская область,2.74726e+06,3.68914e+06,2020-06-14 00:00:00
3.36,447752,71705.7,диетическое,2020,Ленинградская область,2.35667e+06,3.26184e+06,2020-06-07 00:00:00
3.4,455405,76580.3,диетическое,2020,Ленинградская область,2.35502e+06,3.19694e+06,2020-05-31 00:00:00
3.88,465604,73414.6,диетическое,2020,Ленинградская область,2.0132e+06,2.8539e+06,2020-05-24 00:00:00
3.92,390302,54789.3,диетическое,2020,Ленинградская область,1.81774e+06,2.5577e+06,2020-05-17 00:00:00
3.12,390902,60232.3,диетическое,2020,Ленинградская область,2.74397e+06,3.55364e+06,2020-05-10 00:00:00
3.12,670161,61569.5,диетическое,2020,Ленинградская область,2.91405e+06,4.01556e+06,2020-05-03 00:00:00
4.08,427886,62487.3,диетическое,2020,Ленинградская область,1.56794e+06,2.3557e+06,2020-04-26 00:00:00
3.72,487492,58423.5,диетическое,2020,Ленинградская область,2.02903e+06,2.90119e+06,2020-04-19 00:00:00
3.72,579426,64716.4,диетическое,2020,Ленинградская область,1.81886e+06,2.79967e+06,2020-04-12 00:00:00
4.04,490701,73965.4,диетическое,2020,Ленинградская область,1.75345e+06,2.60311e+06,2020-04-05 00:00:00
4.0,535932,69022.8,диетическое,2020,Ленинградская область,1.67262e+06,2.56669e+06,2020-03-29 00:00:00
4.04,679697,68607.4,диетическое,2020,Ленинградская область,1.42348e+06,2.46674e+06,2020-03-22 00:00:00
3.76,445562,70872.8,диетическое,2020,Ленинградская область,1.84176e+06,2.69026e+06,2020-03-15 00:00:00
3.44,400644,62567.6,диетическое,2020,Ленинградская область,2.00578e+06,2.79775e+06,2020-03-08 00:00:00
3.0,592196,61863.9,диетическое,2020,Ленинградская область,2.14544e+06,3.09428e+06,2020-03-01 00:00:00
3.32,505580,61573.3,диетическое,2020,Ленинградская область,2.0504e+06,2.95471e+06,2020-02-22 00:00:00
3.32,408396,62511.8,диетическое,2020,Ленинградская область,2.14677e+06,2.92644e+06,2020-02-15 00:00:00
3.6,582236,58216.3,диетическое,2020,Ленинградская область,1.67343e+06,2.64103e+06,2020-02-08 00:00:00
2.96,854673,64439.7,диетическое,2020,Ленинградская область,2.77066e+06,4.03195e+06,2020-02-01 00:00:00
3.84,456563,60922.4,диетическое,2020,Ленинградская область,1.51841e+06,2.32999e+06,2020-01-25 00:00:00
3.56,526107,59364.2,диетическое,2020,Ленинградская область,1.92501e+06,2.80068e+06,2020-01-18 00:00:00
3.4,617233,58892.9,диетическое,2020,Ленинградская область,1.78633e+06,2.7137e+06,2020-01-11 00:00:00
3.4,524430,64225.8,диетическое,2020,Ленинградская область,1.838e+06,2.68216e+06,2020-01-04 00:00:00
3.36,669585,65359.3,диетическое,2021,Ленинградская область,794840,2.64178e+06,2021-12-25 00:00:00
3.36,513487,56245.1,диетическое,2021,Ленинградская область,767982,2.3778e+06,2021-12-18 00:00:00
3.0,631013,59600,диетическое,2021,Ленинградская область,917099,2.79392e+06,2021-12-11 00:00:00
3.12,476163,53729.9,диетическое,2021,Ленинградская область,1.07628e+06,2.78063e+06,2021-12-04 00:00:00
4.04,416438,50949.9,диетическое,2021,Ленинградская область,865743,2.25727e+06,2021-11-27 00:00:00
4.4,456709,60511.6,диетическое,2021,Ленинградская область,880344,2.27202e+06,2021-11-20 00:00:00
5.16,436389,71033.4,диетическое,2021,Ленинградская область,696411,1.91349e+06,2021-11-13 00:00:00
6.08,423352,77064.6,диетическое,2021,Ленинградская область,543332,1.59501e+06,2021-11-06 00:00:00
5.92,383974,59596.6,диетическое,2021,Ленинградская область,533137,1.49929e+06,2021-10-30 00:00:00
4.92,427296,44807.4,диетическое,2021,Ленинградская область,768316,2.13356e+06,2021-10-23 00:00:00
4.68,501532,56116.4,диетическое,2021,Ленинградская область,922290,2.54869e+06,2021-10-16 00:00:00
4.64,559077,61747,диетическое,2021,Ленинградская область,1.15391e+06,2.76653e+06,2021-10-09 00:00:00
4.24,471344,62565.4,диетическое,2021,Ленинградская область,1.3376e+06,2.86574e+06,2021-10-02 00:00:00
4.0,468793,62737.9,диетическое,2021,Ленинградская область,1.32897e+06,3.00707e+06,2021-09-25 00:00:00
4.24,457932,55346.1,диетическое,2021,Ленинградская область,999949,2.58931e+06,2021-09-18 00:00:00
3.8,534763,49050.3,диетическое,2021,Ленинградская область,1.21742e+06,2.9397e+06,2021-09-11 00:00:00
3.52,626923,43844.1,диетическое,2021,Ленинградская область,1.40925e+06,3.43168e+06,2021-09-04 00:00:00
3.24,537893,57212.1,диетическое,2021,Ленинградская область,1.47111e+06,3.56327e+06,2021-08-28 00:00:00
3.72,480926,57962.7,диетическое,2021,Ленинградская область,1.26417e+06,3.08617e+06,2021-08-21 00:00:00
4.12,605409,73825.6,диетическое,2021,Ленинградская область,1.05081e+06,2.87922e+06,2021-08-14 00:00:00
4.0,632756,67934.6,диетическое,2021,Ленинградская область,1.13725e+06,3.09436e+06,2021-08-07 00:00:00
4.24,562613,70783.7,диетическое,2021,Ленинградская область,961495,2.82684e+06,2021-07-31 00:00:00
4.04,629930,83979.9,диетическое,2021,Ленинградская область,1.16304e+06,3.03333e+06,2021-07-24 00:00:00
3.88,630743,84008.4,диетическое,2021,Ленинградская область,1.20199e+06,3.09223e+06,2021-07-17 00:00:00
3.72,678995,81637.4,диетическое,2021,Ленинградская область,1.21745e+06,3.29322e+06,2021-07-10 00:00:00
3.8,746045,107626,диетическое,2021,Ленинградская область,1.31768e+06,3.44936e+06,2021-07-03 00:00:00
3.4,655948,105880,диетическое,2021,Ленинградская область,1.29522e+06,3.25818e+06,2021-06-26 00:00:00
3.6,593239,114307,диетическое,2021,Ленинградская область,1.32211e+06,3.23785e+06,2021-06-19 00:00:00
3.32,529970,105647,диетическое,2021,Ленинградская область,1.43952e+06,3.24877e+06,2021-06-12 00:00:00
3.04,650813,121003,диетическое,2021,Ленинградская область,1.59655e+06,3.71546e+06,2021-06-05 00:00:00
3.32,691109,113180,диетическое,2021,Ленинградская область,1.21446e+06,3.20394e+06,2021-05-29 00:00:00
3.04,782145,89228.3,диетическое,2021,Ленинградская область,1.08478e+06,3.13431e+06,2021-05-22 00:00:00
3.28,643465,95527.5,диетическое,2021,Ленинградская область,1.13472e+06,2.86686e+06,2021-05-15 00:00:00
2.56,929684,107684,диетическое,2021,Ленинградская область,1.41693e+06,3.94205e+06,2021-05-08 00:00:00
2.48,1.04792e+06,98634.2,диетическое,2021,Ленинградская область,1.35579e+06,3.86331e+06,2021-05-01 00:00:00
3.0,704492,102739,диетическое,2021,Ленинградская область,1.1159e+06,3.13688e+06,2021-04-24 00:00:00
3.04,643221,100884,диетическое,2021,Ленинградская область,1.24534e+06,3.18523e+06,2021-04-17 00:00:00
3.08,715740,95958.1,диетическое,2021,Ленинградская область,1.13064e+06,3.28836e+06,2021-04-10 00:00:00
3.28,683860,101585,диетическое,2021,Ленинградская область,865504,2.79398e+06,2021-04-03 00:00:00
2.92,836002,94366.4,диетическое,2021,Ленинградская область,982736,3.46776e+06,2021-03-27 00:00:00
2.96,901465,91298.9,диетическое,2021,Ленинградская область,928106,3.37488e+06,2021-03-20 00:00:00
3.16,657175,96884.9,диетическое,2021,Ленинградская область,767298,2.98739e+06,2021-03-13 00:00:00
3.04,680884,90068.4,диетическое,2021,Ленинградская область,821036,3.13884e+06,2021-03-06 00:00:00
2.88,750266,95505.1,диетическое,2021,Ленинградская область,812808,3.33258e+06,2021-02-28 00:00:00
3.04,671213,83794.5,диетическое,2021,Ленинградская область,842358,3.23289e+06,2021-02-21 00:00:00
2.6,837742,90043.2,диетическое,2021,Ленинградская область,931605,3.66409e+06,2021-02-14 00:00:00
2.32,1.44753e+06,98684.4,диетическое,2021,Ленинградская область,1.26268e+06,4.9827e+06,2021-02-07 00:00:00
2.96,721989,75111.7,диетическое,2021,Ленинградская область,1.00413e+06,3.19779e+06,2021-01-31 00:00:00
3.04,779057,92941.1,диетическое,2021,Ленинградская область,666019,3.17351e+06,2021-01-24 00:00:00
3.04,854486,84389.3,диетическое,2021,Ленинградская область,804573,2.95258e+06,2021-01-17 00:00:00
2.96,803197,88909.9,диетическое,2021,Ленинградская область,841326,3.17244e+06,2021-01-10 00:00:00
2.56,992213,90511.1,диетическое,2021,Ленинградская область,1.23211e+06,3.96711e+06,2021-01-03 00:00:00
