data/chicken_eggs.csv
AveragePrice,С2,С3,type,year,region,С1,Total Volume,Date
3.96,44652.2,54.44,диетическое,2020,Новгородская область,387953,545065,2020-12-27 00:00:00
4.84,32386.5,92.33,диетическое,2020,Новгородская область,238269,350534,2020-12-20 00:00:00
3.88,49363.2,85.47,диетическое,2020,Новгородская область,387066,529317,2020-12-13 00:00:00
5.0,34861.2,83.27,диетическое,2020,Новгородская область,247062,340514,2020-12-06 00:00:00
3.92,42435.5,70.13,диетическое,2020,Новгородская область,349408,470218,2020-11-29 00:00:00
3.92,47195.2,72.44,диетическое,2020,Новгородская область,359877,499396,2020-11-22 00:00:00
4.88,42921.5,21.31,диетическое,2020,Новгородская область,258625,368996,2020-11-15 00:00:00
4.88,37562.7,21.15,диетическое,2020,Новгородская область,223220,329065,2020-11-08 00:00:00
3.92,54992.8,32.81,диетическое,2020,Новгородская область,415971,566031,2020-11-01 00:00:00
5.0,35901.6,42.02,диетическое,2020,Новгородская область,212163,307073,2020-10-25 00:00:00
4.96,42454.4,24.92,диетическое,2020,Новгородская область,224506,333934,2020-10-18 00:00:00
4.0,59335.8,21.6,диетическое,2020,Новгородская область,384920,538384,2020-10-11 00:00:00
3.96,63182.6,48.48,диетическое,2020,Новгородская область,411183,570367,2020-10-04 00:00:00
5.24,57857,40.63,диетическое,2020,Новгородская область,200219,318048,2020-09-27 00:00:00
3.92,76606.1,58.29,диетическое,2020,Новгородская область,381034,559818,2020-09-20 00:00:00
5.04,64770.6,17.92,диетическое,2020,Новгородская область,197329,331078,2020-09-13 00:00:00
3.92,80524.3,13.63,диетическое,2020,Новгородская область,442546,637327,2020-09-06 00:00:00
4.96,66569.7,73.73,диетическое,2020,Новгородская область,212189,362232,2020-08-30 00:00:00
4.96,70677.2,63.85,диетическое,2020,Новгородская область,218751,372525,2020-08-23 00:00:00
4.96,61634.9,31.89,диетическое,2020,Новгородская область,213813,360309,2020-08-16 00:00:00
3.88,86740.6,81.16,диетическое,2020,Новгородская область,450714,655822,2020-08-09 00:00:00
4.88,66230.8,66.26,диетическое,2020,Новгородская область,219518,371660,2020-08-02 00:00:00
4.96,63065.9,76.64,диетическое,2020,Новгородская область,233057,379954,2020-07-26 00:00:00
3.84,96849.5,98.68,диетическое,2020,Новгородская область,436604,626842,2020-07-19 00:00:00
4.96,79717.4,87.27,диетическое,2020,Новгородская область,235985,402707,2020-07-12 00:00:00
3.92,101120,193.76,диетическое,2020,Новгородская область,483878,718152,2020-07-05 00:00:00
4.84,79482.7,262.36,диетическое,2020,Новгородская область,259852,443971,2020-06-28 00:00:00
3.84,90433.5,5433.8,диетическое,2020,Новгородская область,445033,669409,2020-06-21 00:00:00
5.04,55875.2,9215.34,диетическое,2020,Новгородская область,273373,437897,2020-06-14 00:00:00
3.96,60937,103.99,диетическое,2020,Новгородская область,503236,683878,2020-06-07 00:00:00
5.08,35493.3,57.9,диетическое,2020,Новгородская область,296764,419159,2020-05-31 00:00:00
4.04,62989.7,72.94,диетическое,2020,Новгородская область,571149,757305,2020-05-24 00:00:00
4.96,36762.2,136.17,диетическое,2020,Новгородская область,323238,450603,2020-05-17 00:00:00
5.12,37151,58.42,диетическое,2020,Новгородская область,315524,435547,2020-05-10 00:00:00
3.92,81078.3,35.99,диетическое,2020,Новгородская область,690389,917425,2020-05-03 00:00:00
5.0,41476.1,120.02,диетическое,2020,Новгородская область,341781,476017,2020-04-26 00:00:00
4.92,38958.6,41.04,диетическое,2020,Новгородская область,306881,434025,2020-04-19 00:00:00
4.0,63130.1,59.84,диетическое,2020,Новгородская область,525433,692570,2020-04-12 00:00:00
4.44,48767.3,91.39,диетическое,2020,Новгородская область,370549,510739,2020-04-05 00:00:00
5.0,32977.1,87.26,диетическое,2020,Новгородская область,261046,370066,2020-03-29 00:00:00
3.88,58232.2,165.2,диетическое,2020,Новгородская область,480064,642934,2020-03-22 00:00:00
5.32,35374.9,145.85,диетическое,2020,Новгородская область,272270,371716,2020-03-15 00:00:00
5.2,32888.7,62.9,диетическое,2020,Новгородская область,253964,356312,2020-03-08 00:00:00
4.04,60307.8,41.65,диетическое,2020,Новгородская область,484616,647014,2020-03-01 00:00:00
4.96,35032.7,67.64,диетическое,2020,Новгородская область,256141,369820,2020-02-22 00:00:00
5.16,34941.8,77.29,диетическое,2020,Новгородская область,243992,353521,2020-02-15 00:00:00
5.0,35897.4,34.5,диетическое,2020,Новгородская область,249833,348210,2020-02-08 00:00:00
3.8,74532.6,82.04,диетическое,2020,Новгородская область,566917,753301,2020-02-01 00:00:00
5.08,41120.1,65.81,диетическое,2020,Новгородская область,289949,398056,2020-01-25 00:00:00
5.2,42799,42.64,диетическое,2020,Новгородская область,285204,405138,2020-01-18 00:00:00
5.12,36043.5,38.69,диетическое,2020,Новгородская область,242922,342797,2020-01-11 00:00:00
3.88,54844.3,39.07,диетическое,2020,Новгородская область,398670,540234,2020-01-04 00:00:00
3.88,148592,827.53,диетическое,2021,Новгородская область,257456,648359,2021-12-25 00:00:00
3.88,158602,3459.99,диетическое,2021,Новгородская область,237194,662655,2021-12-18 00:00:00
5.56,97259.7,159.53,диетическое,2021,Новгородская область,177621,446140,2021-12-11 00:00:00
3.92,173005,50.7,диетическое,2021,Новгородская область,267956,728191,2021-12-04 00:00:00
5.96,89345.1,120.29,диетическое,2021,Новгородская область,159915,405086,2021-11-27 00:00:00
6.08,102113,44.24,диетическое,2021,Новгородская область,179988,461237,2021-11-20 00:00:00
5.72,101415,255.96,диетическое,2021,Новгородская область,195573,478305,2021-11-13 00:00:00
6.04,96964.2,232.81,диетическое,2021,Новгородская область,176244,426160,2021-11-06 00:00:00
6.28,98080.1,247.52,диетическое,2021,Новгородская область,169008,403657,2021-10-30 00:00:00
6.36,125399,247.99,диетическое,2021,Новгородская область,164119,437489,2021-10-23 00:00:00
5.12,158620,235.86,диетическое,2021,Новгородская область,191041,537970,2021-10-16 00:00:00
5.96,112104,169.71,диетическое,2021,Новгородская область,153136,410181,2021-10-09 00:00:00
6.04,125422,360.91,диетическое,2021,Новгородская область,221783,539575,2021-10-02 00:00:00
5.72,108281,180.9,диетическое,2021,Новгородская область,251035,558552,2021-09-25 00:00:00
4.76,103912,281.12,диетическое,2021,Новгородская область,237187,541030,2021-09-18 00:00:00
4.8,89642.5,194,диетическое,2021,Новгородская область,226500,480735,2021-09-11 00:00:00
3.88,140627,218.05,диетическое,2021,Новгородская область,525594,862396,2021-09-04 00:00:00
4.88,131833,259.19,диетическое,2021,Новгородская область,290433,558829,2021-08-28 00:00:00
4.92,128877,95.35,диетическое,2021,Новгородская область,296955,565825,2021-08-21 00:00:00
4.68,142476,138.85,диетическое,2021,Новгородская область,400661,695231,2021-08-14 00:00:00
5.0,125027,114.92,диетическое,2021,Новгородская область,253093,515183,2021-08-07 00:00:00
5.2,112882,177.42,диетическое,2021,Новгородская область,247196,496509,2021-07-31 00:00:00
5.12,132337,164.45,диетическое,2021,Новгородская область,250298,520496,2021-07-24 00:00:00
4.96,136078,190.34,диетическое,2021,Новгородская область,241387,516716,2021-07-17 00:00:00
4.96,142734,151.43,диетическое,2021,Новгородская область,277354,566890,2021-07-10 00:00:00
3.84,184173,129.62,диетическое,2021,Новгородская область,479976,868986,2021-07-03 00:00:00
5.0,130937,165.68,диетическое,2021,Новгородская область,283281,540206,2021-06-26 00:00:00
3.96,182509,115.34,диетическое,2021,Новгородская область,474374,812335,2021-06-19 00:00:00
5.12,107339,77.92,диетическое,2021,Новгородская область,271971,503077,2021-06-12 00:00:00
3.96,149115,252.33,диетическое,2021,Новгородская область,474320,786072,2021-06-05 00:00:00
3.88,167161,248.87,диетическое,2021,Новгородская область,513205,849098,2021-05-29 00:00:00
5.04,103460,257.43,диетическое,2021,Новгородская область,273988,497820,2021-05-22 00:00:00
3.52,227686,223.52,диетическое,2021,Новгородская область,408466,889357,2021-05-15 00:00:00
4.04,137741,173.19,диетическое,2021,Новгородская область,349383,653844,2021-05-08 00:00:00
3.16,260626,584.32,диетическое,2021,Новгородская область,526289,1.07879e+06,2021-05-01 00:00:00
3.52,227523,547.08,диетическое,2021,Новгородская область,419776,896845,2021-04-24 00:00:00
4.48,117780,101.31,диетическое,2021,Новгородская область,281532,558954,2021-04-17 00:00:00
3.48,193377,155.87,диетическое,2021,Новгородская область,399738,841732,2021-04-10 00:00:00
4.6,103463,72.01,диетическое,2021,Новгородская область,287271,543235,2021-04-03 00:00:00
4.68,99290.2,128.06,диетическое,2021,Новгородская область,240097,468636,2021-03-27 00:00:00
4.52,105077,142.45,диетическое,2021,Новгородская область,267188,507580,2021-03-20 00:00:00
3.52,176358,181.05,диетическое,2021,Новгородская область,399729,799993,2021-03-13 00:00:00
4.64,93574.5,93.03,диетическое,2021,Новгородская область,223852,448052,2021-03-06 00:00:00
3.32,169812,702.82,диетическое,2021,Новгородская область,428974,822403,2021-02-28 00:00:00
4.4,102685,78.3,диетическое,2021,Новгородская область,244779,481705,2021-02-21 00:00:00
4.48,101867,75.47,диетическое,2021,Новгородская область,219038,446631,2021-02-14 00:00:00
2.36,241271,231.23,диетическое,2021,Новгородская область,649647,1.18063e+06,2021-02-07 00:00:00
4.44,79763.1,168.96,диетическое,2021,Новгородская область,287032,492691,2021-01-31 00:00:00
3.84,61067.9,259.56,диетическое,2021,Новгородская область,416814,611558,2021-01-24 00:00:00
4.8,62106.5,292.47,диетическое,2021,Новгородская область,276253,430079,2021-01-17 00:00:00
3.88,82027.8,249.76,диетическое,2021,Новгородская область,493952,702727,2021-01-10 00:00:00
4.52,44399.1,40.78,диетическое,2021,Новгородская область,349993,502584,2021-01-03 00:00:00
