data/chicken_eggs.csv
AveragePrice,С2,С3,type,year,region,С1,Total Volume,Date
4.2,1.02286e+06,103812,диетическое,2020,Псковская область,435246,2.06513e+06,2020-12-27 00:00:00
4.2,1.02441e+06,96387.5,диетическое,2020,Псковская область,446433,2.04402e+06,2020-12-20 00:00:00
4.12,1.06075e+06,113979,диетическое,2020,Псковская область,515064,2.19314e+06,2020-12-13 00:00:00
4.0,1.15481e+06,133317,диетическое,2020,Псковская область,507202,2.23314e+06,2020-12-06 00:00:00
4.2,939038,101740,диетическое,2020,Псковская область,417849,1.84544e+06,2020-11-29 00:00:00
4.24,955973,117353,диетическое,2020,Псковская область,422437,1.90324e+06,2020-11-22 00:00:00
4.08,1.30222e+06,168587,диетическое,2020,Псковская область,470483,2.35584e+06,2020-11-15 00:00:00
4.16,1.24827e+06,228267,диетическое,2020,Псковская область,568612,2.50301e+06,2020-11-08 00:00:00
4.32,1.18824e+06,260946,диетическое,2020,Псковская область,549090,2.51176e+06,2020-11-01 00:00:00
4.52,980865,211478,диетическое,2020,Псковская область,522061,2.18849e+06,2020-10-25 00:00:00
4.2,1.5372e+06,215609,диетическое,2020,Псковская область,555583,2.78317e+06,2020-10-18 00:00:00
4.52,1.05749e+06,277954,диетическое,2020,Псковская область,469059,2.32976e+06,2020-10-11 00:00:00
4.72,1.07089e+06,194004,диетическое,2020,Псковская область,467701,2.23394e+06,2020-10-04 00:00:00
4.44,1.20677e+06,274903,диетическое,2020,Псковская область,479660,2.39061e+06,2020-09-27 00:00:00
4.52,1.12268e+06,208538,диетическое,2020,Псковская область,555127,2.44726e+06,2020-09-20 00:00:00
4.36,1.4444e+06,182703,диетическое,2020,Псковская область,574793,2.8148e+06,2020-09-13 00:00:00
4.32,1.45869e+06,314498,диетическое,2020,Псковская область,564494,3.01383e+06,2020-09-06 00:00:00
4.72,1.16115e+06,196951,диетическое,2020,Псковская область,516825,2.53519e+06,2020-08-30 00:00:00
4.48,1.28634e+06,210164,диетическое,2020,Псковская область,571553,2.76584e+06,2020-08-23 00:00:00
4.56,1.35561e+06,222563,диетическое,2020,Псковская область,627950,2.82341e+06,2020-08-16 00:00:00
4.6,1.32825e+06,203933,диетическое,2020,Псковская область,531461,2.71071e+06,2020-08-09 00:00:00
4.56,1.35971e+06,208420,диетическое,2020,Псковская область,532288,2.75208e+06,2020-08-02 00:00:00
4.6,1.23935e+06,199553,диетическое,2020,Псковская область,531730,2.66442e+06,2020-07-26 00:00:00
4.56,1.23466e+06,218258,диетическое,2020,Псковская область,569217,2.75119e+06,2020-07-19 00:00:00
4.52,1.33798e+06,205774,диетическое,2020,Псковская область,532046,2.78355e+06,2020-07-12 00:00:00
4.52,1.54546e+06,232975,диетическое,2020,Псковская область,632989,3.18342e+06,2020-07-05 00:00:00
4.56,1.32423e+06,215752,диетическое,2020,Псковская область,534709,2.83563e+06,2020-06-28 00:00:00
4.52,1.36307e+06,215613,диетическое,2020,Псковская область,601783,2.97942e+06,2020-06-21 00:00:00
4.36,1.4842e+06,206160,диетическое,2020,Псковская область,653441,3.17305e+06,2020-06-14 00:00:00
4.56,1.21752e+06,200001,диетическое,2020,Псковская область,724316,2.9183e+06,2020-06-07 00:00:00
4.56,1.3772e+06,207709,диетическое,2020,Псковская область,734816,3.0394e+06,2020-05-31 00:00:00
4.56,1.43114e+06,231745,диетическое,2020,Псковская область,719874,3.11905e+06,2020-05-24 00:00:00
4.72,1.20126e+06,203616,диетическое,2020,Псковская область,698402,2.81701e+06,2020-05-17 00:00:00
4.68,1.3e+06,190756,диетическое,2020,Псковская область,721936,2.95686e+06,2020-05-10 00:00:00
4.28,1.55751e+06,364284,диетическое,2020,Псковская область,793990,3.41047e+06,2020-05-03 00:00:00
4.8,1.12585e+06,192090,диетическое,2020,Псковская область,698129,2.69961e+06,2020-04-26 00:00:00
4.72,1.12546e+06,190006,диетическое,2020,Псковская область,654378,2.71101e+06,2020-04-19 00:00:00
4.52,1.29847e+06,185692,диетическое,2020,Псковская область,665283,2.82942e+06,2020-04-12 00:00:00
4.76,1.06661e+06,183654,диетическое,2020,Псковская область,617567,2.51968e+06,2020-04-05 00:00:00
4.72,1.16079e+06,203058,диетическое,2020,Псковская область,576474,2.52311e+06,2020-03-29 00:00:00
4.44,1.28205e+06,197574,диетическое,2020,Псковская область,681261,2.77901e+06,2020-03-22 00:00:00
4.76,1.06647e+06,210235,диетическое,2020,Псковская область,570577,2.46211e+06,2020-03-15 00:00:00
4.84,949015,179824,диетическое,2020,Псковская область,545691,2.29751e+06,2020-03-08 00:00:00
4.56,1.15135e+06,182873,диетическое,2020,Псковская область,620672,2.53898e+06,2020-03-01 00:00:00
4.4,1.20915e+06,295228,диетическое,2020,Псковская область,632670,2.72035e+06,2020-02-22 00:00:00
4.68,982380,206500,диетическое,2020,Псковская область,634266,2.42083e+06,2020-02-15 00:00:00
4.24,1.22216e+06,159492,диетическое,2020,Псковская область,732854,2.73401e+06,2020-02-08 00:00:00
3.96,1.7985e+06,388259,диетическое,2020,Псковская область,888523,3.66804e+06,2020-02-01 00:00:00
4.6,1.07763e+06,164873,диетическое,2020,Псковская область,566436,2.48082e+06,2020-01-25 00:00:00
4.76,1.04542e+06,186028,диетическое,2020,Псковская область,530334,2.33083e+06,2020-01-18 00:00:00
4.68,1.03261e+06,191515,диетическое,2020,Псковская область,560119,2.33599e+06,2020-01-11 00:00:00
4.4,1.3115e+06,181059,диетическое,2020,Псковская область,575245,2.57828e+06,2020-01-04 00:00:00
4.92,873785,33980,диетическое,2021,Псковская область,461611,2.18051e+06,2021-12-25 00:00:00
4.64,999959,36485.5,диетическое,2021,Псковская область,491941,2.24222e+06,2021-12-18 00:00:00
4.6,862587,39178.6,диетическое,2021,Псковская область,574107,2.33998e+06,2021-12-11 00:00:00
4.8,873735,41579.5,диетическое,2021,Псковская область,605907,2.35984e+06,2021-12-04 00:00:00
5.6,729253,33160.8,диетическое,2021,Псковская область,421296,1.85807e+06,2021-11-27 00:00:00
5.92,712348,53734,диетическое,2021,Псковская область,478381,1.99904e+06,2021-11-20 00:00:00
6.08,723969,99449.5,диетическое,2021,Псковская область,589047,2.07528e+06,2021-11-13 00:00:00
6.16,697012,122472,диетическое,2021,Псковская область,569736,2.07751e+06,2021-11-06 00:00:00
5.92,713428,107745,диетическое,2021,Псковская область,606276,2.08305e+06,2021-10-30 00:00:00
5.88,851527,94122.6,диетическое,2021,Псковская область,611972,2.28751e+06,2021-10-23 00:00:00
5.6,921534,76681.5,диетическое,2021,Псковская область,642845,2.44298e+06,2021-10-16 00:00:00
5.56,951060,81958,диетическое,2021,Псковская область,651705,2.46938e+06,2021-10-09 00:00:00
5.52,965797,77380.7,диетическое,2021,Псковская область,662662,2.54067e+06,2021-10-02 00:00:00
5.48,947416,73332.8,диетическое,2021,Псковская область,748453,2.56816e+06,2021-09-25 00:00:00
5.12,1.01959e+06,70265.4,диетическое,2021,Псковская область,850690,2.78526e+06,2021-09-18 00:00:00
4.72,1.16489e+06,82491.6,диетическое,2021,Псковская область,938277,3.06864e+06,2021-09-11 00:00:00
4.8,1.15032e+06,86826.8,диетическое,2021,Псковская область,954421,3.12795e+06,2021-09-04 00:00:00
5.2,1.16512e+06,67370.6,диетическое,2021,Псковская область,745329,2.7991e+06,2021-08-28 00:00:00
5.08,1.18037e+06,96330.9,диетическое,2021,Псковская область,684458,2.84053e+06,2021-08-21 00:00:00
5.16,1.2111e+06,107540,диетическое,2021,Псковская область,666958,2.90179e+06,2021-08-14 00:00:00
5.2,1.27456e+06,119738,диетическое,2021,Псковская область,680836,2.90075e+06,2021-08-07 00:00:00
5.4,1.2477e+06,127239,диетическое,2021,Псковская область,612847,2.787e+06,2021-07-31 00:00:00
5.28,1.28684e+06,133520,диетическое,2021,Псковская область,611049,2.91482e+06,2021-07-24 00:00:00
5.04,1.27217e+06,137997,диетическое,2021,Псковская область,582052,2.94045e+06,2021-07-17 00:00:00
4.76,1.49836e+06,198307,диетическое,2021,Псковская область,607743,3.22165e+06,2021-07-10 00:00:00
4.6,1.52368e+06,213315,диетическое,2021,Псковская область,653109,3.3937e+06,2021-07-03 00:00:00
4.68,1.46831e+06,204710,диетическое,2021,Псковская область,590855,3.09567e+06,2021-06-26 00:00:00
4.64,1.53043e+06,230514,диетическое,2021,Псковская область,674983,3.30497e+06,2021-06-19 00:00:00
4.6,1.42291e+06,229465,диетическое,2021,Псковская область,677444,3.12235e+06,2021-06-12 00:00:00
4.56,1.51054e+06,214242,диетическое,2021,Псковская область,673474,3.22381e+06,2021-06-05 00:00:00
4.36,1.60313e+06,199248,диетическое,2021,Псковская область,708287,3.34914e+06,2021-05-29 00:00:00
4.32,1.53051e+06,95835.4,диетическое,2021,Псковская область,658991,3.15432e+06,2021-05-22 00:00:00
4.16,1.68734e+06,89570.9,диетическое,2021,Псковская область,592139,3.20504e+06,2021-05-15 00:00:00
3.8,2.14435e+06,94749.1,диетическое,2021,Псковская область,711397,3.85065e+06,2021-05-08 00:00:00
3.96,1.86192e+06,89464.9,диетическое,2021,Псковская область,708527,3.53633e+06,2021-05-01 00:00:00
4.16,1.71127e+06,90675.6,диетическое,2021,Псковская область,665028,3.33261e+06,2021-04-24 00:00:00
4.24,1.61381e+06,97349.5,диетическое,2021,Псковская область,544933,3.029e+06,2021-04-17 00:00:00
4.2,1.34976e+06,79794.9,диетическое,2021,Псковская область,589785,2.83688e+06,2021-04-10 00:00:00
4.28,1.35163e+06,78798.4,диетическое,2021,Псковская область,564867,2.69027e+06,2021-04-03 00:00:00
4.32,1.53501e+06,90880.4,диетическое,2021,Псковская область,558314,2.9119e+06,2021-03-27 00:00:00
4.2,1.71534e+06,98398.9,диетическое,2021,Псковская область,617677,3.19848e+06,2021-03-20 00:00:00
4.28,1.67414e+06,107243,диетическое,2021,Псковская область,573264,3.0939e+06,2021-03-13 00:00:00
4.4,1.53205e+06,122485,диетическое,2021,Псковская область,592137,2.94252e+06,2021-03-06 00:00:00
4.2,1.68033e+06,106124,диетическое,2021,Псковская область,593531,3.03292e+06,2021-02-28 00:00:00
4.24,1.37897e+06,141965,диетическое,2021,Псковская область,539072,2.74718e+06,2021-02-21 00:00:00
3.96,1.63948e+06,144264,диетическое,2021,Псковская область,654357,3.17346e+06,2021-02-14 00:00:00
3.64,2.16446e+06,220032,диетическое,2021,Псковская область,867822,4.13161e+06,2021-02-07 00:00:00
4.0,1.60844e+06,133522,диетическое,2021,Псковская область,555939,2.88146e+06,2021-01-31 00:00:00
4.04,1.78766e+06,146095,диетическое,2021,Псковская область,472744,3.1479e+06,2021-01-24 00:00:00
4.2,1.54748e+06,136753,диетическое,2021,Псковская область,631861,3.00168e+06,2021-01-17 00:00:00
4.16,1.43916e+06,141334,диетическое,2021,Псковская область,603274,2.8719e+06,2021-01-10 00:00:00
4.04,1.56613e+06,150717,диетическое,2021,Псковская область,675102,2.96793e+06,2021-01-03 00:00:00
