data/chicken_eggs.csv
AveragePrice,С2,С3,type,year,region,С1,Total Volume,Date
3.84,8706.29,4748.08,диетическое,2020,Республика Адыгея,79508.7,123670,2020-12-27 00:00:00
3.96,7415.81,4356.81,диетическое,2020,Республика Адыгея,87309.1,127374,2020-12-20 00:00:00
3.64,11175.5,6145.91,диетическое,2020,Республика Адыгея,103097,153426,2020-12-13 00:00:00
4.0,9655.78,5447.67,диетическое,2020,Республика Адыгея,88033.7,130989,2020-12-06 00:00:00
3.8,9407.46,5435.02,диетическое,2020,Республика Адыгея,77155.4,119920,2020-11-29 00:00:00
3.84,10083.2,5985.48,диетическое,2020,Республика Адыгея,79960.9,127166,2020-11-22 00:00:00
4.16,11869.3,5903.53,диетическое,2020,Республика Адыгея,77510.5,124671,2020-11-15 00:00:00
4.12,11807.4,4873.39,диетическое,2020,Республика Адыгея,87957.9,135506,2020-11-08 00:00:00
3.76,20102.7,5054.46,диетическое,2020,Республика Адыгея,97774.2,159318,2020-11-01 00:00:00
3.64,20511.2,4334.1,диетическое,2020,Республика Адыгея,89991.5,148660,2020-10-25 00:00:00
3.64,29076.7,6047.46,диетическое,2020,Республика Адыгея,114108,182648,2020-10-18 00:00:00
3.84,35428.2,7009.22,диетическое,2020,Республика Адыгея,83621.1,167656,2020-10-11 00:00:00
3.84,30106.1,6363.08,диетическое,2020,Республика Адыгея,78331.4,157490,2020-10-04 00:00:00
4.16,25445,6807.92,диетическое,2020,Республика Адыгея,93381.6,160548,2020-09-27 00:00:00
3.8,32478.8,9286.56,диетическое,2020,Республика Адыгея,108519,197650,2020-09-20 00:00:00
4.2,25095.3,9786.12,диетическое,2020,Республика Адыгея,76424.3,154622,2020-09-13 00:00:00
3.88,30510.8,9638.66,диетическое,2020,Республика Адыгея,92988.8,175978,2020-09-06 00:00:00
4.36,21072.3,7912.88,диетическое,2020,Республика Адыгея,82767,142154,2020-08-30 00:00:00
3.88,19284.1,10060.9,диетическое,2020,Республика Адыгея,112284,171575,2020-08-23 00:00:00
3.84,18393.3,13672.4,диетическое,2020,Республика Адыгея,126796,187310,2020-08-16 00:00:00
3.92,20560.4,10196.4,диетическое,2020,Республика Адыгея,105537,176410,2020-08-09 00:00:00
4.32,19863.2,9366.36,диетическое,2020,Республика Адыгея,87160.1,151807,2020-08-02 00:00:00
4.28,19400.2,9807.32,диетическое,2020,Республика Адыгея,85386.6,149263,2020-07-26 00:00:00
3.92,19371.5,9567.97,диетическое,2020,Республика Адыгея,113404,186259,2020-07-19 00:00:00
4.36,17434.6,9746.41,диетическое,2020,Республика Адыгея,90781.1,152992,2020-07-12 00:00:00
3.88,25125.2,10804.2,диетическое,2020,Республика Адыгея,121473,201798,2020-07-05 00:00:00
4.24,19436.1,8297.63,диетическое,2020,Республика Адыгея,90881.7,159982,2020-06-28 00:00:00
3.84,17917.4,8103.01,диетическое,2020,Республика Адыгея,111226,188763,2020-06-21 00:00:00
4.12,17224.2,7010.57,диетическое,2020,Республика Адыгея,103390,172302,2020-06-14 00:00:00
3.84,10385.8,10508.2,диетическое,2020,Республика Адыгея,128294,189470,2020-06-07 00:00:00
4.16,8351.55,11839,диетическое,2020,Республика Адыгея,117285,166214,2020-05-31 00:00:00
3.92,9348.72,14228.4,диетическое,2020,Республика Адыгея,140922,194991,2020-05-24 00:00:00
4.28,8161.87,10852.6,диетическое,2020,Республика Адыгея,100832,149400,2020-05-17 00:00:00
4.28,9079.59,13932.7,диетическое,2020,Республика Адыгея,114337,165727,2020-05-10 00:00:00
3.92,13149.2,16218.9,диетическое,2020,Республика Адыгея,159792,222813,2020-05-03 00:00:00
4.32,8599.82,15685.4,диетическое,2020,Республика Адыгея,117295,166557,2020-04-26 00:00:00
4.44,7598.5,12377.9,диетическое,2020,Республика Адыгея,91537.6,140649,2020-04-19 00:00:00
4.0,9658.98,12737.7,диетическое,2020,Республика Адыгея,111682,158490,2020-04-12 00:00:00
4.24,8266.56,14141.7,диетическое,2020,Республика Адыгея,104270,155074,2020-04-05 00:00:00
4.28,8307.47,14079.5,диетическое,2020,Республика Адыгея,102825,151301,2020-03-29 00:00:00
4.04,9195.02,13156,диетическое,2020,Республика Адыгея,122204,173980,2020-03-22 00:00:00
4.32,6821.52,11458.4,диетическое,2020,Республика Адыгея,86390.9,131054,2020-03-15 00:00:00
4.32,7723.68,10813.6,диетическое,2020,Республика Адыгея,104188,149239,2020-03-08 00:00:00
3.96,9712.84,10894.9,диетическое,2020,Республика Адыгея,121800,169424,2020-03-01 00:00:00
4.2,10053.4,13693.8,диетическое,2020,Республика Адыгея,101095,148164,2020-02-22 00:00:00
4.12,9817.42,11085.7,диетическое,2020,Республика Адыгея,109048,153852,2020-02-15 00:00:00
3.76,8119.73,9717.73,диетическое,2020,Республика Адыгея,125786,171749,2020-02-08 00:00:00
3.76,13445.8,17578.2,диетическое,2020,Республика Адыгея,160835,221471,2020-02-01 00:00:00
4.28,8371.74,11082.1,диетическое,2020,Республика Адыгея,95428.5,140855,2020-01-25 00:00:00
4.32,8423.57,12187.7,диетическое,2020,Республика Адыгея,97216.5,143465,2020-01-18 00:00:00
4.28,9098.86,11665.8,диетическое,2020,Республика Адыгея,103823,149832,2020-01-11 00:00:00
4.0,11083.6,11699,диетическое,2020,Республика Адыгея,113866,162163,2020-01-04 00:00:00
3.72,18070,66.44,диетическое,2021,Республика Адыгея,63236.6,166486,2021-12-25 00:00:00
3.68,16272.1,104.08,диетическое,2021,Республика Адыгея,66411.9,158024,2021-12-18 00:00:00
3.6,12359,158.44,диетическое,2021,Республика Адыгея,84856.2,193711,2021-12-11 00:00:00
3.84,20042.3,853.8,диетическое,2021,Республика Адыгея,82752,189526,2021-12-04 00:00:00
4.96,12290.6,177.21,диетическое,2021,Республика Адыгея,50379.4,129938,2021-11-27 00:00:00
5.32,12277,98.85,диетическое,2021,Республика Адыгея,53849.4,131606,2021-11-20 00:00:00
5.56,13161.1,181.78,диетическое,2021,Республика Адыгея,59293.4,141387,2021-11-13 00:00:00
5.24,13756.6,126.52,диетическое,2021,Республика Адыгея,66594.6,146937,2021-11-06 00:00:00
4.72,17343.1,165.83,диетическое,2021,Республика Адыгея,65786.5,151716,2021-10-30 00:00:00
4.76,28375.7,125.57,диетическое,2021,Республика Адыгея,66512,163018,2021-10-23 00:00:00
4.24,21640.4,233.46,диетическое,2021,Республика Адыгея,78566.3,177609,2021-10-16 00:00:00
4.8,15555.1,127.9,диетическое,2021,Республика Адыгея,77153.7,156477,2021-10-09 00:00:00
4.6,15615.5,85.74,диетическое,2021,Республика Адыгея,76163.2,172755,2021-10-02 00:00:00
4.64,20581.3,188.24,диетическое,2021,Республика Адыгея,79738.2,174769,2021-09-25 00:00:00
4.04,16914.6,80.79,диетическое,2021,Республика Адыгея,98830,191360,2021-09-18 00:00:00
3.0,12777.2,342.05,диетическое,2021,Республика Адыгея,144886,250165,2021-09-11 00:00:00
2.92,14374,371.7,диетическое,2021,Республика Адыгея,172939,292902,2021-09-04 00:00:00
4.36,12600.8,347.34,диетическое,2021,Республика Адыгея,104279,172758,2021-08-28 00:00:00
4.36,15916.7,193.95,диетическое,2021,Республика Адыгея,102331,184734,2021-08-21 00:00:00
4.24,19071.5,173.94,диетическое,2021,Республика Адыгея,102665,202834,2021-08-14 00:00:00
4.48,25466.1,161.34,диетическое,2021,Республика Адыгея,95351.7,188017,2021-08-07 00:00:00
4.4,29435.7,250.6,диетическое,2021,Республика Адыгея,88436.3,186520,2021-07-31 00:00:00
4.28,31317,255.64,диетическое,2021,Республика Адыгея,87692.8,191727,2021-07-24 00:00:00
4.28,33912.5,220.24,диетическое,2021,Республика Адыгея,90032,196774,2021-07-17 00:00:00
4.0,37966.3,320.41,диетическое,2021,Республика Адыгея,88754.1,198240,2021-07-10 00:00:00
3.48,46053,354.02,диетическое,2021,Республика Адыгея,106014,250902,2021-07-03 00:00:00
3.92,25602.8,243.82,диетическое,2021,Республика Адыгея,100032,195472,2021-06-26 00:00:00
3.56,19715.9,436.95,диетическое,2021,Республика Адыгея,135025,232084,2021-06-19 00:00:00
3.88,12815.8,905.03,диетическое,2021,Республика Адыгея,119783,190921,2021-06-12 00:00:00
3.52,17532.4,727.53,диетическое,2021,Республика Адыгея,136409,223369,2021-06-05 00:00:00
3.48,21273.8,993.26,диетическое,2021,Республика Адыгея,144140,238624,2021-05-29 00:00:00
3.68,18839.9,712.61,диетическое,2021,Республика Адыгея,115617,204128,2021-05-22 00:00:00
3.24,31344.6,975.69,диетическое,2021,Республика Адыгея,103730,219616,2021-05-15 00:00:00
3.52,26341.7,745.9,диетическое,2021,Республика Адыгея,114895,212720,2021-05-08 00:00:00
3.24,37442.5,1425.99,диетическое,2021,Республика Адыгея,117137,237679,2021-05-01 00:00:00
3.24,33821,1474.28,диетическое,2021,Республика Адыгея,111615,233759,2021-04-24 00:00:00
3.6,23421.5,1199.07,диетическое,2021,Республика Адыгея,96001.3,178369,2021-04-17 00:00:00
3.28,31062,3073.03,диетическое,2021,Республика Адыгея,98423.2,206829,2021-04-10 00:00:00
3.8,19391.2,6467.38,диетическое,2021,Республика Адыгея,94345.1,165588,2021-04-03 00:00:00
3.72,20112.9,6373.68,диетическое,2021,Республика Адыгея,98386.6,171568,2021-03-27 00:00:00
3.72,21586.8,6535.06,диетическое,2021,Республика Адыгея,100108,179306,2021-03-20 00:00:00
3.48,32085.3,5965.84,диетическое,2021,Республика Адыгея,91631.7,188478,2021-03-13 00:00:00
3.88,20762.4,5969.9,диетическое,2021,Республика Адыгея,87363,159755,2021-03-06 00:00:00
3.52,31558.8,7034.53,диетическое,2021,Республика Адыгея,99189.8,190263,2021-02-28 00:00:00
3.76,25448,9518.87,диетическое,2021,Республика Адыгея,101831,182025,2021-02-21 00:00:00
3.52,42830.6,8627.2,диетическое,2021,Республика Адыгея,103368,203205,2021-02-14 00:00:00
3.08,59611.2,7759.08,диетическое,2021,Республика Адыгея,124530,268609,2021-02-07 00:00:00
3.8,33297.5,8012.73,диетическое,2021,Республика Адыгея,90483,173690,2021-01-31 00:00:00
3.48,33125,6297.48,диетическое,2021,Республика Адыгея,78105.3,167159,2021-01-24 00:00:00
3.8,30227.7,6427.63,диетическое,2021,Республика Адыгея,98888.3,181361,2021-01-17 00:00:00
3.6,29886.4,7579.87,диетическое,2021,Республика Адыгея,123087,212753,2021-01-10 00:00:00
3.92,11153.8,7695.24,диетическое,2021,Республика Адыгея,131286,185316,2021-01-03 00:00:00
