data/chicken_eggs.csv
AveragePrice,С2,С3,type,year,region,С1,Total Volume,Date
3.64,18655.6,284.7,диетическое,2020,Республика Дагестан,105571,187664,2020-12-27 00:00:00
3.68,18630.3,255.72,диетическое,2020,Республика Дагестан,110267,191937,2020-12-20 00:00:00
3.44,31214.3,437.88,диетическое,2020,Республика Дагестан,119689,204217,2020-12-13 00:00:00
3.76,21553,325,диетическое,2020,Республика Дагестан,117855,185395,2020-12-06 00:00:00
3.6,23572.7,298.68,диетическое,2020,Республика Дагестан,96662.8,175834,2020-11-29 00:00:00
3.76,18822.5,388.83,диетическое,2020,Республика Дагестан,112639,192075,2020-11-22 00:00:00
3.92,21747.3,335,диетическое,2020,Республика Дагестан,113571,195780,2020-11-15 00:00:00
3.84,21552.5,692.39,диетическое,2020,Республика Дагестан,122266,197714,2020-11-08 00:00:00
3.88,16059.7,486.47,диетическое,2020,Республика Дагестан,129684,204738,2020-11-01 00:00:00
4.04,17516.6,646.78,диетическое,2020,Республика Дагестан,117736,191181,2020-10-25 00:00:00
4.08,18241,1003.78,диетическое,2020,Республика Дагестан,124894,206563,2020-10-18 00:00:00
4.0,16126,1155.54,диетическое,2020,Республика Дагестан,135770,217777,2020-10-11 00:00:00
4.0,20601.8,1171.5,диетическое,2020,Республика Дагестан,133196,222488,2020-10-04 00:00:00
4.24,17616.4,1515.75,диетическое,2020,Республика Дагестан,123529,199908,2020-09-27 00:00:00
4.0,24187.2,1608.76,диетическое,2020,Республика Дагестан,135004,224017,2020-09-20 00:00:00
4.08,18106.5,1713.51,диетическое,2020,Республика Дагестан,140510,219776,2020-09-13 00:00:00
3.96,18010.2,2204.32,диетическое,2020,Республика Дагестан,155273,248355,2020-09-06 00:00:00
4.12,14746.5,2416.44,диетическое,2020,Республика Дагестан,144652,234308,2020-08-30 00:00:00
4.16,18687.8,2886.6,диетическое,2020,Республика Дагестан,152248,240561,2020-08-23 00:00:00
4.16,16681.7,7405.88,диетическое,2020,Республика Дагестан,151209,253159,2020-08-16 00:00:00
4.0,10121.4,11932,диетическое,2020,Республика Дагестан,171948,272465,2020-08-09 00:00:00
4.16,8025.5,11763,диетическое,2020,Республика Дагестан,157656,248671,2020-08-02 00:00:00
4.12,10443.5,12343.9,диетическое,2020,Республика Дагестан,171673,258960,2020-07-26 00:00:00
3.92,8930.71,11720.4,диетическое,2020,Республика Дагестан,167068,258559,2020-07-19 00:00:00
4.2,11069.3,11822.3,диетическое,2020,Республика Дагестан,149306,239909,2020-07-12 00:00:00
4.04,9201.65,15050.7,диетическое,2020,Республика Дагестан,185226,297481,2020-07-05 00:00:00
4.12,10737.6,8080.05,диетическое,2020,Республика Дагестан,163194,261199,2020-06-28 00:00:00
3.72,8803.83,7161.74,диетическое,2020,Республика Дагестан,182416,293735,2020-06-21 00:00:00
4.08,10920.5,268.71,диетическое,2020,Республика Дагестан,166072,262250,2020-06-14 00:00:00
3.96,8769.22,297.49,диетическое,2020,Республика Дагестан,186503,288860,2020-06-07 00:00:00
4.16,8536.94,319,диетическое,2020,Республика Дагестан,164856,245294,2020-05-31 00:00:00
4.12,10463,235,диетическое,2020,Республика Дагестан,175841,265237,2020-05-24 00:00:00
3.84,9661.21,262,диетическое,2020,Республика Дагестан,172610,257403,2020-05-17 00:00:00
4.2,7959.95,321,диетическое,2020,Республика Дагестан,176480,256292,2020-05-10 00:00:00
3.72,13133.9,299.55,диетическое,2020,Республика Дагестан,204610,308656,2020-05-03 00:00:00
3.84,9195.1,288,диетическое,2020,Республика Дагестан,179544,265740,2020-04-26 00:00:00
3.72,12171.5,373.11,диетическое,2020,Республика Дагестан,172951,263487,2020-04-19 00:00:00
3.88,7155.35,294,диетическое,2020,Республика Дагестан,168050,235710,2020-04-12 00:00:00
3.96,7766.84,250,диетическое,2020,Республика Дагестан,166893,237822,2020-04-05 00:00:00
3.88,9472.68,77.75,диетическое,2020,Республика Дагестан,161510,237188,2020-03-29 00:00:00
3.6,8985.9,179.21,диетическое,2020,Республика Дагестан,196325,282494,2020-03-22 00:00:00
4.36,11363.1,183.95,диетическое,2020,Республика Дагестан,159683,233696,2020-03-15 00:00:00
4.24,12379.4,269.87,диетическое,2020,Республика Дагестан,163008,248274,2020-03-08 00:00:00
4.32,16229.6,384.82,диетическое,2020,Республика Дагестан,138924,224752,2020-03-01 00:00:00
3.68,10819.8,346.88,диетическое,2020,Республика Дагестан,178793,256175,2020-02-22 00:00:00
4.08,11863.7,253.04,диетическое,2020,Республика Дагестан,155289,230069,2020-02-15 00:00:00
3.72,8648.32,202.67,диетическое,2020,Республика Дагестан,169656,242065,2020-02-08 00:00:00
3.24,11860.9,426.32,диетическое,2020,Республика Дагестан,271076,367712,2020-02-01 00:00:00
3.76,12772,352.52,диетическое,2020,Республика Дагестан,188799,271448,2020-01-25 00:00:00
4.12,23263.4,213.64,диетическое,2020,Республика Дагестан,179991,267666,2020-01-18 00:00:00
3.88,10680.5,231.54,диетическое,2020,Республика Дагестан,165505,239232,2020-01-11 00:00:00
3.76,14085.7,218.63,диетическое,2020,Республика Дагестан,148384,222752,2020-01-04 00:00:00
3.76,23166.3,258.6,диетическое,2021,Республика Дагестан,117055,225497,2021-12-25 00:00:00
4.32,21082,430,диетическое,2021,Республика Дагестан,83700.4,183103,2021-12-18 00:00:00
4.84,18892.4,205,диетическое,2021,Республика Дагестан,89506.4,177582,2021-12-11 00:00:00
4.2,24486.1,120,диетическое,2021,Республика Дагестан,143483,253242,2021-12-04 00:00:00
5.52,17900.8,50,диетическое,2021,Республика Дагестан,76603.7,148538,2021-11-27 00:00:00
5.4,23609.7,51,диетическое,2021,Республика Дагестан,86431.2,167233,2021-11-20 00:00:00
5.04,30402,102.91,диетическое,2021,Республика Дагестан,133594,225722,2021-11-13 00:00:00
5.96,22891.6,95,диетическое,2021,Республика Дагестан,98950,183542,2021-11-06 00:00:00
5.92,22081.1,373.58,диетическое,2021,Республика Дагестан,71230.8,163511,2021-10-30 00:00:00
5.76,30817.3,245,диетическое,2021,Республика Дагестан,102353,203438,2021-10-23 00:00:00
5.44,27293.5,501.91,диетическое,2021,Республика Дагестан,112347,222713,2021-10-16 00:00:00
5.0,41720,401.91,диетическое,2021,Республика Дагестан,114410,233899,2021-10-09 00:00:00
5.16,32258.2,338.69,диетическое,2021,Республика Дагестан,108880,214691,2021-10-02 00:00:00
4.76,34973.2,892.33,диетическое,2021,Республика Дагестан,141796,264726,2021-09-25 00:00:00
4.72,32908.3,447.79,диетическое,2021,Республика Дагестан,126047,244914,2021-09-18 00:00:00
4.52,37594.6,252.9,диетическое,2021,Республика Дагестан,141311,250493,2021-09-11 00:00:00
3.76,65043.9,274.9,диетическое,2021,Республика Дагестан,172989,324151,2021-09-04 00:00:00
4.08,49486.3,363.52,диетическое,2021,Республика Дагестан,171214,309239,2021-08-28 00:00:00
4.16,43283.2,305,диетическое,2021,Республика Дагестан,187528,314573,2021-08-21 00:00:00
4.44,48204.7,189.86,диетическое,2021,Республика Дагестан,148300,265538,2021-08-14 00:00:00
4.52,52769.7,333.85,диетическое,2021,Республика Дагестан,153070,287114,2021-08-07 00:00:00
4.8,39957.3,239.09,диетическое,2021,Республика Дагестан,141489,254878,2021-07-31 00:00:00
4.64,41610.1,397,диетическое,2021,Республика Дагестан,127609,261492,2021-07-24 00:00:00
4.36,40877.5,271.3,диетическое,2021,Республика Дагестан,141467,284926,2021-07-17 00:00:00
4.24,41307.3,335,диетическое,2021,Республика Дагестан,149482,291978,2021-07-10 00:00:00
3.72,44367.9,320.72,диетическое,2021,Республика Дагестан,194809,360420,2021-07-03 00:00:00
4.2,37595.6,396.04,диетическое,2021,Республика Дагестан,137324,267116,2021-06-26 00:00:00
3.88,39328.9,267.67,диетическое,2021,Республика Дагестан,162451,293340,2021-06-19 00:00:00
3.8,35055.9,495.77,диетическое,2021,Республика Дагестан,163475,283923,2021-06-12 00:00:00
3.56,26539.1,557.45,диетическое,2021,Республика Дагестан,176829,291490,2021-06-05 00:00:00
3.4,47486,355.33,диетическое,2021,Республика Дагестан,167413,300078,2021-05-29 00:00:00
3.84,32548,495.61,диетическое,2021,Республика Дагестан,152791,271554,2021-05-22 00:00:00
3.44,35603.1,455.63,диетическое,2021,Республика Дагестан,156109,288245,2021-05-15 00:00:00
2.52,41988.7,455.82,диетическое,2021,Республика Дагестан,304802,495733,2021-05-08 00:00:00
2.32,60230.8,1500.12,диетическое,2021,Республика Дагестан,341116,564739,2021-05-01 00:00:00
3.48,33965.1,3088.13,диетическое,2021,Республика Дагестан,150931,295499,2021-04-24 00:00:00
3.48,32868.3,380.73,диетическое,2021,Республика Дагестан,181796,323909,2021-04-17 00:00:00
3.48,34799.3,612.27,диетическое,2021,Республика Дагестан,166398,312471,2021-04-10 00:00:00
3.56,29117.5,4574.45,диетическое,2021,Республика Дагестан,183585,316709,2021-04-03 00:00:00
3.76,31627.1,1281.63,диетическое,2021,Республика Дагестан,138523,263582,2021-03-27 00:00:00
3.76,30606.5,1534.28,диетическое,2021,Республика Дагестан,148493,273647,2021-03-20 00:00:00
3.64,38522.8,455.16,диетическое,2021,Республика Дагестан,160965,304058,2021-03-13 00:00:00
3.88,27025.5,565.65,диетическое,2021,Республика Дагестан,150786,267954,2021-03-06 00:00:00
3.2,35256,991.5,диетическое,2021,Республика Дагестан,173568,320343,2021-02-28 00:00:00
3.56,31665.9,322,диетическое,2021,Республика Дагестан,142079,263057,2021-02-21 00:00:00
3.24,29031.4,379.12,диетическое,2021,Республика Дагестан,175417,269319,2021-02-14 00:00:00
2.32,55887,566.5,диетическое,2021,Республика Дагестан,348348,542751,2021-02-07 00:00:00
3.52,33071.5,347.05,диетическое,2021,Республика Дагестан,164436,282934,2021-01-31 00:00:00
3.6,36030.5,403.01,диетическое,2021,Республика Дагестан,101029,228086,2021-01-24 00:00:00
3.52,41109.9,499.98,диетическое,2021,Республика Дагестан,158616,286863,2021-01-17 00:00:00
3.6,24063,440.92,диетическое,2021,Республика Дагестан,160167,264477,2021-01-10 00:00:00
3.44,40902.3,352.6,диетическое,2021,Республика Дагестан,159513,274498,2021-01-03 00:00:00
4.68,872604,894.58,диетическое,2020,Республика Ингушетия,13711.2,1.12988e+06,2020-12-27 00:00:00
4.92,867407,803.83,диетическое,2020,Республика Ингушетия,13998.4,1.13935e+06,2020-12-20 00:00:00
4.48,975505,1657.92,диетическое,2020,Республика Ингушетия,15990.4,1.25481e+06,2020-12-13 00:00:00
4.8,887708,892.62,диетическое,2020,Республика Ингушетия,15730.1,1.06897e+06,2020-12-06 00:00:00
4.64,814572,863.58,диетическое,2020,Республика Ингушетия,13652.4,999170,2020-11-29 00:00:00
4.56,905344,1227.89,диетическое,2020,Республика Ингушетия,15004.7,1.1118e+06,2020-11-22 00:00:00
4.16,1.10747e+06,929.57,диетическое,2020,Республика Ингушетия,23669.6,1.35739e+06,2020-11-15 00:00:00
4.52,1.09799e+06,753.78,диетическое,2020,Республика Ингушетия,20146.3,1.40626e+06,2020-11-08 00:00:00
4.24,1.91695e+06,1226.57,диетическое,2020,Республика Ингушетия,24197.6,2.18052e+06,2020-11-01 00:00:00
4.92,790163,540.63,диетическое,2020,Республика Ингушетия,18035.9,1.04805e+06,2020-10-25 00:00:00
3.88,1.59837e+06,1173.01,диетическое,2020,Республика Ингушетия,23873.6,1.85634e+06,2020-10-18 00:00:00
5.12,792684,721.46,диетическое,2020,Республика Ингушетия,14859.1,1.09928e+06,2020-10-11 00:00:00
5.04,1.06077e+06,1078.17,диетическое,2020,Республика Ингушетия,19623.5,1.34296e+06,2020-10-04 00:00:00
4.64,941113,983.6,диетическое,2020,Республика Ингушетия,15448.7,1.20107e+06,2020-09-27 00:00:00
4.72,913023,801.09,диетическое,2020,Республика Ингушетия,16098.3,1.19221e+06,2020-09-20 00:00:00
4.64,1.20826e+06,1030.24,диетическое,2020,Республика Ингушетия,20526.4,1.47933e+06,2020-09-13 00:00:00
4.88,1.0747e+06,1295.45,диетическое,2020,Республика Ингушетия,19894.3,1.34093e+06,2020-09-06 00:00:00
4.88,982356,1530.58,диетическое,2020,Республика Ингушетия,18628.2,1.25108e+06,2020-08-30 00:00:00
4.4,1.22269e+06,822.48,диетическое,2020,Республика Ингушетия,22589.4,1.47796e+06,2020-08-23 00:00:00
4.56,1.29121e+06,1727.95,диетическое,2020,Республика Ингушетия,19663.4,1.53598e+06,2020-08-16 00:00:00
4.4,1.29058e+06,976.16,диетическое,2020,Республика Ингушетия,23326.3,1.56392e+06,2020-08-09 00:00:00
4.56,1.18426e+06,1330.65,диетическое,2020,Республика Ингушетия,21768.6,1.45872e+06,2020-08-02 00:00:00
5.12,910717,1321.69,диетическое,2020,Республика Ингушетия,19228.2,1.21173e+06,2020-07-26 00:00:00
5.48,923816,2324.14,диетическое,2020,Республика Ингушетия,20811.4,1.25192e+06,2020-07-19 00:00:00
5.08,956051,5130.14,диетическое,2020,Республика Ингушетия,22742.3,1.33828e+06,2020-07-12 00:00:00
4.72,1.29078e+06,5470.64,диетическое,2020,Республика Ингушетия,23947.7,1.66683e+06,2020-07-05 00:00:00
5.44,917011,3347.48,диетическое,2020,Республика Ингушетия,17714.9,1.28479e+06,2020-06-28 00:00:00
5.12,1.31224e+06,5159.36,диетическое,2020,Республика Ингушетия,18711,1.66703e+06,2020-06-21 00:00:00
5.28,931945,3548.03,диетическое,2020,Республика Ингушетия,23161.3,1.36313e+06,2020-06-14 00:00:00
5.28,1.3479e+06,2235.54,диетическое,2020,Республика Ингушетия,24735,1.73106e+06,2020-06-07 00:00:00
5.72,1.07766e+06,1368.92,диетическое,2020,Республика Ингушетия,24958.8,1.49322e+06,2020-05-31 00:00:00
5.48,1.10369e+06,1724.03,диетическое,2020,Республика Ингушетия,21741.7,1.51502e+06,2020-05-24 00:00:00
5.72,871213,1648.45,диетическое,2020,Республика Ингушетия,21866.2,1.25555e+06,2020-05-17 00:00:00
4.88,1.7119e+06,4590.52,диетическое,2020,Республика Ингушетия,27734,2.11859e+06,2020-05-10 00:00:00
5.28,1.31797e+06,4554.01,диетическое,2020,Республика Ингушетия,23447.4,1.6791e+06,2020-05-03 00:00:00
5.76,932216,2618.1,диетическое,2020,Республика Ингушетия,20400.3,1.29559e+06,2020-04-26 00:00:00
5.68,927146,2366.85,диетическое,2020,Республика Ингушетия,20252.5,1.33251e+06,2020-04-19 00:00:00
5.72,764676,1846.37,диетическое,2020,Республика Ингушетия,18928.3,1.08441e+06,2020-04-12 00:00:00
5.64,909664,2011.01,диетическое,2020,Республика Ингушетия,20081.5,1.24432e+06,2020-04-05 00:00:00
5.44,882072,1812.92,диетическое,2020,Республика Ингушетия,21780.5,1.18382e+06,2020-03-29 00:00:00
5.32,884993,1650.73,диетическое,2020,Республика Ингушетия,22713.3,1.19273e+06,2020-03-22 00:00:00
5.8,749461,1923.63,диетическое,2020,Республика Ингушетия,22591.7,1.09774e+06,2020-03-15 00:00:00
5.44,755538,2109.98,диетическое,2020,Республика Ингушетия,31886.4,1.12933e+06,2020-03-08 00:00:00
4.72,1.02537e+06,2849.43,диетическое,2020,Республика Ингушетия,19919.9,1.33813e+06,2020-03-01 00:00:00
5.32,757988,2885,диетическое,2020,Республика Ингушетия,18716.2,1.08898e+06,2020-02-22 00:00:00
5.44,688201,2659.51,диетическое,2020,Республика Ингушетия,17342.3,997562,2020-02-15 00:00:00
4.44,1.31097e+06,2996.36,диетическое,2020,Республика Ингушетия,26781.6,1.65871e+06,2020-02-08 00:00:00
5.44,1.08453e+06,3251.93,диетическое,2020,Республика Ингушетия,22622.9,1.43376e+06,2020-02-01 00:00:00
5.44,768132,3184.12,диетическое,2020,Республика Ингушетия,18101.9,1.10287e+06,2020-01-25 00:00:00
5.48,749309,3039.37,диетическое,2020,Республика Ингушетия,18945.6,1.04428e+06,2020-01-18 00:00:00
5.36,714531,2315.72,диетическое,2020,Республика Ингушетия,15880.8,1.01823e+06,2020-01-11 00:00:00
4.36,1.12788e+06,1871.07,диетическое,2020,Республика Ингушетия,23641,1.40289e+06,2020-01-04 00:00:00
5.44,713042,84414.5,диетическое,2021,Республика Ингушетия,11329.9,1.08798e+06,2021-12-25 00:00:00
5.04,954803,15428.6,диетическое,2021,Республика Ингушетия,14178.2,1.24138e+06,2021-12-18 00:00:00
5.28,793990,5247.11,диетическое,2021,Республика Ингушетия,10994.8,1.1637e+06,2021-12-11 00:00:00
6.08,696042,2350.43,диетическое,2021,Республика Ингушетия,13893.1,960476,2021-12-04 00:00:00
6.24,696849,2022.9,диетическое,2021,Республика Ингушетия,15264.3,970753,2021-11-27 00:00:00
6.36,732069,2999.16,диетическое,2021,Республика Ингушетия,16970.6,1.0931e+06,2021-11-20 00:00:00
7.6,523322,2970.03,диетическое,2021,Республика Ингушетия,12169.1,830018,2021-11-13 00:00:00
7.72,460230,3519.45,диетическое,2021,Республика Ингушетия,10277.5,767191,2021-11-06 00:00:00
7.96,435952,1595.64,диетическое,2021,Республика Ингушетия,9264.98,618280,2021-10-30 00:00:00
7.8,512038,2086.69,диетическое,2021,Республика Ингушетия,11212.7,807565,2021-10-23 00:00:00
7.56,636342,1794.03,диетическое,2021,Республика Ингушетия,15611.2,969847,2021-10-16 00:00:00
7.04,688906,1806.94,диетическое,2021,Республика Ингушетия,20086.9,1.03106e+06,2021-10-09 00:00:00
6.88,658467,3847.42,диетическое,2021,Республика Ингушетия,33926.4,1.05793e+06,2021-10-02 00:00:00
6.48,566150,2002.25,диетическое,2021,Республика Ингушетия,121477,1.06113e+06,2021-09-25 00:00:00
6.0,551449,1664.22,диетическое,2021,Республика Ингушетия,112702,1.10845e+06,2021-09-18 00:00:00
5.04,883866,2148.56,диетическое,2021,Республика Ингушетия,239518,1.55841e+06,2021-09-11 00:00:00
5.88,832270,12219.2,диетическое,2021,Республика Ингушетия,23916.2,1.27875e+06,2021-09-04 00:00:00
6.32,715527,37849.9,диетическое,2021,Республика Ингушетия,19257,1.2124e+06,2021-08-28 00:00:00
5.88,771413,4586.26,диетическое,2021,Республика Ингушетия,15005.3,1.33494e+06,2021-08-21 00:00:00
5.96,714407,13049.6,диетическое,2021,Республика Ингушетия,18600.2,1.27595e+06,2021-08-14 00:00:00
6.16,668121,26114.2,диетическое,2021,Республика Ингушетия,22522.2,1.25692e+06,2021-08-07 00:00:00
6.8,609413,21053.6,диетическое,2021,Республика Ингушетия,16312.6,1.12216e+06,2021-07-31 00:00:00
6.72,650142,22932.6,диетическое,2021,Республика Ингушетия,14628.7,1.18037e+06,2021-07-24 00:00:00
6.56,611445,28823.3,диетическое,2021,Республика Ингушетия,12881.3,1.07626e+06,2021-07-17 00:00:00
6.04,700325,38821.4,диетическое,2021,Республика Ингушетия,15424.4,1.2662e+06,2021-07-10 00:00:00
6.12,746733,49981.3,диетическое,2021,Республика Ингушетия,14732.7,1.28073e+06,2021-07-03 00:00:00
