data/chicken_eggs.csv
AveragePrice,С2,С3,type,year,region,С1,Total Volume,Date
4.8,2.31316e+06,35858.3,диетическое,2020,Кабардино-Балкарская Республика,69920.5,3.15636e+06,2020-12-27 00:00:00
4.8,2.33069e+06,14909.6,диетическое,2020,Кабардино-Балкарская Республика,72576.5,3.19012e+06,2020-12-20 00:00:00
4.36,2.85233e+06,4716.39,диетическое,2020,Кабардино-Балкарская Республика,81055.1,3.69655e+06,2020-12-13 00:00:00
4.56,2.54119e+06,3341.42,диетическое,2020,Кабардино-Балкарская Республика,85444.6,3.21849e+06,2020-12-06 00:00:00
4.88,1.96433e+06,3025.26,диетическое,2020,Кабардино-Балкарская Республика,71191.7,2.59378e+06,2020-11-29 00:00:00
4.64,2.3164e+06,4067.05,диетическое,2020,Кабардино-Балкарская Республика,79006.9,3.02622e+06,2020-11-22 00:00:00
4.36,2.73891e+06,3393.33,диетическое,2020,Кабардино-Балкарская Республика,89242.5,3.53895e+06,2020-11-15 00:00:00
4.4,3.333e+06,4491.79,диетическое,2020,Кабардино-Балкарская Республика,86385.1,4.20578e+06,2020-11-08 00:00:00
4.36,3.92064e+06,4729.26,диетическое,2020,Кабардино-Балкарская Республика,95355.7,4.80162e+06,2020-11-01 00:00:00
4.6,2.43845e+06,3363.89,диетическое,2020,Кабардино-Балкарская Республика,88907,3.30661e+06,2020-10-25 00:00:00
3.96,4.02538e+06,5421.22,диетическое,2020,Кабардино-Балкарская Республика,93569.3,4.86661e+06,2020-10-18 00:00:00
4.92,2.38302e+06,4364.98,диетическое,2020,Кабардино-Балкарская Республика,88376.7,3.30783e+06,2020-10-11 00:00:00
4.84,2.67976e+06,5434.32,диетическое,2020,Кабардино-Балкарская Республика,99666.7,3.58518e+06,2020-10-04 00:00:00
4.52,2.96515e+06,4785.85,диетическое,2020,Кабардино-Балкарская Республика,86278.9,3.73907e+06,2020-09-27 00:00:00
4.84,2.49211e+06,4293.65,диетическое,2020,Кабардино-Балкарская Республика,86196.3,3.33459e+06,2020-09-20 00:00:00
4.56,3.3643e+06,4616.79,диетическое,2020,Кабардино-Балкарская Республика,95839.6,4.20529e+06,2020-09-13 00:00:00
4.72,3.22751e+06,6693.26,диетическое,2020,Кабардино-Балкарская Республика,99311.6,4.08806e+06,2020-09-06 00:00:00
4.8,2.98137e+06,11075.1,диетическое,2020,Кабардино-Балкарская Республика,93228,3.82597e+06,2020-08-30 00:00:00
4.52,3.29193e+06,7167.44,диетическое,2020,Кабардино-Балкарская Республика,107907,4.14622e+06,2020-08-23 00:00:00
4.68,3.38254e+06,8138.99,диетическое,2020,Кабардино-Балкарская Республика,97139.9,4.22144e+06,2020-08-16 00:00:00
4.4,3.8948e+06,9116.57,диетическое,2020,Кабардино-Балкарская Республика,105394,4.78633e+06,2020-08-09 00:00:00
4.76,3.2441e+06,11726.4,диетическое,2020,Кабардино-Балкарская Республика,104772,4.15466e+06,2020-08-02 00:00:00
5.12,2.75715e+06,14864.8,диетическое,2020,Кабардино-Балкарская Республика,102483,3.75752e+06,2020-07-26 00:00:00
5.08,3.05793e+06,36476.4,диетическое,2020,Кабардино-Балкарская Республика,107602,4.16921e+06,2020-07-19 00:00:00
4.8,3.05182e+06,75096.2,диетическое,2020,Кабардино-Балкарская Республика,110243,4.45414e+06,2020-07-12 00:00:00
4.96,3.32829e+06,92678.1,диетическое,2020,Кабардино-Балкарская Республика,122190,4.85527e+06,2020-07-05 00:00:00
5.2,2.67047e+06,72708.7,диетическое,2020,Кабардино-Балкарская Республика,105387,4.10093e+06,2020-06-28 00:00:00
5.08,3.20394e+06,77296.4,диетическое,2020,Кабардино-Балкарская Республика,106860,4.50847e+06,2020-06-21 00:00:00
4.8,2.98595e+06,56827.1,диетическое,2020,Кабардино-Балкарская Республика,112693,4.56175e+06,2020-06-14 00:00:00
5.08,3.4166e+06,7058.9,диетическое,2020,Кабардино-Балкарская Республика,109588,4.72193e+06,2020-06-07 00:00:00
5.36,2.95418e+06,5488.64,диетическое,2020,Кабардино-Балкарская Республика,116068,4.32924e+06,2020-05-31 00:00:00
5.04,3.21255e+06,7774.83,диетическое,2020,Кабардино-Балкарская Республика,112426,4.66146e+06,2020-05-24 00:00:00
5.32,2.73059e+06,5593.26,диетическое,2020,Кабардино-Балкарская Республика,114066,4.09468e+06,2020-05-17 00:00:00
4.84,4.1437e+06,10220.8,диетическое,2020,Кабардино-Балкарская Республика,134556,5.49865e+06,2020-05-10 00:00:00
4.96,3.36596e+06,13487.6,диетическое,2020,Кабардино-Балкарская Республика,129460,4.59731e+06,2020-05-03 00:00:00
5.44,2.49274e+06,7040.21,диетическое,2020,Кабардино-Балкарская Республика,110931,3.64636e+06,2020-04-26 00:00:00
5.24,2.55289e+06,6389.9,диетическое,2020,Кабардино-Балкарская Республика,110955,3.78614e+06,2020-04-19 00:00:00
5.32,2.10218e+06,5306.97,диетическое,2020,Кабардино-Балкарская Республика,93987.6,3.20321e+06,2020-04-12 00:00:00
5.36,2.40945e+06,6203.7,диетическое,2020,Кабардино-Балкарская Республика,97887.7,3.46777e+06,2020-04-05 00:00:00
5.04,2.54329e+06,5707.16,диетическое,2020,Кабардино-Балкарская Республика,96169.3,3.49703e+06,2020-03-29 00:00:00
4.88,2.52652e+06,5436.84,диетическое,2020,Кабардино-Балкарская Республика,118765,3.52041e+06,2020-03-22 00:00:00
5.36,2.08204e+06,5531.34,диетическое,2020,Кабардино-Балкарская Республика,111778,3.13599e+06,2020-03-15 00:00:00
5.08,2.11194e+06,7864.97,диетическое,2020,Кабардино-Балкарская Республика,113602,3.25083e+06,2020-03-08 00:00:00
4.6,2.79018e+06,7317.59,диетическое,2020,Кабардино-Балкарская Республика,88609.3,3.78046e+06,2020-03-01 00:00:00
5.16,2.00308e+06,7049.52,диетическое,2020,Кабардино-Балкарская Республика,92283.1,3.04245e+06,2020-02-22 00:00:00
5.16,1.95808e+06,7773.07,диетическое,2020,Кабардино-Балкарская Республика,88056.2,2.9837e+06,2020-02-15 00:00:00
4.36,3.35488e+06,7219.81,диетическое,2020,Кабардино-Балкарская Республика,128978,4.45705e+06,2020-02-08 00:00:00
4.92,3.14938e+06,9191.41,диетическое,2020,Кабардино-Балкарская Республика,133613,4.29888e+06,2020-02-01 00:00:00
5.08,2.12919e+06,7923.65,диетическое,2020,Кабардино-Балкарская Республика,96761.8,3.2385e+06,2020-01-25 00:00:00
5.28,2.09878e+06,7215.59,диетическое,2020,Кабардино-Балкарская Республика,91803.1,3.06679e+06,2020-01-18 00:00:00
5.12,2.07066e+06,6915.47,диетическое,2020,Кабардино-Балкарская Республика,97343.6,3.05602e+06,2020-01-11 00:00:00
4.36,2.86071e+06,7580.38,диетическое,2020,Кабардино-Балкарская Республика,126641,3.75928e+06,2020-01-04 00:00:00
4.84,250271,12123.2,диетическое,2020,Республика Калмыкия,2601.32,304598,2020-12-27 00:00:00
4.68,232460,3820.83,диетическое,2020,Республика Калмыкия,2616.13,284808,2020-12-20 00:00:00
3.8,369076,116.84,диетическое,2020,Республика Калмыкия,2970.12,407483,2020-12-13 00:00:00
4.44,261503,94.18,диетическое,2020,Республика Калмыкия,3320.11,303058,2020-12-06 00:00:00
5.0,181978,88.58,диетическое,2020,Республика Калмыкия,2897.91,219690,2020-11-29 00:00:00
4.32,230517,140.77,диетическое,2020,Республика Калмыкия,2770.62,274209,2020-11-22 00:00:00
4.28,237255,90.93,диетическое,2020,Республика Калмыкия,2589.55,287016,2020-11-15 00:00:00
3.84,453089,132.37,диетическое,2020,Республика Калмыкия,2347.38,489340,2020-11-08 00:00:00
4.28,281499,209.48,диетическое,2020,Республика Калмыкия,3271.4,350261,2020-11-01 00:00:00
4.32,268057,158.24,диетическое,2020,Республика Калмыкия,2599.46,313881,2020-10-25 00:00:00
4.0,361448,192.81,диетическое,2020,Республика Калмыкия,3274.11,402466,2020-10-18 00:00:00
4.76,231543,204.79,диетическое,2020,Республика Калмыкия,3616.8,278473,2020-10-11 00:00:00
4.48,253346,248.25,диетическое,2020,Республика Калмыкия,3978.7,298223,2020-10-04 00:00:00
3.92,427545,265.22,диетическое,2020,Республика Калмыкия,2768.16,458603,2020-09-27 00:00:00
4.68,270776,291.7,диетическое,2020,Республика Калмыкия,2413.3,322730,2020-09-20 00:00:00
4.36,301172,277.25,диетическое,2020,Республика Калмыкия,1752.73,356105,2020-09-13 00:00:00
4.04,456885,377.7,диетическое,2020,Республика Калмыкия,2506.81,508208,2020-09-06 00:00:00
4.52,337185,457.24,диетическое,2020,Республика Калмыкия,2834.15,395127,2020-08-30 00:00:00
4.72,338131,608.29,диетическое,2020,Республика Калмыкия,2487.19,400102,2020-08-23 00:00:00
4.92,304465,775,диетическое,2020,Республика Калмыкия,2067.21,372516,2020-08-16 00:00:00
4.12,523493,815.98,диетическое,2020,Республика Калмыкия,2513.38,579226,2020-08-09 00:00:00
5.0,347110,1637.61,диетическое,2020,Республика Калмыкия,2279.1,417083,2020-08-02 00:00:00
5.0,324259,2452.04,диетическое,2020,Республика Калмыкия,2558.33,402792,2020-07-26 00:00:00
4.12,522040,6851.58,диетическое,2020,Республика Калмыкия,3108.09,594452,2020-07-19 00:00:00
4.4,341892,15371.8,диетическое,2020,Республика Калмыкия,3111.08,509215,2020-07-12 00:00:00
4.6,338863,17992,диетическое,2020,Республика Калмыкия,2968.62,536643,2020-07-05 00:00:00
4.56,282588,15156.3,диетическое,2020,Республика Калмыкия,2582.77,452801,2020-06-28 00:00:00
4.72,300070,14779.7,диетическое,2020,Республика Калмыкия,2279.37,425886,2020-06-21 00:00:00
4.16,362082,10744.5,диетическое,2020,Республика Калмыкия,2804.46,537725,2020-06-14 00:00:00
4.68,314309,37.43,диетическое,2020,Республика Калмыкия,2096.21,427217,2020-06-07 00:00:00
4.8,313153,61.25,диетическое,2020,Республика Калмыкия,2523.96,413699,2020-05-31 00:00:00
4.16,372289,53.34,диетическое,2020,Республика Калмыкия,2624.76,512172,2020-05-24 00:00:00
4.6,287792,29.88,диетическое,2020,Республика Калмыкия,2745.99,422484,2020-05-17 00:00:00
4.2,503984,78.56,диетическое,2020,Республика Калмыкия,2739.66,578437,2020-05-10 00:00:00
4.64,304233,59.55,диетическое,2020,Республика Калмыкия,2322.24,366987,2020-05-03 00:00:00
4.96,253563,79.62,диетическое,2020,Республика Калмыкия,1960.76,311879,2020-04-26 00:00:00
4.52,284389,78.27,диетическое,2020,Республика Калмыкия,2156.47,346562,2020-04-19 00:00:00
4.64,214310,58.52,диетическое,2020,Республика Калмыкия,2160.72,306251,2020-04-12 00:00:00
4.76,252307,82.02,диетическое,2020,Республика Калмыкия,2352.11,309144,2020-04-05 00:00:00
4.28,372165,57.27,диетическое,2020,Республика Калмыкия,2452.76,412639,2020-03-29 00:00:00
4.76,229493,55.64,диетическое,2020,Республика Калмыкия,4556.72,282155,2020-03-22 00:00:00
4.6,247093,90.6,диетическое,2020,Республика Калмыкия,6236.37,301853,2020-03-15 00:00:00
4.36,234532,15.02,диетическое,2020,Республика Калмыкия,2507.83,287964,2020-03-08 00:00:00
4.2,310490,41.26,диетическое,2020,Республика Калмыкия,2266.45,355678,2020-03-01 00:00:00
4.52,217477,23.63,диетическое,2020,Республика Калмыкия,2875.24,264119,2020-02-22 00:00:00
4.44,232118,33.13,диетическое,2020,Республика Калмыкия,2897.82,288515,2020-02-15 00:00:00
4.12,308443,33.62,диетическое,2020,Республика Калмыкия,4606.01,363935,2020-02-08 00:00:00
4.24,361694,34.23,диетическое,2020,Республика Калмыкия,4353.96,412753,2020-02-01 00:00:00
4.24,233233,24.12,диетическое,2020,Республика Калмыкия,3806.65,290611,2020-01-25 00:00:00
4.48,241381,38.05,диетическое,2020,Республика Калмыкия,3012.79,309203,2020-01-18 00:00:00
4.24,265252,22.9,диетическое,2020,Республика Калмыкия,4578.25,314717,2020-01-11 00:00:00
4.2,264352,14.68,диетическое,2020,Республика Калмыкия,4966.76,321824,2020-01-04 00:00:00
3.96,20765.3,124.04,диетическое,2020,Карачаево-Черкесская Республика,211103,305774,2020-12-27 00:00:00
4.84,15794.6,122.07,диетическое,2020,Карачаево-Черкесская Республика,131153,200075,2020-12-20 00:00:00
3.84,24260.9,168.63,диетическое,2020,Карачаево-Черкесская Республика,217679,310102,2020-12-13 00:00:00
4.8,21555.7,121.93,диетическое,2020,Карачаево-Черкесская Республика,135223,199064,2020-12-06 00:00:00
3.84,21007.8,37.82,диетическое,2020,Карачаево-Черкесская Республика,190362,262684,2020-11-29 00:00:00
3.92,21585.6,120.55,диетическое,2020,Карачаево-Черкесская Республика,184442,266951,2020-11-22 00:00:00
4.96,20681.6,109.39,диетическое,2020,Карачаево-Черкесская Республика,129533,200715,2020-11-15 00:00:00
4.96,21007.3,92.19,диетическое,2020,Карачаево-Черкесская Республика,132376,202955,2020-11-08 00:00:00
3.88,29350.5,80.56,диетическое,2020,Карачаево-Черкесская Республика,228073,330071,2020-11-01 00:00:00
5.0,24182.1,91.29,диетическое,2020,Карачаево-Черкесская Республика,138110,210266,2020-10-25 00:00:00
4.96,24094.4,71.02,диетическое,2020,Карачаево-Черкесская Республика,131126,204526,2020-10-18 00:00:00
4.0,30064.2,105.62,диетическое,2020,Карачаево-Черкесская Республика,211056,308033,2020-10-11 00:00:00
4.0,34085.5,60.86,диетическое,2020,Карачаево-Черкесская Республика,224769,332997,2020-10-04 00:00:00
5.12,41995.3,142.31,диетическое,2020,Карачаево-Черкесская Республика,114107,202457,2020-09-27 00:00:00
3.96,51930.9,119.94,диетическое,2020,Карачаево-Черкесская Республика,201392,329685,2020-09-20 00:00:00
4.92,51292,43.61,диетическое,2020,Карачаево-Черкесская Республика,113375,221548,2020-09-13 00:00:00
3.96,56930.2,82.75,диетическое,2020,Карачаево-Черкесская Республика,232503,375737,2020-09-06 00:00:00
5.0,51487.7,173.11,диетическое,2020,Карачаево-Черкесская Республика,123335,238270,2020-08-30 00:00:00
4.84,51869.5,81.78,диетическое,2020,Карачаево-Черкесская Республика,113658,228926,2020-08-23 00:00:00
4.92,46941.6,91.62,диетическое,2020,Карачаево-Черкесская Республика,128770,240186,2020-08-16 00:00:00
3.96,57952.3,99.51,диетическое,2020,Карачаево-Черкесская Республика,249266,388550,2020-08-09 00:00:00
4.96,49482.9,88.69,диетическое,2020,Карачаево-Черкесская Республика,130990,240822,2020-08-02 00:00:00
4.88,51179.4,71.27,диетическое,2020,Карачаево-Черкесская Республика,128205,239842,2020-07-26 00:00:00
3.92,57749.2,61.06,диетическое,2020,Карачаево-Черкесская Республика,226313,363733,2020-07-19 00:00:00
4.88,53986.7,73.35,диетическое,2020,Карачаево-Черкесская Республика,133074,245529,2020-07-12 00:00:00
3.88,66371.8,83.04,диетическое,2020,Карачаево-Черкесская Республика,258451,420329,2020-07-05 00:00:00
4.6,52467.4,118.88,диетическое,2020,Карачаево-Черкесская Республика,144511,277854,2020-06-28 00:00:00
3.84,57122.8,726.55,диетическое,2020,Карачаево-Черкесская Республика,243577,394035,2020-06-21 00:00:00
4.88,36946.3,2083.82,диетическое,2020,Карачаево-Черкесская Республика,141946,256150,2020-06-14 00:00:00
3.92,33611.1,561.66,диетическое,2020,Карачаево-Черкесская Республика,271323,391557,2020-06-07 00:00:00
5.04,19641.7,73.35,диетическое,2020,Карачаево-Черкесская Республика,174419,250040,2020-05-31 00:00:00
4.0,29758,160.42,диетическое,2020,Карачаево-Черкесская Республика,295795,401991,2020-05-24 00:00:00
4.92,19797.3,173.63,диетическое,2020,Карачаево-Черкесская Республика,168887,243266,2020-05-17 00:00:00
4.92,19590.8,138.92,диетическое,2020,Карачаево-Черкесская Республика,185586,257033,2020-05-10 00:00:00
3.92,36610.8,165.6,диетическое,2020,Карачаево-Черкесская Республика,369352,501574,2020-05-03 00:00:00
4.92,21351.6,93.98,диетическое,2020,Карачаево-Черкесская Республика,179053,257308,2020-04-26 00:00:00
4.92,18812.2,205.89,диетическое,2020,Карачаево-Черкесская Республика,157931,231777,2020-04-19 00:00:00
3.96,28203.4,96.79,диетическое,2020,Карачаево-Черкесская Республика,275283,375364,2020-04-12 00:00:00
4.4,25858.8,103.76,диетическое,2020,Карачаево-Черкесская Республика,211117,300680,2020-04-05 00:00:00
5.0,18785.4,128.97,диетическое,2020,Карачаево-Черкесская Республика,150613,216925,2020-03-29 00:00:00
3.92,29682.5,141.02,диетическое,2020,Карачаево-Черкесская Республика,260635,363504,2020-03-22 00:00:00
5.08,21353.8,115.89,диетическое,2020,Карачаево-Черкесская Республика,154932,226248,2020-03-15 00:00:00
5.08,19868.2,86.78,диетическое,2020,Карачаево-Черкесская Республика,149785,219072,2020-03-08 00:00:00
4.0,26599.8,114.63,диетическое,2020,Карачаево-Черкесская Республика,227527,316199,2020-03-01 00:00:00
4.72,22481.3,66.79,диетическое,2020,Карачаево-Черкесская Республика,151270,226965,2020-02-22 00:00:00
5.04,21210.4,37.33,диетическое,2020,Карачаево-Черкесская Республика,139189,204812,2020-02-15 00:00:00
4.92,24318.2,99.17,диетическое,2020,Карачаево-Черкесская Республика,137587,204397,2020-02-08 00:00:00
3.8,50048.4,180.21,диетическое,2020,Карачаево-Черкесская Республика,358731,489225,2020-02-01 00:00:00
5.12,29418.4,91.59,диетическое,2020,Карачаево-Черкесская Республика,133616,211991,2020-01-25 00:00:00
5.32,34703.3,83.8,диетическое,2020,Карачаево-Черкесская Республика,112722,191078,2020-01-18 00:00:00
5.16,39236.1,52.44,диетическое,2020,Карачаево-Черкесская Республика,119336,202035,2020-01-11 00:00:00
4.0,38265.2,75.22,диетическое,2020,Карачаево-Черкесская Республика,190743,281803,2020-01-04 00:00:00
