data/chicken_eggs.csv
AveragePrice,С2,С3,type,year,region,С1,Total Volume,Date
5.0,208945,530.89,диетическое,2020,Республика Северная Осетия - Алания,9778.07,308547,2020-12-27 00:00:00
5.32,198362,532.68,диетическое,2020,Республика Северная Осетия - Алания,9646.13,306843,2020-12-20 00:00:00
4.72,244536,683.27,диетическое,2020,Республика Северная Осетия - Алания,12500.2,352369,2020-12-13 00:00:00
4.72,254809,540.52,диетическое,2020,Республика Северная Осетия - Алания,16536.6,346896,2020-12-06 00:00:00
4.92,195284,533.71,диетическое,2020,Республика Северная Осетия - Алания,11335.6,275092,2020-11-29 00:00:00
4.92,226194,591.76,диетическое,2020,Республика Северная Осетия - Алания,12680.1,320058,2020-11-22 00:00:00
4.68,263608,604.6,диетическое,2020,Республика Северная Осетия - Алания,13989.1,363548,2020-11-15 00:00:00
5.08,268320,479.7,диетическое,2020,Республика Северная Осетия - Алания,13867,374934,2020-11-08 00:00:00
4.52,453730,570.57,диетическое,2020,Республика Северная Осетия - Алания,15179.6,559566,2020-11-01 00:00:00
4.76,283086,437.37,диетическое,2020,Республика Северная Осетия - Алания,19897.8,398338,2020-10-25 00:00:00
4.24,388376,819.38,диетическое,2020,Республика Северная Осетия - Алания,14369.9,496237,2020-10-18 00:00:00
5.04,256351,550.69,диетическое,2020,Республика Северная Осетия - Алания,13073.4,373651,2020-10-11 00:00:00
5.12,268719,754.42,диетическое,2020,Республика Северная Осетия - Алания,14121.5,388206,2020-10-04 00:00:00
5.0,255353,497.49,диетическое,2020,Республика Северная Осетия - Алания,14983.2,368780,2020-09-27 00:00:00
5.0,251090,580.3,диетическое,2020,Республика Северная Осетия - Алания,14832.8,361362,2020-09-20 00:00:00
4.76,346217,752.17,диетическое,2020,Республика Северная Осетия - Алания,15898.8,454796,2020-09-13 00:00:00
5.0,284480,633.36,диетическое,2020,Республика Северная Осетия - Алания,16018.8,399062,2020-09-06 00:00:00
5.04,269812,654.66,диетическое,2020,Республика Северная Осетия - Алания,14942.3,381319,2020-08-30 00:00:00
4.36,336375,717.48,диетическое,2020,Республика Северная Осетия - Алания,21862.5,449716,2020-08-23 00:00:00
4.8,324062,652.49,диетическое,2020,Республика Северная Осетия - Алания,14748.7,425708,2020-08-16 00:00:00
4.76,294414,801.53,диетическое,2020,Республика Северная Осетия - Алания,14929.7,405556,2020-08-09 00:00:00
4.84,288809,955.95,диетическое,2020,Республика Северная Осетия - Алания,15487.3,399212,2020-08-02 00:00:00
5.44,251977,856.78,диетическое,2020,Республика Северная Осетия - Алания,16844.9,373032,2020-07-26 00:00:00
5.56,237183,1472.69,диетическое,2020,Республика Северная Осетия - Алания,15791.2,369974,2020-07-19 00:00:00
5.52,233808,1885.79,диетическое,2020,Республика Северная Осетия - Алания,15106.6,372062,2020-07-12 00:00:00
5.0,306536,1024.11,диетическое,2020,Республика Северная Осетия - Алания,16232.8,460459,2020-07-05 00:00:00
5.52,234778,806.52,диетическое,2020,Республика Северная Осетия - Алания,15520.2,378931,2020-06-28 00:00:00
5.32,310906,1155.21,диетическое,2020,Республика Северная Осетия - Алания,16066.7,456983,2020-06-21 00:00:00
5.28,253566,1064.13,диетическое,2020,Республика Северная Осетия - Алания,16036.9,421514,2020-06-14 00:00:00
5.4,325421,1339.88,диетическое,2020,Республика Северная Осетия - Алания,17117.9,476827,2020-06-07 00:00:00
5.72,270398,1068.66,диетическое,2020,Республика Северная Осетия - Алания,18200.1,436028,2020-05-31 00:00:00
5.6,277233,1055.58,диетическое,2020,Республика Северная Осетия - Алания,15940.6,440574,2020-05-24 00:00:00
5.76,241209,1129.29,диетическое,2020,Республика Северная Осетия - Алания,16905.1,388800,2020-05-17 00:00:00
5.28,381135,2051.34,диетическое,2020,Республика Северная Осетия - Алания,18571,535923,2020-05-10 00:00:00
4.88,393976,1834.71,диетическое,2020,Республика Северная Осетия - Алания,27872,548557,2020-05-03 00:00:00
5.84,249071,1439.55,диетическое,2020,Республика Северная Осетия - Алания,17337.9,385542,2020-04-26 00:00:00
5.72,242741,1309.62,диетическое,2020,Республика Северная Осетия - Алания,16585.7,389414,2020-04-19 00:00:00
5.76,210183,1217.98,диетическое,2020,Республика Северная Осетия - Алания,15208.1,335390,2020-04-12 00:00:00
5.72,240592,1290.63,диетическое,2020,Республика Северная Осетия - Алания,15897.7,365947,2020-04-05 00:00:00
5.56,222182,1168.94,диетическое,2020,Республика Северная Осетия - Алания,15819.3,339877,2020-03-29 00:00:00
4.72,322071,1104.04,диетическое,2020,Республика Северная Осетия - Алания,27380,449262,2020-03-22 00:00:00
5.76,199104,1077.74,диетическое,2020,Республика Северная Осетия - Алания,15055.1,331457,2020-03-15 00:00:00
5.6,207010,1051.07,диетическое,2020,Республика Северная Осетия - Алания,19780.1,349610,2020-03-08 00:00:00
4.96,267027,1528.3,диетическое,2020,Республика Северная Осетия - Алания,16329.4,392412,2020-03-01 00:00:00
5.44,214953,1353.67,диетическое,2020,Республика Северная Осетия - Алания,14876.7,348215,2020-02-22 00:00:00
5.36,210875,1259.97,диетическое,2020,Республика Северная Осетия - Алания,15920.9,335173,2020-02-15 00:00:00
4.36,336509,1353.94,диетическое,2020,Республика Северная Осетия - Алания,26219.2,477876,2020-02-08 00:00:00
4.56,417994,1722.1,диетическое,2020,Республика Северная Осетия - Алания,30263.2,569305,2020-02-01 00:00:00
5.44,211454,1409.19,диетическое,2020,Республика Северная Осетия - Алания,16112.5,355646,2020-01-25 00:00:00
5.6,209523,1469.44,диетическое,2020,Республика Северная Осетия - Алания,15116.3,331495,2020-01-18 00:00:00
5.52,198387,1715.41,диетическое,2020,Республика Северная Осетия - Алания,14323.6,315984,2020-01-11 00:00:00
4.4,294715,2121.45,диетическое,2020,Республика Северная Осетия - Алания,24190.9,407676,2020-01-04 00:00:00
1.96,286858,11642.5,диетическое,2020,Чеченская Республика,738315,1.13771e+06,2020-12-27 00:00:00
2.12,204147,10346.7,диетическое,2020,Чеченская Республика,785255,1.09722e+06,2020-12-20 00:00:00
2.64,241775,9429.99,диетическое,2020,Чеченская Республика,546183,907470,2020-12-13 00:00:00
2.24,271207,13354.8,диетическое,2020,Чеченская Республика,760680,1.1055e+06,2020-12-06 00:00:00
3.0,208439,9770.44,диетическое,2020,Чеченская Республика,449043,724916,2020-11-29 00:00:00
3.08,220375,11102.8,диетическое,2020,Чеченская Республика,441713,737834,2020-11-22 00:00:00
2.48,244821,11412.9,диетическое,2020,Чеченская Республика,690247,1.01013e+06,2020-11-15 00:00:00
2.4,234927,11555.4,диетическое,2020,Чеченская Республика,793103,1.10227e+06,2020-11-08 00:00:00
2.84,232051,20971.4,диетическое,2020,Чеченская Республика,592066,907452,2020-11-01 00:00:00
3.32,240690,19968.7,диетическое,2020,Чеченская Республика,435987,761262,2020-10-25 00:00:00
2.6,287935,10256,диетическое,2020,Чеченская Республика,728350,1.09473e+06,2020-10-18 00:00:00
3.56,321487,19579.8,диетическое,2020,Чеченская Республика,382707,795733,2020-10-11 00:00:00
3.56,269016,10664,диетическое,2020,Чеченская Республика,363730,726096,2020-10-04 00:00:00
3.64,229488,9974.5,диетическое,2020,Чеченская Республика,364704,664202,2020-09-27 00:00:00
2.84,403761,6031.4,диетическое,2020,Чеченская Республика,410147,892151,2020-09-20 00:00:00
2.84,294312,15399.7,диетическое,2020,Чеченская Республика,606857,1.1009e+06,2020-09-13 00:00:00
2.32,293505,6101.99,диетическое,2020,Чеченская Республика,937166,1.39042e+06,2020-09-06 00:00:00
2.96,238518,5931.86,диетическое,2020,Чеченская Республика,610521,939786,2020-08-30 00:00:00
3.12,228549,4923.05,диетическое,2020,Чеченская Республика,562929,873857,2020-08-23 00:00:00
2.64,223690,8294.96,диетическое,2020,Чеченская Республика,836443,1.20315e+06,2020-08-16 00:00:00
3.16,228961,7040.81,диетическое,2020,Чеченская Республика,621184,981975,2020-08-09 00:00:00
3.12,205131,5261.65,диетическое,2020,Чеченская Республика,611966,946868,2020-08-02 00:00:00
3.08,204148,8805.55,диетическое,2020,Чеченская Республика,579516,903242,2020-07-26 00:00:00
3.04,200732,4302.29,диетическое,2020,Чеченская Республика,608209,928600,2020-07-19 00:00:00
2.8,201235,4759.57,диетическое,2020,Чеченская Республика,689408,1.01557e+06,2020-07-12 00:00:00
2.24,220124,5251.74,диетическое,2020,Чеченская Республика,1.09645e+06,1.45684e+06,2020-07-05 00:00:00
2.8,176318,4419.34,диетическое,2020,Чеченская Республика,668071,955511,2020-06-28 00:00:00
2.16,188115,4910.71,диетическое,2020,Чеченская Республика,1.02805e+06,1.34318e+06,2020-06-21 00:00:00
2.12,180389,4263.45,диетическое,2020,Чеченская Республика,1.04689e+06,1.35385e+06,2020-06-14 00:00:00
2.08,199670,4499.84,диетическое,2020,Чеченская Республика,1.13092e+06,1.45736e+06,2020-06-07 00:00:00
2.24,177851,10400.8,диетическое,2020,Чеченская Республика,981854,1.2821e+06,2020-05-31 00:00:00
2.32,180677,6013.78,диетическое,2020,Чеченская Республика,968756,1.26154e+06,2020-05-24 00:00:00
2.68,167186,4706.99,диетическое,2020,Чеченская Республика,739726,1.01305e+06,2020-05-17 00:00:00
2.68,182956,4878.68,диетическое,2020,Чеченская Республика,775683,1.0723e+06,2020-05-10 00:00:00
2.4,256792,5692.05,диетическое,2020,Чеченская Республика,901702,1.26861e+06,2020-05-03 00:00:00
2.12,159158,5832.62,диетическое,2020,Чеченская Республика,1.0129e+06,1.27243e+06,2020-04-26 00:00:00
2.04,164461,7534.3,диетическое,2020,Чеченская Республика,1.09729e+06,1.36684e+06,2020-04-19 00:00:00
2.64,181418,5732.19,диетическое,2020,Чеченская Республика,746353,1.01928e+06,2020-04-12 00:00:00
2.28,172116,7128.12,диетическое,2020,Чеченская Республика,1.05816e+06,1.32032e+06,2020-04-05 00:00:00
2.28,157108,8638.85,диетическое,2020,Чеченская Республика,998058,1.23127e+06,2020-03-29 00:00:00
2.84,208871,6035.48,диетическое,2020,Чеченская Республика,813326,1.08912e+06,2020-03-22 00:00:00
2.4,149255,6041.54,диетическое,2020,Чеченская Республика,1.104e+06,1.32672e+06,2020-03-15 00:00:00
2.88,143843,5737.48,диетическое,2020,Чеченская Республика,824092,1.04216e+06,2020-03-08 00:00:00
2.8,198956,12551.6,диетическое,2020,Чеченская Республика,755408,1.03135e+06,2020-03-01 00:00:00
2.52,163230,6791.95,диетическое,2020,Чеченская Республика,925363,1.16312e+06,2020-02-22 00:00:00
2.4,143378,5938.72,диетическое,2020,Чеченская Республика,938841,1.15951e+06,2020-02-15 00:00:00
2.56,184023,5517,диетическое,2020,Чеченская Республика,881999,1.15116e+06,2020-02-08 00:00:00
2.24,261342,6335.66,диетическое,2020,Чеченская Республика,1.19464e+06,1.54475e+06,2020-02-01 00:00:00
2.44,150641,5034.13,диетическое,2020,Чеченская Республика,1.00227e+06,1.2335e+06,2020-01-25 00:00:00
2.68,200514,5643.07,диетическое,2020,Чеченская Республика,811663,1.08861e+06,2020-01-18 00:00:00
2.44,182630,12237.4,диетическое,2020,Чеченская Республика,849581,1.11075e+06,2020-01-11 00:00:00
2.6,178418,6509.41,диетическое,2020,Чеченская Республика,770635,1.04806e+06,2020-01-04 00:00:00
4.4,404838,25188.6,диетическое,2020,Ставропольский край,571603,1.30692e+06,2020-12-27 00:00:00
4.52,341262,27253.7,диетическое,2020,Ставропольский край,497437,1.13986e+06,2020-12-20 00:00:00
4.08,463238,17927.7,диетическое,2020,Ставропольский край,695420,1.4725e+06,2020-12-13 00:00:00
4.32,394657,13005.1,диетическое,2020,Ставропольский край,579077,1.24529e+06,2020-12-06 00:00:00
4.44,364749,10648,диетическое,2020,Ставропольский край,460760,1.09965e+06,2020-11-29 00:00:00
4.4,403638,15421.8,диетическое,2020,Ставропольский край,584491,1.28161e+06,2020-11-22 00:00:00
4.36,441216,17268.5,диетическое,2020,Ставропольский край,549164,1.29487e+06,2020-11-15 00:00:00
4.48,467809,19975.9,диетическое,2020,Ставропольский край,513609,1.28559e+06,2020-11-08 00:00:00
4.48,584277,17013.9,диетическое,2020,Ставропольский край,469390,1.35009e+06,2020-11-01 00:00:00
4.44,583991,15617,диетическое,2020,Ставропольский край,559720,1.41135e+06,2020-10-25 00:00:00
4.48,588305,14931.1,диетическое,2020,Ставропольский край,492966,1.36889e+06,2020-10-18 00:00:00
4.2,576154,14585.7,диетическое,2020,Ставропольский край,708471,1.56085e+06,2020-10-11 00:00:00
4.56,566241,15401.6,диетическое,2020,Ставропольский край,492562,1.30925e+06,2020-10-04 00:00:00
3.96,729792,14587.6,диетическое,2020,Ставропольский край,564481,1.54266e+06,2020-09-27 00:00:00
4.64,506380,15441.1,диетическое,2020,Ставропольский край,611683,1.38695e+06,2020-09-20 00:00:00
4.52,491074,15652.5,диетическое,2020,Ставропольский край,727720,1.52699e+06,2020-09-13 00:00:00
4.48,547236,15397.9,диетическое,2020,Ставропольский край,857114,1.71465e+06,2020-09-06 00:00:00
4.52,477305,14634.4,диетическое,2020,Ставропольский край,699756,1.48115e+06,2020-08-30 00:00:00
4.24,498121,16041.7,диетическое,2020,Ставропольский край,930286,1.73157e+06,2020-08-23 00:00:00
4.32,508403,14777.6,диетическое,2020,Ставропольский край,911935,1.72785e+06,2020-08-16 00:00:00
4.56,498857,21090.1,диетическое,2020,Ставропольский край,789751,1.60591e+06,2020-08-09 00:00:00
4.52,506915,33145.8,диетическое,2020,Ставропольский край,761286,1.59303e+06,2020-08-02 00:00:00
4.16,576871,53882.1,диетическое,2020,Ставропольский край,898275,1.84489e+06,2020-07-26 00:00:00
4.36,491747,37429.7,диетическое,2020,Ставропольский край,824193,1.70199e+06,2020-07-19 00:00:00
4.28,530476,14462.5,диетическое,2020,Ставропольский край,953323,1.80884e+06,2020-07-12 00:00:00
4.24,627548,19636.4,диетическое,2020,Ставропольский край,927861,1.98831e+06,2020-07-05 00:00:00
4.32,480811,18637.7,диетическое,2020,Ставропольский край,954739,1.82618e+06,2020-06-28 00:00:00
4.32,474166,22901.7,диетическое,2020,Ставропольский край,1.049e+06,1.92172e+06,2020-06-21 00:00:00
4.24,443242,27161.2,диетическое,2020,Ставропольский край,1.11793e+06,1.97481e+06,2020-06-14 00:00:00
4.16,445070,17034.8,диетическое,2020,Ставропольский край,1.20788e+06,2.02646e+06,2020-06-07 00:00:00
4.36,418764,11919,диетическое,2020,Ставропольский край,1.08564e+06,1.85345e+06,2020-05-31 00:00:00
4.12,450494,12148.1,диетическое,2020,Ставропольский край,1.22102e+06,2.02664e+06,2020-05-24 00:00:00
4.24,413931,11424.2,диетическое,2020,Ставропольский край,1.22882e+06,1.96671e+06,2020-05-17 00:00:00
4.12,424406,12270.7,диетическое,2020,Ставропольский край,1.3194e+06,2.10583e+06,2020-05-10 00:00:00
4.04,508886,17406.3,диетическое,2020,Ставропольский край,1.48554e+06,2.33324e+06,2020-05-03 00:00:00
4.52,447515,23878.2,диетическое,2020,Ставропольский край,1.02292e+06,1.78707e+06,2020-04-26 00:00:00
4.48,433297,33180,диетическое,2020,Ставропольский край,1.05555e+06,1.80196e+06,2020-04-19 00:00:00
3.88,471484,12343.1,диетическое,2020,Ставропольский край,1.42316e+06,2.16009e+06,2020-04-12 00:00:00
4.52,437184,11645.8,диетическое,2020,Ставропольский край,898264,1.66824e+06,2020-04-05 00:00:00
4.32,441015,10085.3,диетическое,2020,Ставропольский край,912075,1.6574e+06,2020-03-29 00:00:00
4.36,450193,11548.8,диетическое,2020,Ставропольский край,885072,1.65112e+06,2020-03-22 00:00:00
4.4,435374,10344.4,диетическое,2020,Ставропольский край,839457,1.59008e+06,2020-03-15 00:00:00
4.44,412581,9283.84,диетическое,2020,Ставропольский край,838161,1.53109e+06,2020-03-08 00:00:00
4.36,460987,11417.7,диетическое,2020,Ставропольский край,854129,1.61934e+06,2020-03-01 00:00:00
4.32,430680,20287.4,диетическое,2020,Ставропольский край,818736,1.54797e+06,2020-02-22 00:00:00
4.2,409541,17649.5,диетическое,2020,Ставропольский край,847329,1.50782e+06,2020-02-15 00:00:00
3.92,490404,12488.1,диетическое,2020,Ставропольский край,1.07751e+06,1.79454e+06,2020-02-08 00:00:00
3.68,926444,13768.9,диетическое,2020,Ставропольский край,1.38326e+06,2.56133e+06,2020-02-01 00:00:00
4.32,454162,14022.7,диетическое,2020,Ставропольский край,841333,1.51084e+06,2020-01-25 00:00:00
4.08,485150,14504.7,диетическое,2020,Ставропольский край,966516,1.67495e+06,2020-01-18 00:00:00
4.36,448208,10009.5,диетическое,2020,Ставропольский край,737364,1.40284e+06,2020-01-11 00:00:00
4.04,466641,10476.9,диетическое,2020,Ставропольский край,1.02784e+06,1.6838e+06,2020-01-04 00:00:00
