data/chicken_eggs.csv
AveragePrice,С2,С3,type,year,region,С1,Total Volume,Date
3.84,31680.2,152.86,диетическое,2020,Республика Башкортостан,33255.5,98584.9,2020-12-27 00:00:00
4.0,31883.3,116.69,диетическое,2020,Республика Башкортостан,27512.6,88183,2020-12-20 00:00:00
4.04,34347.5,127.18,диетическое,2020,Республика Башкортостан,38378.4,99886.1,2020-12-13 00:00:00
4.04,35662.3,100.43,диетическое,2020,Республика Башкортостан,41191.5,99520,2020-12-06 00:00:00
4.12,30146,114.57,диетическое,2020,Республика Башкортостан,24165.8,73734,2020-11-29 00:00:00
4.0,29324.3,163.5,диетическое,2020,Республика Башкортостан,28956,83963.9,2020-11-22 00:00:00
4.0,45406.4,99,диетическое,2020,Республика Башкортостан,41213.9,109929,2020-11-15 00:00:00
4.04,35852,135.05,диетическое,2020,Республика Башкортостан,53190.6,114125,2020-11-08 00:00:00
4.0,40083.5,177.07,диетическое,2020,Республика Башкортостан,54831.7,116799,2020-11-01 00:00:00
3.96,33829.9,153.35,диетическое,2020,Республика Башкортостан,57250.9,110896,2020-10-25 00:00:00
3.92,47290.2,115.01,диетическое,2020,Республика Башкортостан,48540.9,117517,2020-10-18 00:00:00
4.04,37828.8,151.21,диетическое,2020,Республика Башкортостан,53713.9,118010,2020-10-11 00:00:00
4.16,38394.2,126.92,диетическое,2020,Республика Башкортостан,51177,114487,2020-10-04 00:00:00
4.04,44626.2,84.32,диетическое,2020,Республика Башкортостан,44983.7,109275,2020-09-27 00:00:00
4.0,37056,128.08,диетическое,2020,Республика Башкортостан,64728.8,125683,2020-09-20 00:00:00
3.96,49831.3,180.33,диетическое,2020,Республика Башкортостан,69412,147618,2020-09-13 00:00:00
4.36,55250.7,139.46,диетическое,2020,Республика Башкортостан,42757.3,131198,2020-09-06 00:00:00
4.56,43618.9,261.1,диетическое,2020,Республика Башкортостан,39821.3,114054,2020-08-30 00:00:00
4.48,47017.2,318.39,диетическое,2020,Республика Башкортостан,38976.8,115608,2020-08-23 00:00:00
4.52,43698.6,411.16,диетическое,2020,Республика Башкортостан,40667.3,113816,2020-08-16 00:00:00
4.36,40962.8,76.24,диетическое,2020,Республика Башкортостан,45164.2,116318,2020-08-09 00:00:00
4.16,45921,92.49,диетическое,2020,Республика Башкортостан,48105,122569,2020-08-02 00:00:00
4.16,38794.5,67.53,диетическое,2020,Республика Башкортостан,48519.9,118455,2020-07-26 00:00:00
4.16,41554.6,110.24,диетическое,2020,Республика Башкортостан,48761.5,124247,2020-07-19 00:00:00
4.24,42235.4,740.63,диетическое,2020,Республика Башкортостан,50648,128054,2020-07-12 00:00:00
4.2,51261.2,2541.99,диетическое,2020,Республика Башкортостан,54928.8,147749,2020-07-05 00:00:00
4.16,43905.6,68.94,диетическое,2020,Республика Башкортостан,50052.8,131276,2020-06-28 00:00:00
4.2,47601.8,73.18,диетическое,2020,Республика Башкортостан,51621.9,135895,2020-06-21 00:00:00
4.08,50914.8,19.99,диетическое,2020,Республика Башкортостан,58275.5,147634,2020-06-14 00:00:00
4.2,41702.5,109.92,диетическое,2020,Республика Башкортостан,58789.4,139465,2020-06-07 00:00:00
4.24,41122.5,33.05,диетическое,2020,Республика Башкортостан,57819.4,133856,2020-05-31 00:00:00
4.28,50452.6,99.51,диетическое,2020,Республика Башкортостан,55748.5,142274,2020-05-24 00:00:00
4.32,46303,68.28,диетическое,2020,Республика Башкортостан,55106.3,135281,2020-05-17 00:00:00
4.36,52242.5,146.1,диетическое,2020,Республика Башкортостан,52698.4,141860,2020-05-10 00:00:00
4.12,60973.3,120.87,диетическое,2020,Республика Башкортостан,54015.5,147690,2020-05-03 00:00:00
4.36,47028.4,81.83,диетическое,2020,Республика Башкортостан,63042,137886,2020-04-26 00:00:00
4.32,44913.7,146.75,диетическое,2020,Республика Башкортостан,68391.6,144665,2020-04-19 00:00:00
4.52,49285.7,130.09,диетическое,2020,Республика Башкортостан,50246.4,129699,2020-04-12 00:00:00
4.76,44874.2,258.54,диетическое,2020,Республика Башкортостан,48155.4,121570,2020-04-05 00:00:00
4.52,46915.8,110.35,диетическое,2020,Республика Башкортостан,46540.3,117662,2020-03-29 00:00:00
4.36,46659.2,102.64,диетическое,2020,Республика Башкортостан,51585,126536,2020-03-22 00:00:00
4.48,43327.9,73.88,диетическое,2020,Республика Башкортостан,47388,119124,2020-03-15 00:00:00
4.64,36289.1,81.58,диетическое,2020,Республика Башкортостан,43783.9,111703,2020-03-08 00:00:00
4.44,38348.5,79.57,диетическое,2020,Республика Башкортостан,45568.3,110991,2020-03-01 00:00:00
4.36,45806.3,43.06,диетическое,2020,Республика Башкортостан,55931.8,127856,2020-02-22 00:00:00
4.28,39203.7,87.02,диетическое,2020,Республика Башкортостан,68986.2,136951,2020-02-15 00:00:00
4.08,38763.8,134.25,диетическое,2020,Республика Башкортостан,78195.8,145648,2020-02-08 00:00:00
4.0,65784.3,93.81,диетическое,2020,Республика Башкортостан,71867.8,168218,2020-02-01 00:00:00
4.6,41412.3,103.6,диетическое,2020,Республика Башкортостан,48244.3,123070,2020-01-25 00:00:00
4.72,37854.4,117.98,диетическое,2020,Республика Башкортостан,44676.6,112106,2020-01-18 00:00:00
4.64,37629.5,57.82,диетическое,2020,Республика Башкортостан,45706.4,113236,2020-01-11 00:00:00
4.52,37562.8,34.1,диетическое,2020,Республика Башкортостан,48285.2,109215,2020-01-04 00:00:00
3.92,249363,13805.3,диетическое,2020,Республика Марий Эл,98482.9,403742,2020-12-27 00:00:00
4.0,224843,15917.3,диетическое,2020,Республика Марий Эл,99604.6,385518,2020-12-20 00:00:00
4.0,221628,16953.8,диетическое,2020,Республика Марий Эл,94854.9,376690,2020-12-13 00:00:00
4.28,184350,12748.4,диетическое,2020,Республика Марий Эл,82538,318280,2020-12-06 00:00:00
3.96,216852,13205,диетическое,2020,Республика Марий Эл,80757.9,347407,2020-11-29 00:00:00
4.24,218912,12684.6,диетическое,2020,Республика Марий Эл,83984.2,354986,2020-11-22 00:00:00
3.76,262929,11181.9,диетическое,2020,Республика Марий Эл,100343,414161,2020-11-15 00:00:00
4.56,185190,11093.1,диетическое,2020,Республика Марий Эл,118697,357133,2020-11-08 00:00:00
4.08,300978,12762.5,диетическое,2020,Республика Марий Эл,180211,532467,2020-11-01 00:00:00
5.04,190021,12903,диетическое,2020,Республика Марий Эл,98792,343757,2020-10-25 00:00:00
5.12,175182,12783.1,диетическое,2020,Республика Марий Эл,94529.6,326458,2020-10-18 00:00:00
5.16,211956,13141.5,диетическое,2020,Республика Марий Эл,85276.5,355472,2020-10-11 00:00:00
4.4,259003,12312.1,диетическое,2020,Республика Марий Эл,70755.6,377192,2020-10-04 00:00:00
5.12,213298,13481.2,диетическое,2020,Республика Марий Эл,84527.1,350982,2020-09-27 00:00:00
5.0,220538,12364.9,диетическое,2020,Республика Марий Эл,79142.8,353232,2020-09-20 00:00:00
4.96,220365,15102.9,диетическое,2020,Республика Марий Эл,101190,384193,2020-09-13 00:00:00
4.84,262140,17201.5,диетическое,2020,Республика Марий Эл,137389,466706,2020-09-06 00:00:00
5.2,197034,17332,диетическое,2020,Республика Марий Эл,114805,377229,2020-08-30 00:00:00
5.04,233165,12415.8,диетическое,2020,Республика Марий Эл,112710,405275,2020-08-23 00:00:00
5.2,202459,13396,диетическое,2020,Республика Марий Эл,136485,401708,2020-08-16 00:00:00
5.12,206011,13618.4,диетическое,2020,Республика Марий Эл,146136,414824,2020-08-09 00:00:00
5.32,209986,14771,диетическое,2020,Республика Марий Эл,131156,404664,2020-08-02 00:00:00
5.28,200669,13185,диетическое,2020,Республика Марий Эл,130035,395472,2020-07-26 00:00:00
5.16,210335,9285.1,диетическое,2020,Республика Марий Эл,130413,404605,2020-07-19 00:00:00
4.92,218611,6078.13,диетическое,2020,Республика Марий Эл,130110,411928,2020-07-12 00:00:00
5.04,305123,17131.9,диетическое,2020,Республика Марий Эл,161220,550811,2020-07-05 00:00:00
5.04,210344,13590.1,диетическое,2020,Республика Марий Эл,143118,423984,2020-06-28 00:00:00
5.08,215069,14700.4,диетическое,2020,Республика Марий Эл,137206,422724,2020-06-21 00:00:00
4.88,209926,13867.9,диетическое,2020,Республика Марий Эл,149611,431791,2020-06-14 00:00:00
4.72,224039,14288.8,диетическое,2020,Республика Марий Эл,143064,435087,2020-06-07 00:00:00
4.68,219047,14172.4,диетическое,2020,Республика Марий Эл,156720,435724,2020-05-31 00:00:00
5.04,232223,12830.3,диетическое,2020,Республика Марий Эл,110289,403794,2020-05-24 00:00:00
4.72,200745,12034.4,диетическое,2020,Республика Марий Эл,141111,397215,2020-05-17 00:00:00
4.56,217681,13246.4,диетическое,2020,Республика Марий Эл,162135,437823,2020-05-10 00:00:00
4.2,458179,13261.8,диетическое,2020,Республика Марий Эл,149108,662034,2020-05-03 00:00:00
5.08,205561,13085.3,диетическое,2020,Республика Марий Эл,101325,366720,2020-04-26 00:00:00
4.76,241637,13267.3,диетическое,2020,Республика Марий Эл,117518,415841,2020-04-19 00:00:00
4.96,208546,13073.2,диетическое,2020,Республика Марий Эл,119295,382584,2020-04-12 00:00:00
4.92,214547,15099.2,диетическое,2020,Республика Марий Эл,120613,404334,2020-04-05 00:00:00
4.8,203705,13740.4,диетическое,2020,Республика Марий Эл,110810,391179,2020-03-29 00:00:00
4.52,221095,13423.6,диетическое,2020,Республика Марий Эл,106579,424708,2020-03-22 00:00:00
4.88,204089,14830.6,диетическое,2020,Республика Марий Эл,113759,380761,2020-03-15 00:00:00
4.48,199611,13402.9,диетическое,2020,Республика Марий Эл,152131,415148,2020-03-08 00:00:00
4.08,256090,13870.4,диетическое,2020,Республика Марий Эл,143867,452845,2020-03-01 00:00:00
4.56,216791,11561.6,диетическое,2020,Республика Марий Эл,137425,405013,2020-02-22 00:00:00
4.52,194031,10273.7,диетическое,2020,Республика Марий Эл,134992,381042,2020-02-15 00:00:00
3.92,237752,9798.79,диетическое,2020,Республика Марий Эл,144587,432572,2020-02-08 00:00:00
4.16,429602,15342.5,диетическое,2020,Республика Марий Эл,287292,771975,2020-02-01 00:00:00
4.76,210412,9507.42,диетическое,2020,Республика Марий Эл,101289,360028,2020-01-25 00:00:00
4.88,238957,5672.46,диетическое,2020,Республика Марий Эл,83097.8,367047,2020-01-18 00:00:00
4.36,271300,5094.23,диетическое,2020,Республика Марий Эл,109368,429492,2020-01-11 00:00:00
4.2,270108,9737.5,диетическое,2020,Республика Марий Эл,110694,430139,2020-01-04 00:00:00
3.68,130342,20174.5,диетическое,2020,Республика Мордовия,141447,439968,2020-12-27 00:00:00
3.76,119298,25052.9,диетическое,2020,Республика Мордовия,130565,420476,2020-12-20 00:00:00
3.36,118665,16726.9,диетическое,2020,Республика Мордовия,155111,462548,2020-12-13 00:00:00
2.68,209351,17406,диетическое,2020,Республика Мордовия,196490,565517,2020-12-06 00:00:00
3.64,140359,20206.2,диетическое,2020,Республика Мордовия,143861,385290,2020-11-29 00:00:00
3.92,129579,18973.9,диетическое,2020,Республика Мордовия,163397,385301,2020-11-22 00:00:00
3.4,150523,15638.3,диетическое,2020,Республика Мордовия,264103,501838,2020-11-15 00:00:00
3.68,154270,16457.1,диетическое,2020,Республика Мордовия,255994,492385,2020-11-08 00:00:00
4.04,179996,17716.7,диетическое,2020,Республика Мордовия,211288,468473,2020-11-01 00:00:00
4.32,165523,18702.6,диетическое,2020,Республика Мордовия,172519,408336,2020-10-25 00:00:00
4.12,179049,19380.8,диетическое,2020,Республика Мордовия,197863,447663,2020-10-18 00:00:00
3.72,234834,17638.4,диетическое,2020,Республика Мордовия,202263,492277,2020-10-11 00:00:00
4.44,194839,18666.3,диетическое,2020,Республика Мордовия,154884,404302,2020-10-04 00:00:00
3.72,245816,14807.6,диетическое,2020,Республика Мордовия,194526,491991,2020-09-27 00:00:00
4.28,173106,28629.6,диетическое,2020,Республика Мордовия,204096,448488,2020-09-20 00:00:00
4.32,199954,21646,диетическое,2020,Республика Мордовия,191303,464305,2020-09-13 00:00:00
4.08,165035,19961.2,диетическое,2020,Республика Мордовия,271640,502677,2020-09-06 00:00:00
4.16,145975,19843.6,диетическое,2020,Республика Мордовия,277305,490269,2020-08-30 00:00:00
4.6,153379,20782.8,диетическое,2020,Республика Мордовия,250163,459471,2020-08-23 00:00:00
4.2,176899,16942.2,диетическое,2020,Республика Мордовия,281209,514203,2020-08-16 00:00:00
4.12,288087,14248.3,диетическое,2020,Республика Мордовия,285570,630942,2020-08-09 00:00:00
4.28,168301,12740.9,диетическое,2020,Республика Мордовия,275823,500999,2020-08-02 00:00:00
4.4,161574,16605.5,диетическое,2020,Республика Мордовия,279281,495344,2020-07-26 00:00:00
4.6,142493,16611.2,диетическое,2020,Республика Мордовия,258241,462526,2020-07-19 00:00:00
4.4,182845,14524.7,диетическое,2020,Республика Мордовия,251056,490313,2020-07-12 00:00:00
4.2,187821,18794.7,диетическое,2020,Республика Мордовия,328818,587741,2020-07-05 00:00:00
4.08,142349,15418.3,диетическое,2020,Республика Мордовия,295023,495309,2020-06-28 00:00:00
3.76,163856,16575.7,диетическое,2020,Республика Мордовия,368403,594488,2020-06-21 00:00:00
3.48,165021,14478.8,диетическое,2020,Республика Мордовия,403551,630747,2020-06-14 00:00:00
3.56,164367,13914.9,диетическое,2020,Республика Мордовия,378750,607468,2020-06-07 00:00:00
3.6,153680,14150.6,диетическое,2020,Республика Мордовия,358148,569415,2020-05-31 00:00:00
4.32,155814,13519.4,диетическое,2020,Республика Мордовия,273673,477416,2020-05-24 00:00:00
4.08,131773,9903.23,диетическое,2020,Республика Мордовия,283530,458192,2020-05-17 00:00:00
3.4,136148,11997.5,диетическое,2020,Республика Мордовия,399790,594740,2020-05-10 00:00:00
3.2,247709,14408.9,диетическое,2020,Республика Мордовия,424264,740760,2020-05-03 00:00:00
4.44,141949,14634.3,диетическое,2020,Республика Мордовия,235664,435990,2020-04-26 00:00:00
4.16,156651,13282.2,диетическое,2020,Республика Мордовия,270328,488095,2020-04-19 00:00:00
4.04,189714,14665.6,диетическое,2020,Республика Мордовия,260591,515247,2020-04-12 00:00:00
4.44,162602,15718.9,диетическое,2020,Республика Мордовия,249037,469884,2020-04-05 00:00:00
4.32,155583,14998,диетическое,2020,Республика Мордовия,234361,450371,2020-03-29 00:00:00
3.84,221942,14165,диетическое,2020,Республика Мордовия,235106,515765,2020-03-22 00:00:00
4.24,144761,17440,диетическое,2020,Республика Мордовия,257709,463106,2020-03-15 00:00:00
3.8,127158,14754.2,диетическое,2020,Республика Мордовия,314550,504284,2020-03-08 00:00:00
3.32,202619,14036.1,диетическое,2020,Республика Мордовия,317626,572552,2020-03-01 00:00:00
3.68,151870,14484.6,диетическое,2020,Республика Мордовия,301984,516149,2020-02-22 00:00:00
3.76,127875,15333.5,диетическое,2020,Республика Мордовия,303638,486114,2020-02-15 00:00:00
3.92,162856,14251.5,диетическое,2020,Республика Мордовия,229119,448395,2020-02-08 00:00:00
3.4,277723,15691.2,диетическое,2020,Республика Мордовия,357236,692276,2020-02-01 00:00:00
4.08,140457,13327,диетическое,2020,Республика Мордовия,217747,406591,2020-01-25 00:00:00
4.04,163944,14125,диетическое,2020,Республика Мордовия,250312,461064,2020-01-18 00:00:00
3.28,192913,12900.6,диетическое,2020,Республика Мордовия,303369,544667,2020-01-11 00:00:00
3.76,165299,15302.8,диетическое,2020,Республика Мордовия,244152,461607,2020-01-04 00:00:00
