data/chicken_eggs.csv
AveragePrice,С2,С3,type,year,region,С1,Total Volume,Date
4.2,422618,28184.7,диетическое,2020,Республика Татарстан,181705,692206,2020-12-27 00:00:00
4.6,364622,33084,диетическое,2020,Республика Татарстан,173522,637091,2020-12-20 00:00:00
4.88,384959,34070,диетическое,2020,Республика Татарстан,127080,616016,2020-12-13 00:00:00
4.24,498975,37321.1,диетическое,2020,Республика Татарстан,102772,694982,2020-12-06 00:00:00
4.2,462966,31195,диетическое,2020,Республика Татарстан,102783,651639,2020-11-29 00:00:00
4.16,502068,29410.3,диетическое,2020,Республика Татарстан,121233,709444,2020-11-22 00:00:00
3.96,517366,27969.2,диетическое,2020,Республика Татарстан,165884,775849,2020-11-15 00:00:00
5.6,319176,36599,диетическое,2020,Республика Татарстан,165981,599884,2020-11-08 00:00:00
3.88,563719,31481.9,диетическое,2020,Республика Татарстан,214932,869927,2020-11-01 00:00:00
6.2,334052,31358.9,диетическое,2020,Республика Татарстан,126499,561342,2020-10-25 00:00:00
6.08,332942,31021.3,диетическое,2020,Республика Татарстан,146584,586074,2020-10-18 00:00:00
6.32,351965,33512.2,диетическое,2020,Республика Татарстан,106181,564457,2020-10-11 00:00:00
4.16,563257,32511.3,диетическое,2020,Республика Татарстан,119177,762867,2020-10-04 00:00:00
5.52,349649,28301.6,диетическое,2020,Республика Татарстан,208309,651697,2020-09-27 00:00:00
6.24,381000,33739.9,диетическое,2020,Республика Татарстан,94105.1,578501,2020-09-20 00:00:00
6.12,367834,48322.6,диетическое,2020,Республика Татарстан,110780,603841,2020-09-13 00:00:00
6.16,384033,30732.3,диетическое,2020,Республика Татарстан,154276,646810,2020-09-06 00:00:00
6.12,364371,28647.6,диетическое,2020,Республика Татарстан,177166,649892,2020-08-30 00:00:00
6.36,380935,27089.8,диетическое,2020,Республика Татарстан,129107,610213,2020-08-23 00:00:00
6.36,364969,27530.5,диетическое,2020,Республика Татарстан,145519,618238,2020-08-16 00:00:00
6.24,345590,24997.5,диетическое,2020,Республика Татарстан,158022,603877,2020-08-09 00:00:00
6.28,374727,28138.8,диетическое,2020,Республика Татарстан,164972,645158,2020-08-02 00:00:00
6.32,366576,32096.3,диетическое,2020,Республика Татарстан,150231,628331,2020-07-26 00:00:00
6.24,385521,19150.1,диетическое,2020,Республика Татарстан,146181,633327,2020-07-19 00:00:00
5.56,430541,10213.5,диетическое,2020,Республика Татарстан,149802,680352,2020-07-12 00:00:00
6.12,451891,30803,диетическое,2020,Республика Татарстан,168469,752192,2020-07-05 00:00:00
6.16,377055,29603.7,диетическое,2020,Республика Татарстан,154424,646325,2020-06-28 00:00:00
6.08,396191,29789,диетическое,2020,Республика Татарстан,161726,673721,2020-06-21 00:00:00
6.04,403174,32092.4,диетическое,2020,Республика Татарстан,181176,696873,2020-06-14 00:00:00
5.24,477146,36846.3,диетическое,2020,Республика Татарстан,167496,758817,2020-06-07 00:00:00
5.16,469209,26109.5,диетическое,2020,Республика Татарстан,192709,764114,2020-05-31 00:00:00
5.48,467572,23810.7,диетическое,2020,Республика Татарстан,131639,700411,2020-05-24 00:00:00
5.28,434957,26014,диетическое,2020,Республика Татарстан,167533,701099,2020-05-17 00:00:00
5.2,462219,33343.3,диетическое,2020,Республика Татарстан,172663,742672,2020-05-10 00:00:00
4.0,975142,32834.3,диетическое,2020,Республика Татарстан,237061,1.31036e+06,2020-05-03 00:00:00
5.56,458056,35558.2,диетическое,2020,Республика Татарстан,107462,680839,2020-04-26 00:00:00
4.92,584923,25208.8,диетическое,2020,Республика Татарстан,134592,818817,2020-04-19 00:00:00
5.32,469655,25315.7,диетическое,2020,Республика Татарстан,159838,729890,2020-04-12 00:00:00
5.32,473143,35650.7,диетическое,2020,Республика Татарстан,143671,742540,2020-04-05 00:00:00
5.2,460145,26459.6,диетическое,2020,Республика Татарстан,145295,742583,2020-03-29 00:00:00
4.76,568189,30959.9,диетическое,2020,Республика Татарстан,136355,841724,2020-03-22 00:00:00
5.04,455307,25349.5,диетическое,2020,Республика Татарстан,204467,779754,2020-03-15 00:00:00
4.64,442834,31289.2,диетическое,2020,Республика Татарстан,260192,830775,2020-03-08 00:00:00
3.8,697970,22240.6,диетическое,2020,Республика Татарстан,251297,1.03927e+06,2020-03-01 00:00:00
4.92,502502,27811.9,диетическое,2020,Республика Татарстан,165067,776336,2020-02-22 00:00:00
4.92,414827,27243.3,диетическое,2020,Республика Татарстан,176265,696515,2020-02-15 00:00:00
3.68,581737,20266,диетическое,2020,Республика Татарстан,252069,928837,2020-02-08 00:00:00
3.64,896514,20587.9,диетическое,2020,Республика Татарстан,369581,1.35203e+06,2020-02-01 00:00:00
4.84,481792,21293.7,диетическое,2020,Республика Татарстан,127276,713523,2020-01-25 00:00:00
4.88,554501,12868.7,диетическое,2020,Республика Татарстан,107567,753747,2020-01-18 00:00:00
4.12,670523,4107.26,диетическое,2020,Республика Татарстан,155455,916451,2020-01-11 00:00:00
3.96,637000,8803.79,диетическое,2020,Республика Татарстан,179508,907796,2020-01-04 00:00:00
4.36,178460,7000.66,диетическое,2020,Удмуртская Республика,101443,450186,2020-12-27 00:00:00
4.6,139794,6308.35,диетическое,2020,Удмуртская Республика,88134.2,404862,2020-12-20 00:00:00
4.2,156348,9650.5,диетическое,2020,Удмуртская Республика,114813,454428,2020-12-13 00:00:00
3.24,219413,9120.48,диетическое,2020,Удмуртская Республика,117508,726505,2020-12-06 00:00:00
4.68,131571,9878.62,диетическое,2020,Удмуртская Республика,90354.3,373310,2020-11-29 00:00:00
4.28,155495,9372.34,диетическое,2020,Удмуртская Республика,111896,426338,2020-11-22 00:00:00
3.72,213666,9650.82,диетическое,2020,Удмуртская Республика,146062,643403,2020-11-15 00:00:00
4.24,172982,9195.56,диетическое,2020,Удмуртская Республика,135638,490827,2020-11-08 00:00:00
4.56,176923,10032.6,диетическое,2020,Удмуртская Республика,105847,435921,2020-11-01 00:00:00
4.12,201858,8273.34,диетическое,2020,Удмуртская Республика,130741,520698,2020-10-25 00:00:00
4.32,185070,10284.1,диетическое,2020,Удмуртская Республика,147441,484106,2020-10-18 00:00:00
3.6,301657,15431.2,диетическое,2020,Удмуртская Республика,87081.7,640332,2020-10-11 00:00:00
4.24,281914,11368.1,диетическое,2020,Удмуртская Республика,103496,513269,2020-10-04 00:00:00
4.4,152003,10158.4,диетическое,2020,Удмуртская Республика,159459,467792,2020-09-27 00:00:00
4.08,242850,11283.4,диетическое,2020,Удмуртская Республика,158198,590722,2020-09-20 00:00:00
4.08,181241,10787.9,диетическое,2020,Удмуртская Республика,230283,586503,2020-09-13 00:00:00
4.68,155469,12346.6,диетическое,2020,Удмуртская Республика,167782,459794,2020-09-06 00:00:00
4.72,150815,12204.1,диетическое,2020,Удмуртская Республика,171694,446851,2020-08-30 00:00:00
4.52,265837,9738.82,диетическое,2020,Удмуртская Республика,137391,551498,2020-08-23 00:00:00
4.6,201936,12055.7,диетическое,2020,Удмуртская Республика,173166,497527,2020-08-16 00:00:00
4.6,169097,13416,диетическое,2020,Удмуртская Республика,220284,523157,2020-08-09 00:00:00
4.72,181275,12790.1,диетическое,2020,Удмуртская Республика,210529,519887,2020-08-02 00:00:00
5.16,172990,12492,диетическое,2020,Удмуртская Республика,158304,436208,2020-07-26 00:00:00
5.0,192076,11882.7,диетическое,2020,Удмуртская Республика,197532,491654,2020-07-19 00:00:00
4.56,204321,12664.4,диетическое,2020,Удмуртская Республика,261871,597860,2020-07-12 00:00:00
5.4,263047,16266.7,диетическое,2020,Удмуртская Республика,201350,582037,2020-07-05 00:00:00
5.24,222872,13848.8,диетическое,2020,Удмуртская Республика,175065,496303,2020-06-28 00:00:00
4.76,272214,16161.2,диетическое,2020,Удмуртская Республика,178641,577605,2020-06-21 00:00:00
4.72,274971,13480.4,диетическое,2020,Удмуртская Республика,207291,615500,2020-06-14 00:00:00
5.08,207214,14325.3,диетическое,2020,Удмуртская Республика,194535,494856,2020-06-07 00:00:00
4.48,185304,14394.7,диетическое,2020,Удмуртская Республика,244320,543908,2020-05-31 00:00:00
4.56,240666,14400.2,диетическое,2020,Удмуртская Республика,213212,577947,2020-05-24 00:00:00
4.88,196907,13149.8,диетическое,2020,Удмуртская Республика,176145,474082,2020-05-17 00:00:00
4.32,242012,9484.24,диетическое,2020,Удмуртская Республика,263441,638697,2020-05-10 00:00:00
4.08,355250,11154.4,диетическое,2020,Удмуртская Республика,226074,687972,2020-05-03 00:00:00
4.76,188385,10046.1,диетическое,2020,Удмуртская Республика,202727,490426,2020-04-26 00:00:00
4.52,324680,10877.1,диетическое,2020,Удмуртская Республика,130766,570031,2020-04-19 00:00:00
5.32,184720,11710.3,диетическое,2020,Удмуртская Республика,134346,396728,2020-04-12 00:00:00
5.04,238613,9791.26,диетическое,2020,Удмуртская Республика,148128,466120,2020-04-05 00:00:00
4.88,205582,9896.09,диетическое,2020,Удмуртская Республика,162078,452743,2020-03-29 00:00:00
4.52,229940,8716.19,диетическое,2020,Удмуртская Республика,192631,514197,2020-03-22 00:00:00
4.96,189015,12218,диетическое,2020,Удмуртская Республика,173278,453590,2020-03-15 00:00:00
4.96,190974,8269.01,диетическое,2020,Удмуртская Республика,170637,439846,2020-03-08 00:00:00
4.28,327300,12576.6,диетическое,2020,Удмуртская Республика,162941,613535,2020-03-01 00:00:00
4.44,353202,10013.8,диетическое,2020,Удмуртская Республика,106012,552037,2020-02-22 00:00:00
5.32,171967,8106.15,диетическое,2020,Удмуртская Республика,114015,352335,2020-02-15 00:00:00
4.32,257165,10978.6,диетическое,2020,Удмуртская Республика,153476,488981,2020-02-08 00:00:00
3.88,578709,10182.7,диетическое,2020,Удмуртская Республика,201140,933148,2020-02-01 00:00:00
5.04,228986,11119.3,диетическое,2020,Удмуртская Республика,118570,420124,2020-01-25 00:00:00
4.8,223146,11177.7,диетическое,2020,Удмуртская Республика,160898,463473,2020-01-18 00:00:00
4.24,278069,18076.5,диетическое,2020,Удмуртская Республика,144349,527351,2020-01-11 00:00:00
3.88,341837,15291.4,диетическое,2020,Удмуртская Республика,165839,634522,2020-01-04 00:00:00
3.92,48908.4,8151.76,диетическое,2020,Чувашская Республика,137133,251443,2020-12-27 00:00:00
4.16,39931.5,6244.22,диетическое,2020,Чувашская Республика,115402,211066,2020-12-20 00:00:00
3.84,47393.2,7391.81,диетическое,2020,Чувашская Республика,148692,257167,2020-12-13 00:00:00
4.12,47118.9,9427.71,диетическое,2020,Чувашская Республика,130411,233274,2020-12-06 00:00:00
3.88,42269.5,7454.33,диетическое,2020,Чувашская Республика,125440,217965,2020-11-29 00:00:00
3.96,42099.3,8114.19,диетическое,2020,Чувашская Республика,123209,216768,2020-11-22 00:00:00
4.28,61600.2,11569.9,диетическое,2020,Чувашская Республика,116059,224373,2020-11-15 00:00:00
4.32,47266.8,15742.6,диетическое,2020,Чувашская Республика,118352,221080,2020-11-08 00:00:00
4.0,59937.6,19045,диетическое,2020,Чувашская Республика,143163,280887,2020-11-01 00:00:00
4.44,46792.3,17192.5,диетическое,2020,Чувашская Республика,107104,223607,2020-10-25 00:00:00
4.48,55038.8,16616.9,диетическое,2020,Чувашская Республика,105221,226246,2020-10-18 00:00:00
4.12,64658.4,20190.4,диетическое,2020,Чувашская Республика,121966,267962,2020-10-11 00:00:00
4.16,70671.2,14906.4,диетическое,2020,Чувашская Республика,123693,267920,2020-10-04 00:00:00
4.32,72273.2,18765.6,диетическое,2020,Чувашская Республика,111055,253423,2020-09-27 00:00:00
4.08,77644.2,14421.8,диетическое,2020,Чувашская Республика,148634,312177,2020-09-20 00:00:00
4.56,61067.3,13939.7,диетическое,2020,Чувашская Республика,124781,269755,2020-09-13 00:00:00
4.0,78503.4,23189.4,диетическое,2020,Чувашская Республика,165545,353755,2020-09-06 00:00:00
4.6,58761.6,15284.9,диетическое,2020,Чувашская Республика,130773,280700,2020-08-30 00:00:00
4.36,64117.6,17089.7,диетическое,2020,Чувашская Республика,139532,310382,2020-08-23 00:00:00
4.48,60468,17614.6,диетическое,2020,Чувашская Республика,157908,320751,2020-08-16 00:00:00
4.2,69024.2,18362.4,диетическое,2020,Чувашская Республика,179463,353931,2020-08-09 00:00:00
4.56,64352.1,19051.8,диетическое,2020,Чувашская Республика,148658,309612,2020-08-02 00:00:00
4.44,63162.9,18771.9,диетическое,2020,Чувашская Республика,160050,327630,2020-07-26 00:00:00
4.2,70690.7,18957.9,диетическое,2020,Чувашская Республика,212350,379506,2020-07-19 00:00:00
4.56,81353.8,17190.8,диетическое,2020,Чувашская Республика,143217,320934,2020-07-12 00:00:00
4.2,93000.2,20072.7,диетическое,2020,Чувашская Республика,204374,406711,2020-07-05 00:00:00
4.44,76047.9,18078.6,диетическое,2020,Чувашская Республика,152050,340425,2020-06-28 00:00:00
4.12,71556.6,17373.3,диетическое,2020,Чувашская Республика,207438,392755,2020-06-21 00:00:00
4.4,60267,18288,диетическое,2020,Чувашская Республика,172821,339919,2020-06-14 00:00:00
4.16,46631.2,17294.7,диетическое,2020,Чувашская Республика,223639,378845,2020-06-07 00:00:00
4.52,43301.7,18016,диетическое,2020,Чувашская Республика,185324,322891,2020-05-31 00:00:00
4.2,58352.9,20373.5,диетическое,2020,Чувашская Республика,247039,407500,2020-05-24 00:00:00
4.36,46163.1,18078,диетическое,2020,Чувашская Республика,200005,346700,2020-05-17 00:00:00
4.52,44017.8,16482.3,диетическое,2020,Чувашская Республика,199490,329845,2020-05-10 00:00:00
3.88,72324.5,26965.2,диетическое,2020,Чувашская Республика,271320,457411,2020-05-03 00:00:00
4.4,43170.3,16204.5,диетическое,2020,Чувашская Республика,191954,319659,2020-04-26 00:00:00
4.32,43227.6,15722.1,диетическое,2020,Чувашская Республика,185940,322941,2020-04-19 00:00:00
4.2,49060,16838.5,диетическое,2020,Чувашская Республика,220209,356627,2020-04-12 00:00:00
4.4,44278.2,18418.7,диетическое,2020,Чувашская Республика,187483,311647,2020-04-05 00:00:00
4.44,45649.7,16553,диетическое,2020,Чувашская Республика,151124,284840,2020-03-29 00:00:00
4.0,48984.2,15237.9,диетическое,2020,Чувашская Республика,218786,366680,2020-03-22 00:00:00
4.6,44167.6,18024.3,диетическое,2020,Чувашская Республика,171702,297856,2020-03-15 00:00:00
4.56,39009.8,14400.7,диетическое,2020,Чувашская Республика,173429,289680,2020-03-08 00:00:00
4.2,42197.1,13638.5,диетическое,2020,Чувашская Республика,213316,337577,2020-03-01 00:00:00
4.08,45809.8,23875.6,диетическое,2020,Чувашская Республика,193229,332919,2020-02-22 00:00:00
4.44,40081.2,14735.3,диетическое,2020,Чувашская Республика,163448,278514,2020-02-15 00:00:00
4.24,41468.7,12641.2,диетическое,2020,Чувашская Республика,169169,282823,2020-02-08 00:00:00
3.64,78055.2,27248.2,диетическое,2020,Чувашская Республика,284674,469684,2020-02-01 00:00:00
4.24,46948,12431.6,диетическое,2020,Чувашская Республика,187805,311348,2020-01-25 00:00:00
4.6,44019.6,14954.1,диетическое,2020,Чувашская Республика,160257,276206,2020-01-18 00:00:00
4.4,39713.8,14197,диетическое,2020,Чувашская Республика,162428,279707,2020-01-11 00:00:00
4.04,46253.5,12923.5,диетическое,2020,Чувашская Республика,180977,309024,2020-01-04 00:00:00
