data/chicken_eggs.csv
AveragePrice,С2,С3,type,year,region,С1,Total Volume,Date
3.24,1.29085e+06,392846,диетическое,2020,Кировская область,2.29532e+06,4.83166e+06,2020-12-27 00:00:00
3.24,1.22651e+06,412829,диетическое,2020,Кировская область,2.1668e+06,4.56521e+06,2020-12-20 00:00:00
3.12,1.5596e+06,271515,диетическое,2020,Кировская область,2.36688e+06,4.86931e+06,2020-12-13 00:00:00
3.04,1.98975e+06,38648.1,диетическое,2020,Кировская область,2.27109e+06,4.93853e+06,2020-12-06 00:00:00
3.28,1.23491e+06,27985.2,диетическое,2020,Кировская область,2.10567e+06,3.96958e+06,2020-11-29 00:00:00
3.2,1.45147e+06,39736.8,диетическое,2020,Кировская область,2.18738e+06,4.34751e+06,2020-11-22 00:00:00
3.04,1.37546e+06,39019.7,диетическое,2020,Кировская область,2.76202e+06,4.94369e+06,2020-11-15 00:00:00
3.2,1.63041e+06,115277,диетическое,2020,Кировская область,2.47015e+06,4.86481e+06,2020-11-08 00:00:00
3.24,1.70404e+06,363473,диетическое,2020,Кировская область,2.34488e+06,5.07255e+06,2020-11-01 00:00:00
3.44,1.53778e+06,247539,диетическое,2020,Кировская область,2.54291e+06,4.91207e+06,2020-10-25 00:00:00
3.48,1.35255e+06,274014,диетическое,2020,Кировская область,2.48822e+06,4.68771e+06,2020-10-18 00:00:00
3.32,1.83355e+06,426601,диетическое,2020,Кировская область,2.35161e+06,5.23605e+06,2020-10-11 00:00:00
3.36,2.06787e+06,184771,диетическое,2020,Кировская область,2.25719e+06,5.20154e+06,2020-10-04 00:00:00
3.48,2.04236e+06,83994,диетическое,2020,Кировская область,2.25204e+06,4.98738e+06,2020-09-27 00:00:00
3.32,2.11763e+06,39835.3,диетическое,2020,Кировская область,2.45328e+06,5.21174e+06,2020-09-20 00:00:00
3.52,2.39028e+06,34341.4,диетическое,2020,Кировская область,2.609e+06,5.76185e+06,2020-09-13 00:00:00
3.44,2.32208e+06,36318.5,диетическое,2020,Кировская область,2.898e+06,5.97953e+06,2020-09-06 00:00:00
3.48,1.38782e+06,28997.6,диетическое,2020,Кировская область,3.17139e+06,5.20025e+06,2020-08-30 00:00:00
3.56,1.54663e+06,30815.5,диетическое,2020,Кировская область,3.05891e+06,5.23558e+06,2020-08-23 00:00:00
3.56,1.47465e+06,35283.6,диетическое,2020,Кировская область,3.27362e+06,5.40982e+06,2020-08-16 00:00:00
3.56,1.60037e+06,40173.4,диетическое,2020,Кировская область,3.09627e+06,5.35339e+06,2020-08-09 00:00:00
3.6,1.2547e+06,24749.1,диетическое,2020,Кировская область,3.27678e+06,5.14234e+06,2020-08-02 00:00:00
3.24,1.98214e+06,32905.2,диетическое,2020,Кировская область,3.16674e+06,5.82252e+06,2020-07-26 00:00:00
3.32,1.7669e+06,28797.4,диетическое,2020,Кировская область,3.1418e+06,5.70394e+06,2020-07-19 00:00:00
3.28,1.52378e+06,33415.6,диетическое,2020,Кировская область,3.31884e+06,5.54437e+06,2020-07-12 00:00:00
3.32,1.63974e+06,47955,диетическое,2020,Кировская область,3.83528e+06,6.38029e+06,2020-07-05 00:00:00
3.08,1.41625e+06,81756,диетическое,2020,Кировская область,3.65634e+06,6.0241e+06,2020-06-28 00:00:00
3.16,1.73913e+06,97002.7,диетическое,2020,Кировская область,3.46001e+06,6.15361e+06,2020-06-21 00:00:00
2.76,1.66011e+06,77845,диетическое,2020,Кировская область,4.66896e+06,7.2818e+06,2020-06-14 00:00:00
3.0,1.47953e+06,106107,диетическое,2020,Кировская область,3.87004e+06,6.23401e+06,2020-06-07 00:00:00
2.96,1.5013e+06,34073.4,диетическое,2020,Кировская область,4.13644e+06,6.34996e+06,2020-05-31 00:00:00
3.32,1.43438e+06,38143.2,диетическое,2020,Кировская область,3.79442e+06,5.9036e+06,2020-05-24 00:00:00
3.16,1.20227e+06,33292.2,диетическое,2020,Кировская область,3.97943e+06,5.83178e+06,2020-05-17 00:00:00
3.16,1.7092e+06,36330.8,диетическое,2020,Кировская область,3.96905e+06,6.40034e+06,2020-05-10 00:00:00
3.12,2.26549e+06,58510.1,диетическое,2020,Кировская область,3.5208e+06,6.55873e+06,2020-05-03 00:00:00
3.32,1.24842e+06,73076.9,диетическое,2020,Кировская область,3.63768e+06,5.57898e+06,2020-04-26 00:00:00
3.28,1.1835e+06,114924,диетическое,2020,Кировская область,3.65728e+06,5.59389e+06,2020-04-19 00:00:00
3.2,1.38567e+06,102729,диетическое,2020,Кировская область,3.85119e+06,5.93007e+06,2020-04-12 00:00:00
3.32,1.85695e+06,104285,диетическое,2020,Кировская область,3.67664e+06,6.36873e+06,2020-04-05 00:00:00
3.28,1.83637e+06,89374.2,диетическое,2020,Кировская область,3.09105e+06,5.71302e+06,2020-03-29 00:00:00
3.04,1.47671e+06,81039.5,диетическое,2020,Кировская область,3.78538e+06,6.00882e+06,2020-03-22 00:00:00
3.16,1.64422e+06,115290,диетическое,2020,Кировская область,3.29088e+06,5.70376e+06,2020-03-15 00:00:00
3.2,1.85597e+06,79560,диетическое,2020,Кировская область,3.21594e+06,5.865e+06,2020-03-08 00:00:00
3.48,1.62979e+06,90167.6,диетическое,2020,Кировская область,2.94493e+06,5.31443e+06,2020-03-01 00:00:00
3.4,1.40814e+06,81708.3,диетическое,2020,Кировская область,3.07773e+06,5.20827e+06,2020-02-22 00:00:00
3.2,1.42156e+06,93962,диетическое,2020,Кировская область,3.047e+06,5.20497e+06,2020-02-15 00:00:00
2.92,1.9274e+06,75885.1,диетическое,2020,Кировская область,3.32343e+06,5.90023e+06,2020-02-08 00:00:00
2.84,2.34898e+06,161845,диетическое,2020,Кировская область,3.77694e+06,6.93436e+06,2020-02-01 00:00:00
3.24,1.29884e+06,68870.7,диетическое,2020,Кировская область,3.20553e+06,5.14226e+06,2020-01-25 00:00:00
3.16,1.78205e+06,146481,диетическое,2020,Кировская область,2.83936e+06,5.32263e+06,2020-01-18 00:00:00
3.2,1.71717e+06,88373.8,диетическое,2020,Кировская область,2.97337e+06,5.40973e+06,2020-01-11 00:00:00
3.08,1.75514e+06,73432.9,диетическое,2020,Кировская область,2.74501e+06,5.14427e+06,2020-01-04 00:00:00
3.92,275823,13994.5,диетическое,2020,Нижегородская область,2.04575e+06,3.02496e+06,2020-12-27 00:00:00
4.48,211596,10520.4,диетическое,2020,Нижегородская область,1.44914e+06,2.20631e+06,2020-12-20 00:00:00
3.84,303892,12361.4,диетическое,2020,Нижегородская область,2.1276e+06,3.04259e+06,2020-12-13 00:00:00
4.52,248205,15672.9,диетическое,2020,Нижегородская область,1.52019e+06,2.20555e+06,2020-12-06 00:00:00
3.88,273706,12260.8,диетическое,2020,Нижегородская область,1.79711e+06,2.61583e+06,2020-11-29 00:00:00
3.92,285066,13736.9,диетическое,2020,Нижегородская область,1.7995e+06,2.66755e+06,2020-11-22 00:00:00
4.64,294620,20815.3,диетическое,2020,Нижегородская область,1.4552e+06,2.24269e+06,2020-11-15 00:00:00
4.64,298082,25683,диетическое,2020,Нижегородская область,1.42032e+06,2.19776e+06,2020-11-08 00:00:00
3.92,472311,31277.4,диетическое,2020,Нижегородская область,2.05875e+06,3.22705e+06,2020-11-01 00:00:00
4.64,393459,28828.1,диетическое,2020,Нижегородская область,1.27866e+06,2.21172e+06,2020-10-25 00:00:00
4.6,426237,28371.9,диетическое,2020,Нижегородская область,1.27419e+06,2.27464e+06,2020-10-18 00:00:00
3.88,579737,34930.6,диетическое,2020,Нижегородская область,1.81014e+06,3.17982e+06,2020-10-11 00:00:00
3.92,591640,25995.3,диетическое,2020,Нижегородская область,1.9099e+06,3.25966e+06,2020-10-04 00:00:00
4.68,519007,33834.4,диетическое,2020,Нижегородская область,1.26645e+06,2.31406e+06,2020-09-27 00:00:00
3.84,663554,27931.9,диетическое,2020,Нижегородская область,2.00038e+06,3.49641e+06,2020-09-20 00:00:00
4.6,534413,26776.4,диетическое,2020,Нижегородская область,1.31728e+06,2.48665e+06,2020-09-13 00:00:00
3.88,650270,43507.3,диетическое,2020,Нижегородская область,2.17532e+06,3.75071e+06,2020-09-06 00:00:00
4.76,464252,31618.8,диетическое,2020,Нижегородская область,1.4228e+06,2.54463e+06,2020-08-30 00:00:00
4.64,477976,35514.8,диетическое,2020,Нижегородская область,1.42308e+06,2.58071e+06,2020-08-23 00:00:00
4.64,431016,55158.3,диетическое,2020,Нижегородская область,1.61521e+06,2.76639e+06,2020-08-16 00:00:00
4.0,498991,79631.9,диетическое,2020,Нижегородская область,2.43027e+06,3.80485e+06,2020-08-09 00:00:00
4.72,430134,81144.7,диетическое,2020,Нижегородская область,1.53927e+06,2.67463e+06,2020-08-02 00:00:00
4.6,424561,78530.5,диетическое,2020,Нижегородская область,1.61566e+06,2.74295e+06,2020-07-26 00:00:00
3.96,515359,77561.4,диетическое,2020,Нижегородская область,2.50773e+06,3.81095e+06,2020-07-19 00:00:00
4.68,467849,72897.7,диетическое,2020,Нижегородская область,1.57824e+06,2.74875e+06,2020-07-12 00:00:00
3.96,592279,97111.6,диетическое,2020,Нижегородская область,2.7136e+06,4.29528e+06,2020-07-05 00:00:00
4.56,464034,59679.5,диетическое,2020,Нижегородская область,1.72163e+06,3.02605e+06,2020-06-28 00:00:00
3.88,462243,62634.6,диетическое,2020,Нижегородская область,2.60262e+06,4.01938e+06,2020-06-21 00:00:00
4.6,315079,46585.6,диетическое,2020,Нижегородская область,1.91074e+06,3.02183e+06,2020-06-14 00:00:00
3.96,294520,26236.5,диетическое,2020,Нижегородская область,2.86282e+06,4.00312e+06,2020-06-07 00:00:00
4.68,206982,25671.1,диетическое,2020,Нижегородская область,2.04888e+06,2.88451e+06,2020-05-31 00:00:00
4.0,311177,30510.2,диетическое,2020,Нижегородская область,3.20953e+06,4.29851e+06,2020-05-24 00:00:00
4.6,211868,26127.7,диетическое,2020,Нижегородская область,2.09827e+06,2.93617e+06,2020-05-17 00:00:00
4.68,212422,24440.6,диетическое,2020,Нижегородская область,2.16778e+06,2.96378e+06,2020-05-10 00:00:00
3.88,383804,40064.1,диетическое,2020,Нижегородская область,3.68228e+06,4.98627e+06,2020-05-03 00:00:00
4.64,220781,23844.7,диетическое,2020,Нижегородская область,2.17019e+06,3.01123e+06,2020-04-26 00:00:00
4.56,214218,23685,диетическое,2020,Нижегородская область,2.01444e+06,2.85716e+06,2020-04-19 00:00:00
4.0,292733,23471.1,диетическое,2020,Нижегородская область,2.80118e+06,3.7815e+06,2020-04-12 00:00:00
4.32,252738,26137.3,диетическое,2020,Нижегородская область,2.25767e+06,3.14046e+06,2020-04-05 00:00:00
4.64,205041,23224.7,диетическое,2020,Нижегородская область,1.80428e+06,2.55893e+06,2020-03-29 00:00:00
3.92,299770,21570.5,диетическое,2020,Нижегородская область,2.82371e+06,3.86745e+06,2020-03-22 00:00:00
4.84,211823,25792.7,диетическое,2020,Нижегородская область,1.86522e+06,2.60234e+06,2020-03-15 00:00:00
4.72,199318,20683.8,диетическое,2020,Нижегородская область,1.894e+06,2.64258e+06,2020-03-08 00:00:00
4.04,281503,19429.7,диетическое,2020,Нижегородская область,2.68207e+06,3.63317e+06,2020-03-01 00:00:00
4.44,236520,34466.5,диетическое,2020,Нижегородская область,1.96071e+06,2.7962e+06,2020-02-22 00:00:00
4.64,219337,21706,диетическое,2020,Нижегородская область,1.82056e+06,2.55856e+06,2020-02-15 00:00:00
4.44,226040,18310,диетическое,2020,Нижегородская область,1.87166e+06,2.57397e+06,2020-02-08 00:00:00
3.72,451195,40258.8,диетическое,2020,Нижегородская область,3.65634e+06,4.92405e+06,2020-02-01 00:00:00
4.6,266024,18600.9,диетическое,2020,Нижегородская область,1.99098e+06,2.778e+06,2020-01-25 00:00:00
4.76,273696,22004.3,диетическое,2020,Нижегородская область,1.81585e+06,2.59578e+06,2020-01-18 00:00:00
4.72,269027,21918.5,диетическое,2020,Нижегородская область,1.66701e+06,2.4333e+06,2020-01-11 00:00:00
3.92,320374,18938.4,диетическое,2020,Нижегородская область,2.29607e+06,3.20411e+06,2020-01-04 00:00:00
4.4,25206.8,23.89,диетическое,2020,Пензенская область,50481.8,152121,2020-12-27 00:00:00
4.52,23867.6,40.52,диетическое,2020,Пензенская область,40333.1,135428,2020-12-20 00:00:00
3.96,24481.1,71.71,диетическое,2020,Пензенская область,64673.1,166084,2020-12-13 00:00:00
4.36,25222.9,27.18,диетическое,2020,Пензенская область,60481.9,147544,2020-12-06 00:00:00
4.64,26526,115.21,диетическое,2020,Пензенская область,38130.4,129475,2020-11-29 00:00:00
4.6,27004,23.45,диетическое,2020,Пензенская область,40115.7,134989,2020-11-22 00:00:00
4.28,28500,14.91,диетическое,2020,Пензенская область,62810.9,160186,2020-11-15 00:00:00
4.72,29529.6,25.08,диетическое,2020,Пензенская область,54277.8,148031,2020-11-08 00:00:00
4.84,34559.3,43.44,диетическое,2020,Пензенская область,49010.7,152077,2020-11-01 00:00:00
4.84,37039.7,37.92,диетическое,2020,Пензенская область,52371.3,151268,2020-10-25 00:00:00
5.04,34898.4,25.38,диетическое,2020,Пензенская область,53413.7,143944,2020-10-18 00:00:00
4.6,25627.4,28.01,диетическое,2020,Пензенская область,77647.9,159011,2020-10-11 00:00:00
4.92,36643.1,51.42,диетическое,2020,Пензенская область,64603.3,151219,2020-10-04 00:00:00
4.48,34231.9,62.01,диетическое,2020,Пензенская область,99021.2,175958,2020-09-27 00:00:00
4.96,37269.9,58.84,диетическое,2020,Пензенская область,77969,165255,2020-09-20 00:00:00
4.6,33405.7,227.53,диетическое,2020,Пензенская область,108859,200118,2020-09-13 00:00:00
5.2,36576.7,71.5,диетическое,2020,Пензенская область,85673.9,180706,2020-09-06 00:00:00
5.28,34386.8,16.21,диетическое,2020,Пензенская область,74751.6,164717,2020-08-30 00:00:00
4.44,35104.1,33.19,диетическое,2020,Пензенская область,111101,202862,2020-08-23 00:00:00
3.52,44789.2,101.82,диетическое,2020,Пензенская область,186669,290906,2020-08-16 00:00:00
4.6,47874.5,230.92,диетическое,2020,Пензенская область,92511.6,200795,2020-08-09 00:00:00
5.04,43745.9,4,диетическое,2020,Пензенская область,79291.9,184501,2020-08-02 00:00:00
4.24,38710.2,21.88,диетическое,2020,Пензенская область,120125,216993,2020-07-26 00:00:00
4.8,41712.5,56.2,диетическое,2020,Пензенская область,99044.5,204465,2020-07-19 00:00:00
4.52,44204.2,232.99,диетическое,2020,Пензенская область,132490,233580,2020-07-12 00:00:00
5.28,57668.7,23.52,диетическое,2020,Пензенская область,97253.4,224902,2020-07-05 00:00:00
4.68,40137.3,54.82,диетическое,2020,Пензенская область,107631,217234,2020-06-28 00:00:00
5.04,38461.4,51.04,диетическое,2020,Пензенская область,84699.7,198137,2020-06-21 00:00:00
5.12,41782.6,102.06,диетическое,2020,Пензенская область,87726.2,203247,2020-06-14 00:00:00
5.2,38450.2,41.86,диетическое,2020,Пензенская область,92964.5,194668,2020-06-07 00:00:00
4.64,38945.3,8.73,диетическое,2020,Пензенская область,147105,247196,2020-05-31 00:00:00
4.72,38773,9,диетическое,2020,Пензенская область,135166,236189,2020-05-24 00:00:00
5.28,37553.1,37.3,диетическое,2020,Пензенская область,96530.9,186936,2020-05-17 00:00:00
5.0,33051,42.85,диетическое,2020,Пензенская область,125846,218563,2020-05-10 00:00:00
4.36,36252.7,32.39,диетическое,2020,Пензенская область,190986,275081,2020-05-03 00:00:00
5.48,42320.5,15.07,диетическое,2020,Пензенская область,86968,178200,2020-04-26 00:00:00
5.36,38169.3,33.73,диетическое,2020,Пензенская область,101449,184980,2020-04-19 00:00:00
4.84,37441.8,144.84,диетическое,2020,Пензенская область,138215,214125,2020-04-12 00:00:00
5.44,34544.7,67.97,диетическое,2020,Пензенская область,77971,159462,2020-04-05 00:00:00
4.84,39575,56.26,диетическое,2020,Пензенская область,111922,198396,2020-03-29 00:00:00
5.36,37696.3,39.92,диетическое,2020,Пензенская область,77997.9,163325,2020-03-22 00:00:00
5.32,36549.1,69.74,диетическое,2020,Пензенская область,70836.3,157799,2020-03-15 00:00:00
5.44,31856.7,48.39,диетическое,2020,Пензенская область,73956.9,147526,2020-03-08 00:00:00
4.96,39403.6,100.73,диетическое,2020,Пензенская область,93746.9,179277,2020-03-01 00:00:00
5.28,36667.6,58.03,диетическое,2020,Пензенская область,75717.4,156113,2020-02-22 00:00:00
4.92,33530.4,41.17,диетическое,2020,Пензенская область,88022.5,169119,2020-02-15 00:00:00
4.36,31995.6,48.87,диетическое,2020,Пензенская область,140792,214719,2020-02-08 00:00:00
4.4,48651.4,59.1,диетическое,2020,Пензенская область,209893,308372,2020-02-01 00:00:00
4.68,31381.5,42.62,диетическое,2020,Пензенская область,99020.8,176820,2020-01-25 00:00:00
5.12,50701.6,145.35,диетическое,2020,Пензенская область,78725,170591,2020-01-18 00:00:00
5.16,41050.4,62.72,диетическое,2020,Пензенская область,79292.6,164918,2020-01-11 00:00:00
4.6,34555.7,53.54,диетическое,2020,Пензенская область,125714,198735,2020-01-04 00:00:00
