data/chicken_eggs.csv
AveragePrice,С2,С3,type,year,region,С1,Total Volume,Date
3.88,35652.1,56.54,диетическое,2020,Самарская область,246327,376188,2020-12-27 00:00:00
4.6,23810.8,33.84,диетическое,2020,Самарская область,146377,238951,2020-12-20 00:00:00
3.84,40944.2,52.15,диетическое,2020,Самарская область,242294,365644,2020-12-13 00:00:00
4.68,29926,43.83,диетическое,2020,Самарская область,145404,227131,2020-12-06 00:00:00
3.84,41026.9,18.37,диетическое,2020,Самарская область,213390,330061,2020-11-29 00:00:00
3.88,39338.2,57.68,диетическое,2020,Самарская область,194667,311785,2020-11-22 00:00:00
4.88,32425.9,51.52,диетическое,2020,Самарская область,138483,236179,2020-11-15 00:00:00
4.84,33351.7,40.46,диетическое,2020,Самарская область,135742,228585,2020-11-08 00:00:00
3.88,72749.4,100.62,диетическое,2020,Самарская область,228324,391514,2020-11-01 00:00:00
4.48,51940.1,43.18,диетическое,2020,Самарская область,109049,234024,2020-10-25 00:00:00
4.44,54378.1,42.22,диетическое,2020,Самарская область,112096,256610,2020-10-18 00:00:00
3.52,90767.3,80.58,диетическое,2020,Самарская область,175546,402228,2020-10-11 00:00:00
3.56,92366.7,106.53,диетическое,2020,Самарская область,184070,413840,2020-10-04 00:00:00
4.52,70565.1,99.97,диетическое,2020,Самарская область,99077.6,252128,2020-09-27 00:00:00
3.52,104345,88,диетическое,2020,Самарская область,186844,432962,2020-09-20 00:00:00
4.4,69978.4,102.06,диетическое,2020,Самарская область,97653.7,257375,2020-09-13 00:00:00
3.64,94841.9,63.26,диетическое,2020,Самарская область,205189,436529,2020-09-06 00:00:00
4.8,53665.7,149.12,диетическое,2020,Самарская область,126061,262575,2020-08-30 00:00:00
4.68,54874,66.95,диетическое,2020,Самарская область,126817,264170,2020-08-23 00:00:00
4.68,50157.8,66.42,диетическое,2020,Самарская область,139923,283648,2020-08-16 00:00:00
3.88,58043.8,161.33,диетическое,2020,Самарская область,257930,427229,2020-08-09 00:00:00
4.72,50642.1,170.4,диетическое,2020,Самарская область,139951,274424,2020-08-02 00:00:00
4.64,48153.3,115.96,диетическое,2020,Самарская область,133615,265368,2020-07-26 00:00:00
3.88,61716,138.6,диетическое,2020,Самарская область,258973,421574,2020-07-19 00:00:00
4.68,54927.8,100.6,диетическое,2020,Самарская область,149510,289138,2020-07-12 00:00:00
3.8,71003.6,163.96,диетическое,2020,Самарская область,282433,482089,2020-07-05 00:00:00
4.44,56095.2,108.06,диетическое,2020,Самарская область,157030,325434,2020-06-28 00:00:00
3.8,58036.5,773.09,диетическое,2020,Самарская область,262822,438582,2020-06-21 00:00:00
4.68,39330.6,2087.35,диетическое,2020,Самарская область,152836,294964,2020-06-14 00:00:00
3.88,35164.5,467.96,диетическое,2020,Самарская область,295793,433152,2020-06-07 00:00:00
4.88,18121.9,203.98,диетическое,2020,Самарская область,181641,273610,2020-05-31 00:00:00
3.96,30794.8,279.94,диетическое,2020,Самарская область,331416,460041,2020-05-24 00:00:00
4.72,18249.9,79.99,диетическое,2020,Самарская область,182282,275260,2020-05-17 00:00:00
4.84,20278.4,88.47,диетическое,2020,Самарская область,197831,287069,2020-05-10 00:00:00
3.88,37800.6,164.47,диетическое,2020,Самарская область,401969,558113,2020-05-03 00:00:00
4.76,19757.3,118.14,диетическое,2020,Самарская область,203078,304136,2020-04-26 00:00:00
4.64,19553.1,138.42,диетическое,2020,Самарская область,182582,280465,2020-04-19 00:00:00
3.96,30735.8,170.44,диетическое,2020,Самарская область,304623,425033,2020-04-12 00:00:00
4.36,26336.3,193.86,диетическое,2020,Самарская область,242308,354134,2020-04-05 00:00:00
4.8,18562,94.15,диетическое,2020,Самарская область,169276,254521,2020-03-29 00:00:00
3.88,32912.3,105.17,диетическое,2020,Самарская область,310473,440107,2020-03-22 00:00:00
5.0,19983.4,62.96,диетическое,2020,Самарская область,173100,257173,2020-03-15 00:00:00
4.88,19097.3,68.37,диетическое,2020,Самарская область,166384,259318,2020-03-08 00:00:00
4.0,27867.2,38.19,диетическое,2020,Самарская область,258084,373462,2020-03-01 00:00:00
4.48,22043.4,39.19,диетическое,2020,Самарская область,167596,268415,2020-02-22 00:00:00
4.84,20647,56.4,диетическое,2020,Самарская область,154112,242479,2020-02-15 00:00:00
4.76,21932.3,59,диетическое,2020,Самарская область,155194,236434,2020-02-08 00:00:00
3.68,53180.3,79.96,диетическое,2020,Самарская область,392037,562243,2020-02-01 00:00:00
4.84,30244.5,40.52,диетическое,2020,Самарская область,161291,260471,2020-01-25 00:00:00
5.08,33674.1,37.38,диетическое,2020,Самарская область,132143,228921,2020-01-18 00:00:00
4.96,36017.9,56.25,диетическое,2020,Самарская область,142238,235231,2020-01-11 00:00:00
3.88,37517.5,53.15,диетическое,2020,Самарская область,226347,339909,2020-01-04 00:00:00
3.8,1.01979e+07,1.18434e+06,диетическое,2020,Саратовская область,9.6269e+06,2.7298e+07,2020-12-27 00:00:00
3.92,9.32986e+06,1.20102e+06,диетическое,2020,Саратовская область,8.71002e+06,2.50836e+07,2020-12-20 00:00:00
3.72,1.08058e+07,1.01616e+06,диетическое,2020,Саратовская область,9.85505e+06,2.80413e+07,2020-12-13 00:00:00
3.56,1.21608e+07,931831,диетическое,2020,Саратовская область,9.40546e+06,2.88004e+07,2020-12-06 00:00:00
3.96,9.00318e+06,731008,диетическое,2020,Саратовская область,8.0948e+06,2.2618e+07,2020-11-29 00:00:00
3.84,1.03899e+07,804663,диетическое,2020,Саратовская область,8.57185e+06,2.51142e+07,2020-11-22 00:00:00
3.68,1.16998e+07,815642,диетическое,2020,Саратовская область,9.90798e+06,2.85978e+07,2020-11-15 00:00:00
3.88,1.21997e+07,1.14321e+06,диетическое,2020,Саратовская область,9.99133e+06,2.84857e+07,2020-11-08 00:00:00
3.88,1.42293e+07,1.41093e+06,диетическое,2020,Саратовская область,1.01387e+07,3.10475e+07,2020-11-01 00:00:00
4.16,1.14105e+07,1.18812e+06,диетическое,2020,Саратовская область,8.68396e+06,2.62401e+07,2020-10-25 00:00:00
3.96,1.40825e+07,1.22025e+06,диетическое,2020,Саратовская область,9.16209e+06,2.93751e+07,2020-10-18 00:00:00
4.0,1.33266e+07,1.61428e+06,диетическое,2020,Саратовская область,8.82834e+06,2.92162e+07,2020-10-11 00:00:00
4.08,1.37757e+07,1.20905e+06,диетическое,2020,Саратовская область,8.35362e+06,2.82435e+07,2020-10-04 00:00:00
4.12,1.38199e+07,1.06198e+06,диетическое,2020,Саратовская область,8.45421e+06,2.77535e+07,2020-09-27 00:00:00
4.08,1.3846e+07,1.11241e+06,диетическое,2020,Саратовская область,9.42228e+06,2.95691e+07,2020-09-20 00:00:00
4.12,1.48881e+07,1.11899e+06,диетическое,2020,Саратовская область,9.87502e+06,3.12458e+07,2020-09-13 00:00:00
4.08,1.42456e+07,1.12977e+06,диетическое,2020,Саратовская область,1.25693e+07,3.35265e+07,2020-09-06 00:00:00
4.28,1.1996e+07,1.06035e+06,диетическое,2020,Саратовская область,1.1651e+07,2.97616e+07,2020-08-30 00:00:00
4.32,1.25515e+07,909284,диетическое,2020,Саратовская область,1.1283e+07,2.96998e+07,2020-08-23 00:00:00
4.2,1.29983e+07,1.14336e+06,диетическое,2020,Саратовская область,1.26803e+07,3.19369e+07,2020-08-16 00:00:00
4.2,1.39267e+07,1.01452e+06,диетическое,2020,Саратовская область,1.30034e+07,3.32549e+07,2020-08-09 00:00:00
4.36,1.2219e+07,984703,диетическое,2020,Саратовская область,1.21152e+07,3.03585e+07,2020-08-02 00:00:00
4.28,1.20092e+07,1.01716e+06,диетическое,2020,Саратовская область,1.21962e+07,3.06522e+07,2020-07-26 00:00:00
4.28,1.26055e+07,1.1549e+06,диетическое,2020,Саратовская область,1.27428e+07,3.23246e+07,2020-07-19 00:00:00
4.28,1.24034e+07,980362,диетическое,2020,Саратовская область,1.23844e+07,3.166e+07,2020-07-12 00:00:00
4.16,1.42137e+07,1.34247e+06,диетическое,2020,Саратовская область,1.56439e+07,3.79437e+07,2020-07-05 00:00:00
4.24,1.1506e+07,1.04583e+06,диетическое,2020,Саратовская область,1.32996e+07,3.24087e+07,2020-06-28 00:00:00
4.08,1.32445e+07,1.32642e+06,диетическое,2020,Саратовская область,1.46996e+07,3.57346e+07,2020-06-21 00:00:00
3.92,1.2821e+07,1.08508e+06,диетическое,2020,Саратовская область,1.63837e+07,3.70261e+07,2020-06-14 00:00:00
4.0,1.25823e+07,1.14472e+06,диетическое,2020,Саратовская область,1.65298e+07,3.655e+07,2020-06-07 00:00:00
4.12,1.15996e+07,903908,диетическое,2020,Саратовская область,1.55036e+07,3.37202e+07,2020-05-31 00:00:00
4.16,1.25138e+07,899780,диетическое,2020,Саратовская область,1.60001e+07,3.53442e+07,2020-05-24 00:00:00
4.24,1.10033e+07,963550,диетическое,2020,Саратовская область,1.46159e+07,3.20277e+07,2020-05-17 00:00:00
4.08,1.35091e+07,858145,диетическое,2020,Саратовская область,1.62153e+07,3.64009e+07,2020-05-10 00:00:00
3.84,1.66026e+07,1.11833e+06,диетическое,2020,Саратовская область,1.77876e+07,4.12917e+07,2020-05-03 00:00:00
4.28,1.08674e+07,889732,диетическое,2020,Саратовская область,1.38337e+07,3.08942e+07,2020-04-26 00:00:00
4.12,1.22779e+07,1.01663e+06,диетическое,2020,Саратовская область,1.42513e+07,3.30913e+07,2020-04-19 00:00:00
4.08,1.12105e+07,807942,диетическое,2020,Саратовская область,1.47934e+07,3.20464e+07,2020-04-12 00:00:00
4.24,1.1527e+07,871981,диетическое,2020,Саратовская область,1.3939e+07,3.15007e+07,2020-04-05 00:00:00
4.16,1.1541e+07,811273,диетическое,2020,Саратовская область,1.25246e+07,2.99826e+07,2020-03-29 00:00:00
4.04,1.26598e+07,1.06639e+06,диетическое,2020,Саратовская область,1.36974e+07,3.25136e+07,2020-03-22 00:00:00
4.16,1.06341e+07,871575,диетическое,2020,Саратовская область,1.315e+07,2.95722e+07,2020-03-15 00:00:00
4.08,1.0974e+07,834009,диетическое,2020,Саратовская область,1.30138e+07,3.00947e+07,2020-03-08 00:00:00
3.88,1.37331e+07,1.07058e+06,диетическое,2020,Саратовская область,1.32822e+07,3.2994e+07,2020-03-01 00:00:00
4.08,1.13543e+07,937139,диетическое,2020,Саратовская область,1.26286e+07,2.99367e+07,2020-02-22 00:00:00
4.12,9.78349e+06,845654,диетическое,2020,Саратовская область,1.26266e+07,2.80125e+07,2020-02-15 00:00:00
3.8,1.33813e+07,737939,диетическое,2020,Саратовская область,1.33082e+07,3.21373e+07,2020-02-08 00:00:00
3.56,1.89565e+07,1.38152e+06,диетическое,2020,Саратовская область,1.8933e+07,4.46555e+07,2020-02-01 00:00:00
4.16,1.07347e+07,768020,диетическое,2020,Саратовская область,1.21674e+07,2.84703e+07,2020-01-25 00:00:00
4.12,1.17019e+07,831302,диетическое,2020,Саратовская область,1.18581e+07,2.90435e+07,2020-01-18 00:00:00
4.04,1.21348e+07,866575,диетическое,2020,Саратовская область,1.15448e+07,2.90635e+07,2020-01-11 00:00:00
3.8,1.36241e+07,844093,диетическое,2020,Саратовская область,1.23572e+07,3.13243e+07,2020-01-04 00:00:00
