data/chicken_eggs.csv
AveragePrice,С2,С3,type,year,region,С1,Total Volume,Date
3.32,1.7176e+06,125255,диетическое,2020,Ульяновская область,2.03844e+06,5.29198e+06,2020-12-27 00:00:00
3.52,1.31471e+06,130850,диетическое,2020,Ульяновская область,2.01733e+06,4.73765e+06,2020-12-20 00:00:00
3.4,1.59633e+06,134102,диетическое,2020,Ульяновская область,1.799e+06,4.89944e+06,2020-12-13 00:00:00
3.0,2.05139e+06,107568,диетическое,2020,Ульяновская область,2.09772e+06,6.20251e+06,2020-12-06 00:00:00
3.96,1.21681e+06,104220,диетическое,2020,Ульяновская область,1.46186e+06,3.7196e+06,2020-11-29 00:00:00
3.68,1.58834e+06,118171,диетическое,2020,Ульяновская область,1.54901e+06,4.48199e+06,2020-11-22 00:00:00
3.32,2.06044e+06,122763,диетическое,2020,Ульяновская область,1.99685e+06,5.97249e+06,2020-11-15 00:00:00
3.52,1.66842e+06,107754,диетическое,2020,Ульяновская область,2.20434e+06,5.09484e+06,2020-11-08 00:00:00
3.6,1.93748e+06,132884,диетическое,2020,Ульяновская область,1.81507e+06,5.02486e+06,2020-11-01 00:00:00
3.8,1.99084e+06,134573,диетическое,2020,Ульяновская область,1.57434e+06,4.94584e+06,2020-10-25 00:00:00
3.56,2.17079e+06,110349,диетическое,2020,Ульяновская область,2.01289e+06,5.41353e+06,2020-10-18 00:00:00
3.64,2.71436e+06,178042,диетическое,2020,Ульяновская область,1.28797e+06,5.53445e+06,2020-10-11 00:00:00
4.0,2.37844e+06,179192,диетическое,2020,Ульяновская область,1.36945e+06,4.89549e+06,2020-10-04 00:00:00
3.88,2.11603e+06,98925.8,диетическое,2020,Ульяновская область,1.60197e+06,4.79287e+06,2020-09-27 00:00:00
3.68,2.82588e+06,124208,диетическое,2020,Ульяновская область,1.55216e+06,5.59609e+06,2020-09-20 00:00:00
3.68,2.31743e+06,136996,диетическое,2020,Ульяновская область,2.19437e+06,5.81126e+06,2020-09-13 00:00:00
3.72,2.08623e+06,124723,диетическое,2020,Ульяновская область,2.68294e+06,5.90075e+06,2020-09-06 00:00:00
4.12,1.98606e+06,124658,диетическое,2020,Ульяновская область,2.16351e+06,5.13826e+06,2020-08-30 00:00:00
4.16,2.05471e+06,107787,диетическое,2020,Ульяновская область,2.16013e+06,5.19758e+06,2020-08-23 00:00:00
3.92,2.0276e+06,123335,диетическое,2020,Ульяновская область,2.64093e+06,5.71814e+06,2020-08-16 00:00:00
4.04,2.06885e+06,135408,диетическое,2020,Ульяновская область,2.36853e+06,5.53149e+06,2020-08-09 00:00:00
4.08,1.96285e+06,120435,диетическое,2020,Ульяновская область,2.47012e+06,5.45104e+06,2020-08-02 00:00:00
4.28,1.77614e+06,146113,диетическое,2020,Ульяновская область,2.29311e+06,5.12659e+06,2020-07-26 00:00:00
4.16,2.06594e+06,113524,диетическое,2020,Ульяновская область,2.33724e+06,5.5253e+06,2020-07-19 00:00:00
4.04,1.95044e+06,133097,диетическое,2020,Ульяновская область,2.68841e+06,5.79151e+06,2020-07-12 00:00:00
3.92,2.30491e+06,155863,диетическое,2020,Ульяновская область,3.32864e+06,6.74908e+06,2020-07-05 00:00:00
4.12,1.90783e+06,123262,диетическое,2020,Ульяновская область,2.6862e+06,5.61775e+06,2020-06-28 00:00:00
3.72,2.29996e+06,138621,диетическое,2020,Ульяновская область,3.06275e+06,6.47895e+06,2020-06-21 00:00:00
3.68,2.416e+06,112965,диетическое,2020,Ульяновская область,3.23926e+06,6.76e+06,2020-06-14 00:00:00
3.68,2.14507e+06,119830,диетическое,2020,Ульяновская область,3.45159e+06,6.66922e+06,2020-06-07 00:00:00
3.72,1.83574e+06,129139,диетическое,2020,Ульяновская область,3.09413e+06,5.87498e+06,2020-05-31 00:00:00
3.72,2.03666e+06,120399,диетическое,2020,Ульяновская область,3.20625e+06,6.13916e+06,2020-05-24 00:00:00
3.92,1.65456e+06,108561,диетическое,2020,Ульяновская область,2.7862e+06,5.33899e+06,2020-05-17 00:00:00
3.76,2.26089e+06,115291,диетическое,2020,Ульяновская область,3.05001e+06,6.32372e+06,2020-05-10 00:00:00
3.56,2.91708e+06,104932,диетическое,2020,Ульяновская область,3.11594e+06,6.9371e+06,2020-05-03 00:00:00
3.6,2.02175e+06,79259,диетическое,2020,Ульяновская область,3.16335e+06,6.01331e+06,2020-04-26 00:00:00
3.52,2.55727e+06,87250.8,диетическое,2020,Ульяновская область,3.11869e+06,6.61242e+06,2020-04-19 00:00:00
3.92,2.26786e+06,103111,диетическое,2020,Ульяновская область,2.56187e+06,5.60947e+06,2020-04-12 00:00:00
3.8,2.02252e+06,93055.2,диетическое,2020,Ульяновская область,3.13203e+06,5.92972e+06,2020-04-05 00:00:00
3.72,2.01238e+06,89701.3,диетическое,2020,Ульяновская область,2.97853e+06,5.7199e+06,2020-03-29 00:00:00
3.96,2.1637e+06,101626,диетическое,2020,Ульяновская область,2.51145e+06,5.36833e+06,2020-03-22 00:00:00
3.76,1.82987e+06,85831.2,диетическое,2020,Ульяновская область,3.0341e+06,5.57258e+06,2020-03-15 00:00:00
3.96,2.12011e+06,98093,диетическое,2020,Ульяновская область,2.54141e+06,5.38269e+06,2020-03-08 00:00:00
3.8,2.82286e+06,110088,диетическое,2020,Ульяновская область,2.22145e+06,5.84074e+06,2020-03-01 00:00:00
3.8,2.65099e+06,79181.9,диетическое,2020,Ульяновская область,2.44485e+06,5.9394e+06,2020-02-22 00:00:00
3.92,1.84072e+06,91125.4,диетическое,2020,Ульяновская область,2.48327e+06,5.02669e+06,2020-02-15 00:00:00
3.56,2.41882e+06,76305.4,диетическое,2020,Ульяновская область,2.74912e+06,5.94985e+06,2020-02-08 00:00:00
3.36,3.87267e+06,80893.5,диетическое,2020,Ульяновская область,3.53135e+06,8.3625e+06,2020-02-01 00:00:00
3.76,2.03194e+06,71550.6,диетическое,2020,Ульяновская область,2.69516e+06,5.46131e+06,2020-01-25 00:00:00
3.84,2.25807e+06,76348.1,диетическое,2020,Ульяновская область,2.43174e+06,5.47536e+06,2020-01-18 00:00:00
3.8,2.29276e+06,127412,диетическое,2020,Ульяновская область,2.20311e+06,5.3331e+06,2020-01-11 00:00:00
3.56,2.5823e+06,97024.1,диетическое,2020,Ульяновская область,2.27545e+06,5.79441e+06,2020-01-04 00:00:00
2.84,141599,15487,диетическое,2020,Ульяновская область,451905,776404,2020-12-27 00:00:00
3.32,108176,12953.6,диетическое,2020,Ульяновская область,389111,649886,2020-12-20 00:00:00
3.12,100110,13576.2,диетическое,2020,Ульяновская область,437781,646042,2020-12-13 00:00:00
2.96,133434,21088.1,диетическое,2020,Ульяновская область,398871,623232,2020-12-06 00:00:00
3.24,103636,11463.1,диетическое,2020,Ульяновская область,335447,519028,2020-11-29 00:00:00
3.12,122078,12008.9,диетическое,2020,Ульяновская область,403133,615077,2020-11-22 00:00:00
2.84,155779,12780.7,диетическое,2020,Ульяновская область,483181,732695,2020-11-15 00:00:00
3.04,123746,11968,диетическое,2020,Ульяновская область,445281,661406,2020-11-08 00:00:00
3.2,131577,32802.6,диетическое,2020,Ульяновская область,350882,592116,2020-11-01 00:00:00
3.28,166608,31960,диетическое,2020,Ульяновская область,363487,635874,2020-10-25 00:00:00
3.24,177573,15805.8,диетическое,2020,Ульяновская область,409640,681501,2020-10-18 00:00:00
3.56,258519,31027.3,диетическое,2020,Ульяновская область,268061,638486,2020-10-11 00:00:00
3.4,317701,16662,диетическое,2020,Ульяновская область,240183,649050,2020-10-04 00:00:00
3.16,376233,12988.4,диетическое,2020,Ульяновская область,255898,714977,2020-09-27 00:00:00
3.12,352999,14247.4,диетическое,2020,Ульяновская область,289135,746250,2020-09-20 00:00:00
3.0,330566,26174.7,диетическое,2020,Ульяновская область,341728,829728,2020-09-13 00:00:00
3.2,183612,16170.6,диетическое,2020,Ульяновская область,487551,790421,2020-09-06 00:00:00
3.28,136374,16298.5,диетическое,2020,Ульяновская область,518203,750669,2020-08-30 00:00:00
3.2,100109,13332.2,диетическое,2020,Ульяновская область,535570,740214,2020-08-23 00:00:00
3.08,154806,20866.5,диетическое,2020,Ульяновская область,489077,815639,2020-08-16 00:00:00
2.96,154758,20222.3,диетическое,2020,Ульяновская область,576883,885884,2020-08-09 00:00:00
3.16,94633.4,13662.3,диетическое,2020,Ульяновская область,573107,795372,2020-08-02 00:00:00
3.24,96112,25086.7,диетическое,2020,Ульяновская область,542664,777883,2020-07-26 00:00:00
3.04,101244,16066.6,диетическое,2020,Ульяновская область,552840,803340,2020-07-19 00:00:00
3.08,100149,16185.8,диетическое,2020,Ульяновская область,515150,754672,2020-07-12 00:00:00
3.12,123466,18233.5,диетическое,2020,Ульяновская область,606651,913361,2020-07-05 00:00:00
2.84,108020,13077.9,диетическое,2020,Ульяновская область,670425,941136,2020-06-28 00:00:00
2.96,158997,13455.5,диетическое,2020,Ульяновская область,601318,948943,2020-06-21 00:00:00
2.8,202732,13413,диетическое,2020,Ульяновская область,651121,1.03597e+06,2020-06-14 00:00:00
2.72,152737,12543.4,диетическое,2020,Ульяновская область,750594,1.054e+06,2020-06-07 00:00:00
2.96,124037,25328.6,диетическое,2020,Ульяновская область,626725,887045,2020-05-31 00:00:00
3.0,107964,14654.3,диетическое,2020,Ульяновская область,692901,914967,2020-05-24 00:00:00
2.8,112071,12170.6,диетическое,2020,Ульяновская область,721088,942310,2020-05-17 00:00:00
2.84,128169,13889.8,диетическое,2020,Ульяновская область,774233,1.01916e+06,2020-05-10 00:00:00
2.96,166456,15065,диетическое,2020,Ульяновская область,677576,967144,2020-05-03 00:00:00
2.96,174561,14468.9,диетическое,2020,Ульяновская область,596342,899633,2020-04-26 00:00:00
2.8,154972,16243.5,диетическое,2020,Ульяновская область,687795,961001,2020-04-19 00:00:00
3.04,167106,11290.9,диетическое,2020,Ульяновская область,564694,840315,2020-04-12 00:00:00
3.04,163482,15530,диетическое,2020,Ульяновская область,660962,938881,2020-04-05 00:00:00
2.96,199938,18570.6,диетическое,2020,Ульяновская область,595241,908323,2020-03-29 00:00:00
3.4,157680,14084.2,диетическое,2020,Ульяновская область,489679,752576,2020-03-22 00:00:00
3.0,115090,13114.9,диетическое,2020,Ульяновская область,610496,827795,2020-03-15 00:00:00
2.92,137012,12344.5,диетическое,2020,Ульяновская область,568182,805731,2020-03-08 00:00:00
3.36,167246,28226.2,диетическое,2020,Ульяновская область,439115,723489,2020-03-01 00:00:00
3.4,121269,16470.9,диетическое,2020,Ульяновская область,455087,681410,2020-02-22 00:00:00
3.12,133696,12099.9,диетическое,2020,Ульяновская область,520464,743066,2020-02-15 00:00:00
2.88,175207,13717.6,диетическое,2020,Ульяновская область,539280,811664,2020-02-08 00:00:00
2.84,205181,14107.4,диетическое,2020,Ульяновская область,611270,916367,2020-02-01 00:00:00
3.2,124249,10573.3,диетическое,2020,Ульяновская область,519143,720801,2020-01-25 00:00:00
3.2,128439,12473.1,диетическое,2020,Ульяновская область,516446,729796,2020-01-18 00:00:00
3.68,129717,27944.1,диетическое,2020,Ульяновская область,347126,584897,2020-01-11 00:00:00
3.0,147958,15267.9,диетическое,2020,Ульяновская область,426879,758119,2020-01-04 00:00:00
